
Merging program properties

Removed property 0xc0000002 to merge binaries/ascdate.o (0x3) and binaries/start.o (not found)
Removed property 0xc0000002 to merge binaries/ascdate.o (not found) and binaries/assembly_test.o (0x3)
Removed property 0xc0000002 to merge binaries/ascdate.o (not found) and binaries/bufinit.o (0x3)
Removed property 0xc0000002 to merge binaries/ascdate.o (not found) and binaries/chprio.o (0x3)
Removed property 0xc0000002 to merge binaries/ascdate.o (not found) and binaries/clkhandler.o (0x3)
Removed property 0xc0000002 to merge binaries/ascdate.o (not found) and binaries/clkinit.o (0x3)
Removed property 0xc0000002 to merge binaries/ascdate.o (not found) and binaries/close.o (0x3)
Removed property 0xc0000002 to merge binaries/ascdate.o (not found) and binaries/conf.o (0x3)
Removed property 0xc0000002 to merge binaries/ascdate.o (not found) and binaries/control.o (0x3)
Removed property 0xc0000002 to merge binaries/ascdate.o (not found) and binaries/create.o (0x3)
Removed property 0xc0000002 to merge binaries/ascdate.o (not found) and binaries/evec.o (0x3)
Removed property 0xc0000002 to merge binaries/ascdate.o (not found) and binaries/exit.o (0x3)
Removed property 0xc0000002 to merge binaries/ascdate.o (not found) and binaries/freebuf.o (0x3)
Removed property 0xc0000002 to merge binaries/ascdate.o (not found) and binaries/freemem.o (0x3)
Removed property 0xc0000002 to merge binaries/ascdate.o (not found) and binaries/getbuf.o (0x3)
Removed property 0xc0000002 to merge binaries/ascdate.o (not found) and binaries/getc.o (0x3)
Removed property 0xc0000002 to merge binaries/ascdate.o (not found) and binaries/getdev.o (0x3)
Removed property 0xc0000002 to merge binaries/ascdate.o (not found) and binaries/getitem.o (0x3)
Removed property 0xc0000002 to merge binaries/ascdate.o (not found) and binaries/getmem.o (0x3)
Removed property 0xc0000002 to merge binaries/ascdate.o (not found) and binaries/getpid.o (0x3)
Removed property 0xc0000002 to merge binaries/ascdate.o (not found) and binaries/getprio.o (0x3)
Removed property 0xc0000002 to merge binaries/ascdate.o (not found) and binaries/getstk.o (0x3)
Removed property 0xc0000002 to merge binaries/ascdate.o (not found) and binaries/getticks.o (0x3)
Removed property 0xc0000002 to merge binaries/ascdate.o (not found) and binaries/gettime.o (0x3)
Removed property 0xc0000002 to merge binaries/ascdate.o (not found) and binaries/getutime.o (0x3)
Removed property 0xc0000002 to merge binaries/ascdate.o (not found) and binaries/i386.o (0x3)
Removed property 0xc0000002 to merge binaries/ascdate.o (not found) and binaries/init.o (0x3)
Removed property 0xc0000002 to merge binaries/ascdate.o (not found) and binaries/initialize.o (0x3)
Removed property 0xc0000002 to merge binaries/ascdate.o (not found) and binaries/insert.o (0x3)
Removed property 0xc0000002 to merge binaries/ascdate.o (not found) and binaries/insertd.o (0x3)
Removed property 0xc0000002 to merge binaries/ascdate.o (not found) and binaries/ioerr.o (0x3)
Removed property 0xc0000002 to merge binaries/ascdate.o (not found) and binaries/ionull.o (0x3)
Removed property 0xc0000002 to merge binaries/ascdate.o (not found) and binaries/kill.o (0x3)
Removed property 0xc0000002 to merge binaries/ascdate.o (not found) and binaries/kprintf.o (0x3)
Removed property 0xc0000002 to merge binaries/ascdate.o (not found) and binaries/main.o (0x3)
Removed property 0xc0000002 to merge binaries/ascdate.o (not found) and binaries/mark.o (0x3)
Removed property 0xc0000002 to merge binaries/ascdate.o (not found) and binaries/meminit.o (0x3)
Removed property 0xc0000002 to merge binaries/ascdate.o (not found) and binaries/mkbufpool.o (0x3)
Removed property 0xc0000002 to merge binaries/ascdate.o (not found) and binaries/newqueue.o (0x3)
Removed property 0xc0000002 to merge binaries/ascdate.o (not found) and binaries/open.o (0x3)
Removed property 0xc0000002 to merge binaries/ascdate.o (not found) and binaries/panic.o (0x3)
Removed property 0xc0000002 to merge binaries/ascdate.o (not found) and binaries/pci.o (0x3)
Removed property 0xc0000002 to merge binaries/ascdate.o (not found) and binaries/ptclear.o (0x3)
Removed property 0xc0000002 to merge binaries/ascdate.o (not found) and binaries/ptcount.o (0x3)
Removed property 0xc0000002 to merge binaries/ascdate.o (not found) and binaries/ptcreate.o (0x3)
Removed property 0xc0000002 to merge binaries/ascdate.o (not found) and binaries/ptdelete.o (0x3)
Removed property 0xc0000002 to merge binaries/ascdate.o (not found) and binaries/ptinit.o (0x3)
Removed property 0xc0000002 to merge binaries/ascdate.o (not found) and binaries/ptrecv.o (0x3)
Removed property 0xc0000002 to merge binaries/ascdate.o (not found) and binaries/ptreset.o (0x3)
Removed property 0xc0000002 to merge binaries/ascdate.o (not found) and binaries/ptsend.o (0x3)
Removed property 0xc0000002 to merge binaries/ascdate.o (not found) and binaries/putc.o (0x3)
[...]
Memory Configuration

Name             Origin             Length             Attributes
*default*        0x0000000000000000 0xffffffffffffffff

Linker script and memory map

                0x0000000000100000                physbase = 0x100000
                0x0000000000100000                . = physbase
                0x0000000000100000                . = ALIGN (0x1000)

.text           0x0000000000100000    0x1d000
                0x0000000000100000                text = ABSOLUTE (.)
 *(.text .text.*)
 .text          0x0000000000100000      0x165 binaries/start.o
                0x0000000000100020                entry
                0x000000000010003d                start
                0x00000000001000a5                inb
                0x00000000001000ad                inw
                0x00000000001000b6                inl
                0x00000000001000be                outb
                0x00000000001000c8                outw
                0x00000000001000d3                outl
                0x00000000001000dd                _rtcin
                0x00000000001000e8                ___udivsi3
                0x00000000001000f3                ___divsi3
                0x00000000001000ff                sbzero
                0x000000000010010f                bcopy
                0x0000000000100123                insw
                0x0000000000100139                outsw
                0x000000000010014f                lidt
                0x0000000000100157                jumptocode
                0x000000000010015e                jumptobootcode
 .text          0x0000000000100165      0x408 binaries/ascdate.o
                0x0000000000100165                ascdate
 .text.__x86.get_pc_thunk.cx
                0x000000000010056d        0x4 binaries/ascdate.o
                0x000000000010056d                __x86.get_pc_thunk.cx
 .text          0x0000000000100571       0x46 binaries/assembly_test.o
                0x0000000000100571                assembly_test
 .text.__x86.get_pc_thunk.ax
                0x00000000001005b7        0x4 binaries/assembly_test.o
                0x00000000001005b7                __x86.get_pc_thunk.ax
 .text          0x00000000001005bb       0x24 binaries/bufinit.o
                0x00000000001005bb                bufinit
 .text          0x00000000001005df       0xa6 binaries/chprio.o
                0x00000000001005df                chprio
 .text.__x86.get_pc_thunk.bx
                0x0000000000100685        0x4 binaries/chprio.o
                0x0000000000100685                __x86.get_pc_thunk.bx
 .text          0x0000000000100689       0xdb binaries/clkhandler.o
                0x0000000000100689                clkhandler
 .text          0x0000000000100764       0x99 binaries/clkinit.o
                0x0000000000100764                clkinit
 .text          0x00000000001007fd       0x8a binaries/close.o
                0x00000000001007fd                close
 .text          0x0000000000100887        0x0 binaries/conf.o
 .text          0x0000000000100887       0x90 binaries/control.o
                0x0000000000100887                control
 .text          0x0000000000100917      0x2f5 binaries/create.o
                0x0000000000100917                create
 .text          0x0000000000100c0c      0x3d8 binaries/evec.o
                0x0000000000100c0c                initevec
                0x0000000000100c7c                set_evec
                0x0000000000100d40                trap
 .text          0x0000000000100fe4       0x2d binaries/exit.o
                0x0000000000100fe4                exit
 .text          0x0000000000101011       0xa5 binaries/freebuf.o
                0x0000000000101011                freebuf
 .text          0x00000000001010b6      0x199 binaries/freemem.o
                0x00000000001010b6                freemem
 .text          0x000000000010124f       0xa3 binaries/getbuf.o
                0x000000000010124f                getbuf
 .text          0x00000000001012f2       0x8a binaries/getc.o
                0x00000000001012f2                getc
 .text          0x000000000010137c       0x8a binaries/getdev.o
                0x000000000010137c                getdev
 .text          0x0000000000101406      0x11d binaries/getitem.o
                0x0000000000101406                getfirst
                0x0000000000101460                getlast
                0x00000000001014bc                getitem
 .text.__x86.get_pc_thunk.dx
                0x0000000000101523        0x4 binaries/getitem.o
                0x0000000000101523                __x86.get_pc_thunk.dx
 .text          0x0000000000101527      0x136 binaries/getmem.o
                0x0000000000101527                getmem
 .text          0x000000000010165d       0x1b binaries/getpid.o
                0x000000000010165d                getpid
 .text          0x0000000000101678       0x90 binaries/getprio.o
                0x0000000000101678                getprio
 .text          0x0000000000101708      0x11d binaries/getstk.o
                0x0000000000101708                getstk
 .text          0x0000000000101825       0x24 binaries/getticks.o
                0x0000000000101825                getticks
 .text          0x0000000000101849       0x4e binaries/gettime.o
                0x0000000000101849                gettime
 .text          0x0000000000101897      0x220 binaries/getutime.o
                0x0000000000101897                getutime
 .text          0x0000000000101ab7      0x447 binaries/i386.o
                0x0000000000101ab7                setsegs
                0x0000000000101bf7                init8259
                0x0000000000101cbd                pseg
                0x0000000000101e89                setirmask
 .text          0x0000000000101efe       0x8a binaries/init.o
                0x0000000000101efe                init
 .text          0x0000000000101f88      0x462 binaries/initialize.o
                0x0000000000101f88                nulluser
                0x000000000010236f                stop
                0x00000000001023ae                delay
 .text          0x00000000001023ea      0x109 binaries/insert.o
                0x00000000001023ea                insert
 .text          0x00000000001024f3      0x142 binaries/insertd.o
                0x00000000001024f3                insertd
 .text          0x0000000000102635       0x18 binaries/ioerr.o
                0x0000000000102635                ioerr
 .text          0x000000000010264d       0x18 binaries/ionull.o
                0x000000000010264d                ionull
 .text          0x0000000000102665      0x1cd binaries/kill.o
                0x0000000000102665                kill
 .text          0x0000000000102832      0x18e binaries/kprintf.o
                0x0000000000102832                kputc
                0x00000000001028da                kgetc
                0x0000000000102980                kprintf
 .text          0x00000000001029c0      0x4c2 binaries/main.o
                0x00000000001029c0                sync_printf
                0x0000000000102b05                increment
                0x0000000000102bef                nthreads
                0x0000000000102d77                main
 .text          0x0000000000102e82       0xf6 binaries/mark.o
                0x0000000000102e82                markinit
                0x0000000000102ebf                mark
 .text          0x0000000000102f78       0xf9 binaries/meminit.o
                0x0000000000102f78                meminit
 .text          0x0000000000103071      0x196 binaries/mkbufpool.o
                0x0000000000103071                mkbufpool
 .text          0x0000000000103207       0xbf binaries/newqueue.o
                0x0000000000103207                newqueue
 .text          0x00000000001032c6       0x90 binaries/open.o
                0x00000000001032c6                open
 .text          0x0000000000103356       0x32 binaries/panic.o
                0x0000000000103356                panic
 .text          0x0000000000103388      0x56c binaries/pci.o
                0x0000000000103388                pci_init
                0x00000000001036b2                find_pci_device
                0x0000000000103711                pci_bios_read_config_byte
                0x0000000000103761                pci_bios_read_config_word
                0x00000000001037b4                pci_bios_read_config_dword
                0x0000000000103804                pci_bios_write_config_byte
                0x0000000000103856                pci_bios_write_config_word
                0x00000000001038a8                pci_bios_write_config_dword
 .text.__x86.get_pc_thunk.si
                0x00000000001038f4        0x4 binaries/pci.o
                0x00000000001038f4                __x86.get_pc_thunk.si
 .text          0x00000000001038f8      0x109 binaries/ptclear.o
                0x00000000001038f8                _ptclear
 .text          0x0000000000103a01       0xb3 binaries/ptcount.o
                0x0000000000103a01                ptcount
 .text          0x0000000000103ab4      0x138 binaries/ptcreate.o
                0x0000000000103ab4                ptcreate
 .text          0x0000000000103bec       0x98 binaries/ptdelete.o
                0x0000000000103bec                ptdelete
 .text          0x0000000000103c84       0xe9 binaries/ptinit.o
                0x0000000000103c84                ptinit
 .text          0x0000000000103d6d      0x139 binaries/ptrecv.o
                0x0000000000103d6d                ptrecv
 .text          0x0000000000103ea6       0x8d binaries/ptreset.o
                0x0000000000103ea6                ptreset
 .text          0x0000000000103f33      0x15e binaries/ptsend.o
                0x0000000000103f33                ptsend
 .text          0x0000000000104091       0x95 binaries/putc.o
                0x0000000000104091                putc
 .text          0x0000000000104126      0x14e binaries/queue.o
                0x0000000000104126                enqueue
                0x00000000001041eb                dequeue
 .text          0x0000000000104274       0x90 binaries/read.o
                0x0000000000104274                read
 .text          0x0000000000104304       0x90 binaries/ready.o
                0x0000000000104304                ready
 .text          0x0000000000104394       0xae binaries/receive.o
                0x0000000000104394                receive
 .text          0x0000000000104442       0x74 binaries/recvclr.o
                0x0000000000104442                recvclr
 .text          0x00000000001044b6       0xd9 binaries/recvtime.o
                0x00000000001044b6                recvtime
 .text          0x000000000010458f      0x1d2 binaries/resched.o
                0x000000000010458f                resched
                0x00000000001046c0                resched_cntl
 .text          0x0000000000104761       0xc3 binaries/resume.o
                0x0000000000104761                resume
 .text          0x0000000000104824       0x8e binaries/seek.o
                0x0000000000104824                seek
 .text          0x00000000001048b2       0x8b binaries/semcount.o
                0x00000000001048b2                semcount
 .text          0x000000000010493d      0x108 binaries/semcreate.o
                0x000000000010493d                semcreate
 .text          0x0000000000104a45       0xe3 binaries/semdelete.o
                0x0000000000104a45                semdelete
 .text          0x0000000000104b28       0xe7 binaries/semreset.o
                0x0000000000104b28                semreset
 .text          0x0000000000104c0f      0x114 binaries/send.o
                0x0000000000104c0f                send
 .text          0x0000000000104d23       0xbe binaries/signal.o
                0x0000000000104d23                signal
 .text          0x0000000000104de1       0xec binaries/signaln.o
                0x0000000000104de1                signaln
 .text          0x0000000000104ecd      0x116 binaries/sleep.o
                0x0000000000104ecd                sleep
                0x0000000000104f29                sleepms
 .text          0x0000000000104fe3      0x172 binaries/spinlock.o
                0x0000000000104fe3                sl_initlock
                0x0000000000105046                sl_lock
                0x00000000001050c1                sl_unlock
 .text          0x0000000000105155      0x1b8 binaries/stacktrace.o
                0x0000000000105155                stacktrace
 .text          0x000000000010530d       0xf9 binaries/suspend.o
                0x000000000010530d                suspend
 .text          0x0000000000105406      0x104 binaries/unsleep.o
                0x0000000000105406                unsleep
 .text          0x000000000010550a       0x2d binaries/userret.o
                0x000000000010550a                userret
 .text          0x0000000000105537       0xf9 binaries/wait.o
                0x0000000000105537                wait
 .text          0x0000000000105630       0x9c binaries/wakeup.o
                0x0000000000105630                wakeup
 .text          0x00000000001056cc       0x90 binaries/write.o
                0x00000000001056cc                write
 .text          0x000000000010575c       0x33 binaries/xdone.o
                0x000000000010575c                xdone
 .text          0x000000000010578f       0x3b binaries/yield.o
                0x000000000010578f                yield
 .text          0x00000000001057ca       0x1f binaries/abs.o
                0x00000000001057ca                abs
 .text          0x00000000001057e9       0x9e binaries/atoi.o
                0x00000000001057e9                atoi
 .text          0x0000000000105887       0x9e binaries/atol.o
                0x0000000000105887                atol
 .text          0x0000000000105925       0x40 binaries/bzero.o
                0x0000000000105925                bzero
 .text          0x0000000000105965        0x0 binaries/ctype_.o
 .text          0x0000000000105965      0x96b binaries/doprnt.o
                0x0000000000105965                _doprnt
 .text          0x00000000001062d0      0x709 binaries/doscan.o
                0x00000000001062d0                _doscan
 .text.__x86.get_pc_thunk.di
                0x00000000001069d9        0x4 binaries/doscan.o
                0x00000000001069d9                __x86.get_pc_thunk.di
 .text          0x00000000001069dd      0x788 binaries/fdoprnt.o
                0x00000000001069dd                _fdoprnt
 .text          0x0000000000107165       0x3d binaries/fgetc.o
                0x0000000000107165                fgetc
 .text          0x00000000001071a2       0x88 binaries/fgets.o
                0x00000000001071a2                fgets
 .text          0x000000000010722a       0x40 binaries/fprintf.o
                0x000000000010722a                fprintf
 .text          0x000000000010726a       0x40 binaries/fputc.o
                0x000000000010726a                fputc
 .text          0x00000000001072aa       0x56 binaries/fputs.o
                0x00000000001072aa                fputs
 .text          0x0000000000107300       0xc2 binaries/fscanf.o
                0x0000000000107300                fscanf
 .text          0x00000000001073c2       0x4a binaries/getchar.o
                0x00000000001073c2                getchar
 .text          0x000000000010740c       0x1f binaries/labs.o
                0x000000000010740c                labs
 .text          0x000000000010742b        0x0 binaries/memchr.o
 .text          0x000000000010742b       0x5f binaries/memcmp.o
                0x000000000010742b                memcmp
 .text          0x000000000010748a       0x4d binaries/memcpy.o
                0x000000000010748a                memcpy
 .text          0x00000000001074d7       0x3e binaries/memset.o
                0x00000000001074d7                memset
 .text          0x0000000000107515       0x61 binaries/printf.o
                0x0000000000107515                printf
 .text          0x0000000000107576       0x4d binaries/putchar.o
                0x0000000000107576                putchar
 .text          0x00000000001075c3      0x2bf binaries/qsort.o
                0x00000000001075c3                qsort
 .text          0x0000000000107882       0x8d binaries/rand.o
                0x0000000000107882                rand
                0x00000000001078aa                rand_r
                0x00000000001078f2                srand
 .text          0x000000000010790f       0x8a binaries/sprintf.o
                0x000000000010790f                sprintf
 .text          0x0000000000107999       0xa4 binaries/sscanf.o
                0x0000000000107999                sscanf
 .text          0x0000000000107a3d       0x4a binaries/strchr.o
                0x0000000000107a3d                strchr
 .text          0x0000000000107a87       0x53 binaries/strcmp.o
                0x0000000000107a87                strcmp
 .text          0x0000000000107ada       0x35 binaries/strcpy.o
                0x0000000000107ada                strcpy
 .text          0x0000000000107b0f       0x34 binaries/strlen.o
                0x0000000000107b0f                strlen
 .text          0x0000000000107b43       0x64 binaries/strncat.o
                0x0000000000107b43                strncat
 .text          0x0000000000107ba7       0x6c binaries/strncmp.o
                0x0000000000107ba7                strncmp
 .text          0x0000000000107c13       0x5d binaries/strncpy.o
                0x0000000000107c13                strncpy
 .text          0x0000000000107c70       0x3c binaries/strnlen.o
                0x0000000000107c70                strnlen
 .text          0x0000000000107cac       0x53 binaries/strrchr.o
                0x0000000000107cac                strrchr
 .text          0x0000000000107cff       0x7c binaries/strstr.o
                0x0000000000107cff                strstr
 .text          0x0000000000107d7b      0x100 binaries/ttycontrol.o
                0x0000000000107d7b                ttycontrol
 .text          0x0000000000107e7b       0xaf binaries/ttygetc.o
                0x0000000000107e7b                ttygetc
 .text          0x0000000000107f2a      0x73b binaries/ttyhandle_in.o
                0x0000000000107f2a                ttyhandle_in
 .text          0x0000000000108665      0x1c5 binaries/ttyhandle_out.o
                0x0000000000108665                ttyhandle_out
 .text          0x000000000010882a       0xec binaries/ttyhandler.o
                0x000000000010882a                ttyhandler
 .text          0x0000000000108916      0x241 binaries/ttyinit.o
                0x0000000000108916                ttyinit
 .text          0x0000000000108b57       0x2f binaries/ttykickout.o
                0x0000000000108b57                ttykickout
 .text          0x0000000000108b86       0xcd binaries/ttyputc.o
                0x0000000000108b86                ttyputc
 .text          0x0000000000108c53      0x12f binaries/ttyread.o
                0x0000000000108c53                ttyread
 .text          0x0000000000108d82       0x60 binaries/ttywrite.o
                0x0000000000108d82                ttywrite
 .text          0x0000000000108de2      0x17c binaries/mount.o
                0x0000000000108de2                mount
                0x0000000000108f1a                namlen
 .text          0x0000000000108f5e      0x224 binaries/naminit.o
                0x0000000000108f5e                naminit
 .text          0x0000000000109182      0x24f binaries/nammap.o
                0x0000000000109182                nammap
                0x0000000000109223                namrepl
                0x0000000000109373                namcpy
 .text          0x00000000001093d1       0x61 binaries/namopen.o
                0x00000000001093d1                namopen
 .text          0x0000000000109432      0xf47 binaries/82545EMInit.o
                0x00000000001094af                _82545EMInit
                0x000000000010a1c7                _82545EM_read_phy_reg
                0x000000000010a29c                _82545EM_write_phy_reg
 .text          0x000000000010a379      0x295 binaries/ethcontrol.o
                0x000000000010a3f6                ethcontrol
                0x000000000010a583                ethIrqDisable
                0x000000000010a5c7                ethIrqEnable
 .text          0x000000000010a60e      0x2a6 binaries/ethhandler.o
                0x000000000010a7b7                ethhandler
 .text          0x000000000010a8b4      0x142 binaries/ethinit.o
                0x000000000010a8b4                ethinit
 .text          0x000000000010a9f6      0x22b binaries/ethread.o
                0x000000000010aa73                ethread
 .text          0x000000000010ac21      0x1d4 binaries/ethwrite.o
                0x000000000010ac9e                ethwrite
 .text          0x000000000010adf5       0xb3 binaries/rdsbufalloc.o
                0x000000000010adf5                rdsbufalloc
 .text          0x000000000010aea8       0xd3 binaries/rdsclose.o
                0x000000000010aea8                rdsclose
 .text          0x000000000010af7b      0x308 binaries/rdscomm.o
                0x000000000010af7b                rdscomm
 .text          0x000000000010b283      0x243 binaries/rdscontrol.o
                0x000000000010b283                rdscontrol
 .text          0x000000000010b4c6      0x202 binaries/rdsinit.o
                0x000000000010b4c6                rdsinit
 .text          0x000000000010b6c8      0x1a8 binaries/rdsopen.o
                0x000000000010b6c8                rdsopen
 .text          0x000000000010b870      0x47b binaries/rdsprocess.o
                0x000000000010b870                rdsprocess
 .text          0x000000000010bceb      0x264 binaries/rdsread.o
                0x000000000010bceb                rdsread
 .text          0x000000000010bf4f      0x204 binaries/rdswrite.o
                0x000000000010bf4f                rdswrite
 .text          0x000000000010c153       0x18 binaries/ramclose.o
                0x000000000010c153                ramclose
 .text          0x000000000010c16b       0x5c binaries/raminit.o
                0x000000000010c16b                raminit
 .text          0x000000000010c1c7       0x18 binaries/ramopen.o
                0x000000000010c1c7                ramopen
 .text          0x000000000010c1df       0x4b binaries/ramread.o
                0x000000000010c1df                ramread
 .text          0x000000000010c22a       0x4b binaries/ramwrite.o
                0x000000000010c22a                ramwrite
 .text          0x000000000010c275       0xc8 binaries/lfdballoc.o
                0x000000000010c275                lfdballoc
 .text          0x000000000010c33d       0x70 binaries/lfdbfree.o
                0x000000000010c33d                lfdbfree
 .text          0x000000000010c3ad       0xe4 binaries/lfflush.o
                0x000000000010c3ad                lfflush
 .text          0x000000000010c491       0xed binaries/lfgetmode.o
                0x000000000010c491                lfgetmode
 .text          0x000000000010c57e       0x96 binaries/lfiballoc.o
                0x000000000010c57e                lfiballoc
 .text          0x000000000010c614       0x49 binaries/lfibclear.o
                0x000000000010c614                lfibclear
 .text          0x000000000010c65d       0xc0 binaries/lfibget.o
                0x000000000010c65d                lfibget
 .text          0x000000000010c71d       0xef binaries/lfibput.o
                0x000000000010c71d                lfibput
 .text          0x000000000010c80c       0xbf binaries/lflclose.o
                0x000000000010c80c                lflclose
 .text          0x000000000010c8cb       0xf1 binaries/lflcontrol.o
                0x000000000010c8cb                lflcontrol
 .text          0x000000000010c9bc      0x108 binaries/lflgetc.o
                0x000000000010c9bc                lflgetc
 .text          0x000000000010cac4      0x104 binaries/lflinit.o
                0x000000000010cac4                lflinit
 .text          0x000000000010cbc8      0x13e binaries/lflputc.o
                0x000000000010cbc8                lflputc
 .text          0x000000000010cd06       0x83 binaries/lflread.o
                0x000000000010cd06                lflread
 .text          0x000000000010cd89       0xc2 binaries/lflseek.o
                0x000000000010cd89                lflseek
 .text          0x000000000010ce4b       0x68 binaries/lflwrite.o
                0x000000000010ce4b                lflwrite
 .text          0x000000000010ceb3       0x70 binaries/lfscheck.o
                0x000000000010ceb3                lfscheck
 .text          0x000000000010cf23      0x198 binaries/lfsckfmt.o
                0x000000000010cf23                lfsckfmt
 .text          0x000000000010d0bb      0x1c2 binaries/lfscreate.o
                0x000000000010d0bb                lfscreate
 .text          0x000000000010d27d      0x2a7 binaries/lfsetup.o
                0x000000000010d27d                lfsetup
 .text          0x000000000010d524       0x83 binaries/lfsinit.o
                0x000000000010d524                lfsinit
 .text          0x000000000010d5a7      0x415 binaries/lfsopen.o
                0x000000000010d5a7                lfsopen
 .text          0x000000000010d9bc      0x18e binaries/lftruncate.o
                0x000000000010d9bc                lftruncate
 .text          0x000000000010db4a       0x93 binaries/rflclose.o
                0x000000000010db4a                rflclose
 .text          0x000000000010dbdd       0x46 binaries/rflgetc.o
                0x000000000010dbdd                rflgetc
 .text          0x000000000010dc23       0x8a binaries/rflinit.o
                0x000000000010dc23                rflinit
 .text          0x000000000010dcad       0x47 binaries/rflputc.o
                0x000000000010dcad                rflputc
 .text          0x000000000010dcf4      0x39a binaries/rflread.o
                0x000000000010dcf4                rflread
 .text          0x000000000010e08e       0x96 binaries/rflseek.o
                0x000000000010e08e                rflseek
 .text          0x000000000010e124      0x385 binaries/rflwrite.o
                0x000000000010e124                rflwrite
 .text          0x000000000010e4a9      0x221 binaries/rfscomm.o
                0x000000000010e4a9                rfscomm
 .text          0x000000000010e6ca      0x2b3 binaries/rfscontrol.o
                0x000000000010e6ca                rfscontrol
 .text          0x000000000010e97d       0xed binaries/rfsgetmode.o
                0x000000000010e97d                rfsgetmode
 .text          0x000000000010ea6a       0xb7 binaries/rfsinit.o
                0x000000000010ea6a                rfsinit
 .text          0x000000000010eb21      0x126 binaries/rfsndmsg.o
                0x000000000010eb21                rfsndmsg
 .text          0x000000000010ec47      0x2e7 binaries/rfsopen.o
                0x000000000010ec47                rfsopen
 .text          0x000000000010ef2e      0x8ff binaries/arp.o
                0x000000000010ef2e                arp_init
                0x000000000010ef79                arp_resolve
                0x000000000010f26b                arp_in
                0x000000000010f551                arp_alloc
                0x000000000010f637                arp_ntoh
                0x000000000010f732                arp_hton
 .text          0x000000000010f82d      0x991 binaries/dhcp.o
                0x000000000010f82d                dhcp_get_opt_val
                0x000000000010f894                dhcp_bld_bootp_msg
                0x000000000010f9bf                dhcp_bld_disc
                0x000000000010fab0                dhcp_bld_req
                0x000000000010fc31                getlocalip
 .text          0x00000000001101be      0x5fc binaries/dns.o
                0x00000000001101be                dnslookup
 .text          0x00000000001107ba       0xf8 binaries/dot2ip.o
                0x00000000001107ba                dot2ip
 .text          0x00000000001108b2      0x530 binaries/hexdump.o
                0x00000000001108b2                hexdump
                0x0000000000110a84                hexadump
 .text          0x0000000000110de2      0x968 binaries/icmp.o
                0x0000000000110de2                icmp_init
                0x0000000000110e2c                icmp_in
                0x0000000000111011                icmp_register
                0x000000000011111f                icmp_recv
                0x00000000001112c1                icmp_send
                0x000000000011135a                icmp_mkpkt
                0x0000000000111492                icmp_release
                0x00000000001115a3                icmp_cksum
                0x0000000000111644                icmp_hton
                0x00000000001116c7                icmp_ntoh
 .text          0x000000000011174a      0x990 binaries/ip.o
                0x000000000011174a                ip_in
                0x00000000001118f3                ip_send
                0x0000000000111a79                ip_local
                0x0000000000111ade                ip_out
                0x0000000000111c2a                ipcksum
                0x0000000000111cbe                ip_ntoh
                0x0000000000111db9                ip_hton
                0x0000000000111eb4                ipout
                0x000000000011200f                ip_enqueue
 .text          0x00000000001120da      0x348 binaries/net.o
                0x00000000001120da                net_init
                0x000000000011223a                netin
                0x0000000000112311                eth_hton
                0x000000000011234a                eth_ntoh
                0x0000000000112383                getport
 .text          0x0000000000112422     0x15c4 binaries/pdump.o
                0x0000000000112422                pdump
                0x000000000011327e                pdumph
 .text          0x00000000001139e6      0x668 binaries/tftp.o
                0x00000000001139e6                tftp_send1
                0x0000000000113b7d                tftpget
                0x0000000000113bbd                tftpget_mb
 .text          0x000000000011404e      0xc5e binaries/udp.o
                0x000000000011404e                udp_init
                0x0000000000114098                udp_in
                0x00000000001141ef                udp_register
                0x0000000000114342                udp_recv
                0x00000000001144f5                udp_recvaddr
                0x00000000001146c0                udp_send
                0x00000000001148c7                udp_sendto
                0x0000000000114a96                udp_release
                0x0000000000114ba6                udp_ntoh
                0x0000000000114c29                udp_hton
 .text          0x0000000000114cac      0x151 binaries/addargs.o
                0x0000000000114cac                addargs
 .text          0x0000000000114dfd      0x2df binaries/lexan.o
                0x0000000000114dfd                lexan
 .text          0x00000000001150dc      0x6e1 binaries/shell.o
                0x00000000001150dc                shell
 .text          0x00000000001157bd       0x82 binaries/xsh_argecho.o
                0x00000000001157bd                xsh_argecho
 .text          0x000000000011583f      0x2d4 binaries/xsh_arp.o
                0x000000000011583f                xsh_arp
 .text          0x0000000000115b13      0x2b2 binaries/xsh_cat.o
                0x0000000000115b13                xsh_cat
 .text          0x0000000000115dc5       0x7e binaries/xsh_clear.o
                0x0000000000115dc5                xsh_clear
 .text          0x0000000000115e43      0x358 binaries/xsh_date.o
                0x0000000000115e43                xsh_date
 .text          0x000000000011619b       0xcf binaries/xsh_devdump.o
                0x000000000011619b                xsh_devdump
 .text          0x000000000011626a       0x8b binaries/xsh_echo.o
                0x000000000011626a                xsh_echo
 .text          0x00000000001162f5       0x18 binaries/xsh_exit.o
                0x00000000001162f5                xsh_exit
 .text          0x000000000011630d      0x3ed binaries/xsh_help.o
                0x000000000011630d                xsh_help
 .text          0x00000000001166fa      0x28b binaries/xsh_kill.o
                0x00000000001166fa                xsh_kill
 .text          0x0000000000116985      0x5b5 binaries/xsh_memdump.o
                0x0000000000116985                xsh_memdump
 .text          0x0000000000116f3a      0x322 binaries/xsh_memstat.o
                0x0000000000116f3a                xsh_memstat
 .text          0x000000000011725c      0x5d9 binaries/xsh_netinfo.o
                0x000000000011725c                xsh_netinfo
 .text          0x0000000000117835      0x4eb binaries/xsh_ping.o
                0x0000000000117835                xsh_ping
 .text          0x0000000000117d20      0x280 binaries/xsh_ps.o
                0x0000000000117d20                xsh_ps
 .text          0x0000000000117fa0      0x269 binaries/xsh_sleep.o
                0x0000000000117fa0                xsh_sleep
 .text          0x0000000000118209      0x2dc binaries/xsh_udpdump.o
                0x0000000000118209                xsh_udpdump
 .text          0x00000000001184e5      0x539 binaries/xsh_udpecho.o
                0x00000000001184e5                xsh_udpecho
 .text          0x0000000000118a1e      0x2ff binaries/xsh_udpserver.o
                0x0000000000118a1e                xsh_udpeserver
 .text          0x0000000000118d1d      0x234 binaries/xsh_uptime.o
                0x0000000000118d1d                xsh_uptime
 .text          0x0000000000118f51        0xe binaries/clkdisp.o
                0x0000000000118f51                clkdisp
 .text          0x0000000000118f5f       0x19 binaries/ctxsw.o
                0x0000000000118f5f                ctxsw
 .text          0x0000000000118f78      0x368 binaries/intr.o
                0x0000000000118f78                disable
                0x0000000000118f81                restore
                0x0000000000118f8f                enable
                0x0000000000118f91                pause
                0x0000000000118f98                halt
                0x0000000000118f9b                spurious_irq7
                0x0000000000118fa0                spurious_irq15
                0x0000000000118faf                _Xint0
                0x0000000000118fba                _Xint1
                0x0000000000118fc5                _Xint2
                0x0000000000118fd0                _Xint3
                0x0000000000118fdb                _Xint4
                0x0000000000118fe6                _Xint5
                0x0000000000118ff1                _Xint6
                0x0000000000118ffc                _Xint7
                0x0000000000119007                _Xint8
                0x0000000000119012                _Xint9
                0x000000000011901d                _Xint10
                0x0000000000119028                _Xint11
                0x0000000000119036                _Xint12
                0x0000000000119044                _Xint13
                0x0000000000119052                _Xint14
                0x0000000000119060                _Xint15
                0x000000000011906e                _Xint16
                0x000000000011907c                _Xint17
                0x000000000011908a                _Xint18
                0x0000000000119098                _Xint19
                0x00000000001190a6                _Xint20
                0x00000000001190b4                _Xint21
                0x00000000001190c2                _Xint22
                0x00000000001190d0                _Xint23
                0x00000000001190de                _Xint24
                0x00000000001190ec                _Xint25
                0x00000000001190fa                _Xint26
                0x0000000000119108                _Xint27
                0x0000000000119116                _Xint28
                0x0000000000119124                _Xint29
                0x0000000000119132                _Xint30
                0x0000000000119140                _Xint31
                0x000000000011914e                _Xint32
                0x000000000011915c                _Xint33
                0x000000000011916a                _Xint34
                0x0000000000119178                _Xint35
                0x0000000000119186                _Xint36
                0x0000000000119194                _Xint37
                0x00000000001191a2                _Xint38
                0x00000000001191b0                _Xint39
                0x00000000001191be                _Xint40
                0x00000000001191cc                _Xint41
                0x00000000001191da                _Xint42
                0x00000000001191e8                _Xint43
                0x00000000001191f6                _Xint44
                0x0000000000119204                _Xint45
                0x0000000000119212                _Xint46
                0x0000000000119220                defevec
 .text          0x00000000001192e0       0x2a binaries/testandset.o
                0x00000000001192fb                test_and_set
 .text          0x000000000011930a        0xf binaries/ttydispatch.o
                0x000000000011930a                ttydispatch
 .text          0x0000000000119319       0x13 binaries/ethdispatch.o
                0x0000000000119319                ethdispatch
 *(.rodata .rodata.*)
 .rodata        0x000000000011932c       0x8e binaries/ascdate.o
 .rodata        0x00000000001193ba        0xa binaries/assembly_test.o
 .rodata        0x00000000001193c4       0xae binaries/conf.o
 *fill*         0x0000000000119472        0x2 
 .rodata        0x0000000000119474      0x22f binaries/evec.o
 *fill*         0x00000000001196a3        0x1 
 .rodata        0x00000000001196a4       0x61 binaries/getutime.o
 *fill*         0x0000000000119705        0x3 
 .rodata        0x0000000000119708       0x90 binaries/i386.o
 .rodata        0x0000000000119798      0x182 binaries/initialize.o
 *fill*         0x000000000011991a        0x2 
 .rodata        0x000000000011991c       0x20 binaries/kill.o
 .rodata        0x000000000011993c      0x197 binaries/main.o
 .rodata        0x0000000000119ad3        0xf binaries/panic.o
 *fill*         0x0000000000119ae2        0x2 
 .rodata        0x0000000000119ae4      0x1ec binaries/pci.o
 .rodata        0x0000000000119cd0       0x1d binaries/ptinit.o
 *fill*         0x0000000000119ced        0x3 
 .rodata        0x0000000000119cf0       0x25 binaries/ptsend.o
 *fill*         0x0000000000119d15        0x3 
 .rodata        0x0000000000119d18       0x3c binaries/receive.o
 .rodata        0x0000000000119d54       0x20 binaries/send.o
 .rodata        0x0000000000119d74       0xcf binaries/spinlock.o
 *fill*         0x0000000000119e43        0x1 
 .rodata        0x0000000000119e44       0xb7 binaries/stacktrace.o
 *fill*         0x0000000000119efb        0x1 
 .rodata        0x0000000000119efc       0x27 binaries/xdone.o
 *fill*         0x0000000000119f23       0x1d 
 .rodata        0x0000000000119f40       0x81 binaries/ctype_.o
                0x0000000000119f40                _ctype_
 *fill*         0x0000000000119fc1        0x3 
 .rodata        0x0000000000119fc4       0xee binaries/doprnt.o
 *fill*         0x000000000011a0b2        0x2 
 .rodata        0x000000000011a0b4       0xae binaries/fdoprnt.o
 *fill*         0x000000000011a162        0x2 
 .rodata        0x000000000011a164       0x20 binaries/ttycontrol.o
 .rodata        0x000000000011a184       0x34 binaries/ttyhandler.o
 .rodata        0x000000000011a1b8       0x80 binaries/naminit.o
 .rodata        0x000000000011a238       0x2e binaries/82545EMInit.o
 *fill*         0x000000000011a266        0x2 
 .rodata        0x000000000011a268       0x78 binaries/ethinit.o
 .rodata        0x000000000011a2e0       0x18 binaries/ethread.o
 .rodata        0x000000000011a2f8       0x2c binaries/rdsbufalloc.o
 .rodata        0x000000000011a324       0x76 binaries/rdscomm.o
 *fill*         0x000000000011a39a        0x2 
 .rodata        0x000000000011a39c       0x48 binaries/rdscontrol.o
 .rodata        0x000000000011a3e4       0x96 binaries/rdsinit.o
 *fill*         0x000000000011a47a        0x2 
 .rodata        0x000000000011a47c       0x22 binaries/rdsopen.o
 *fill*         0x000000000011a49e        0x2 
 .rodata        0x000000000011a4a0       0x4d binaries/rdsprocess.o
 .rodata        0x000000000011a4ed        0x9 binaries/raminit.o
 *fill*         0x000000000011a4f6        0x2 
 .rodata        0x000000000011a4f8       0x37 binaries/lfdballoc.o
 .rodata        0x000000000011a52f       0x14 binaries/lfiballoc.o
 *fill*         0x000000000011a543        0x1 
 .rodata        0x000000000011a544       0x23 binaries/lflcontrol.o
 *fill*         0x000000000011a567        0x1 
 .rodata        0x000000000011a568      0x11b binaries/lfsckfmt.o
 *fill*         0x000000000011a683        0x1 
 .rodata        0x000000000011a684       0x2a binaries/lfsopen.o
 *fill*         0x000000000011a6ae        0x2 
 .rodata        0x000000000011a6b0       0x21 binaries/rflread.o
 *fill*         0x000000000011a6d1        0x3 
 .rodata        0x000000000011a6d4       0x21 binaries/rflwrite.o
 *fill*         0x000000000011a6f5        0x3 
 .rodata        0x000000000011a6f8       0x75 binaries/rfscomm.o
 *fill*         0x000000000011a76d        0x3 
 .rodata        0x000000000011a770       0x3c binaries/rfscontrol.o
 .rodata        0x000000000011a7ac       0x63 binaries/rfsinit.o
 *fill*         0x000000000011a80f        0x1 
 .rodata        0x000000000011a810       0x2a binaries/rfsndmsg.o
 *fill*         0x000000000011a83a        0x2 
 .rodata        0x000000000011a83c       0x22 binaries/rfsopen.o
 *fill*         0x000000000011a85e        0x2 
 .rodata        0x000000000011a860       0x3a binaries/arp.o
 *fill*         0x000000000011a89a        0x2 
 .rodata        0x000000000011a89c       0xcf binaries/dhcp.o
 .rodata        0x000000000011a96b       0x1a binaries/dns.o
 *fill*         0x000000000011a985        0x3 
 .rodata        0x000000000011a988       0xc9 binaries/hexdump.o
 *fill*         0x000000000011aa51        0x3 
 .rodata        0x000000000011aa54       0x29 binaries/icmp.o
 *fill*         0x000000000011aa7d        0x3 
 .rodata        0x000000000011aa80       0x6e binaries/ip.o
 *fill*         0x000000000011aaee        0x2 
 .rodata        0x000000000011aaf0       0x4f binaries/net.o
 *fill*         0x000000000011ab3f        0x1 
 .rodata        0x000000000011ab40      0x26f binaries/pdump.o
 *fill*         0x000000000011adaf        0x1 
 .rodata        0x000000000011adb0      0x154 binaries/tftp.o
 .rodata        0x000000000011af04      0x2c1 binaries/shell.o
 .rodata        0x000000000011b1c5       0x28 binaries/xsh_argecho.o
 *fill*         0x000000000011b1ed        0x3 
 .rodata        0x000000000011b1f0      0x123 binaries/xsh_arp.o
 *fill*         0x000000000011b313        0x1 
 .rodata        0x000000000011b314       0xc9 binaries/xsh_cat.o
 .rodata        0x000000000011b3dd       0x19 binaries/xsh_clear.o
 *fill*         0x000000000011b3f6        0x2 
 .rodata        0x000000000011b3f8      0x1c3 binaries/xsh_date.o
 .rodata        0x000000000011b5bb       0x5d binaries/xsh_devdump.o
 .rodata        0x000000000011b618        0x9 binaries/xsh_echo.o
 *fill*         0x000000000011b621        0x3 
 .rodata        0x000000000011b624      0x169 binaries/xsh_help.o
 *fill*         0x000000000011b78d        0x3 
 .rodata        0x000000000011b790      0x12e binaries/xsh_kill.o
 *fill*         0x000000000011b8be        0x2 
 .rodata        0x000000000011b8c0      0x266 binaries/xsh_memdump.o
 *fill*         0x000000000011bb26        0x2 
 .rodata        0x000000000011bb28      0x225 binaries/xsh_memstat.o
 *fill*         0x000000000011bd4d        0x3 
 .rodata        0x000000000011bd50      0x1b0 binaries/xsh_netinfo.o
 .rodata        0x000000000011bf00      0x1a1 binaries/xsh_ping.o
 *fill*         0x000000000011c0a1        0x3 
 .rodata        0x000000000011c0a4      0x1a8 binaries/xsh_ps.o
 .rodata        0x000000000011c24c       0xeb binaries/xsh_sleep.o
 *fill*         0x000000000011c337        0x1 
 .rodata        0x000000000011c338      0x1b8 binaries/xsh_udpdump.o
 .rodata        0x000000000011c4f0      0x215 binaries/xsh_udpecho.o
 *fill*         0x000000000011c705        0x3 
 .rodata        0x000000000011c708      0x12b binaries/xsh_udpserver.o
 *fill*         0x000000000011c833        0x1 
 .rodata        0x000000000011c834      0x105 binaries/xsh_uptime.o
                0x000000000011c939                etext = ABSOLUTE (.)
                0x000000000011d000                . = ALIGN (0x1000)
 *fill*         0x000000000011c939      0x6c7 

.eh_frame       0x000000000011d000     0x31cc
 .eh_frame      0x000000000011d000       0x50 binaries/ascdate.o
 .eh_frame      0x000000000011d050       0x38 binaries/assembly_test.o
                                         0x50 (size before relaxing)
 .eh_frame      0x000000000011d088       0x20 binaries/bufinit.o
                                         0x4c (size before relaxing)
 .eh_frame      0x000000000011d0a8       0x38 binaries/chprio.o
                                         0x50 (size before relaxing)
 .eh_frame      0x000000000011d0e0       0x24 binaries/clkhandler.o
                                         0x50 (size before relaxing)
 .eh_frame      0x000000000011d104       0x24 binaries/clkinit.o
                                         0x50 (size before relaxing)
 .eh_frame      0x000000000011d128       0x24 binaries/close.o
                                         0x50 (size before relaxing)
 .eh_frame      0x000000000011d14c       0x24 binaries/control.o
                                         0x50 (size before relaxing)
 .eh_frame      0x000000000011d170       0x48 binaries/create.o
                                         0x88 (size before relaxing)
 .eh_frame      0x000000000011d1b8       0x6c binaries/evec.o
                                         0xac (size before relaxing)
 .eh_frame      0x000000000011d224       0x24 binaries/exit.o
                                         0x50 (size before relaxing)
 .eh_frame      0x000000000011d248       0x24 binaries/freebuf.o
                                         0x50 (size before relaxing)
 .eh_frame      0x000000000011d26c       0x24 binaries/freemem.o
                                         0x50 (size before relaxing)
 .eh_frame      0x000000000011d290       0x24 binaries/getbuf.o
                                         0x50 (size before relaxing)
 .eh_frame      0x000000000011d2b4       0x24 binaries/getc.o
                                         0x50 (size before relaxing)
 .eh_frame      0x000000000011d2d8       0x24 binaries/getdev.o
                                         0x50 (size before relaxing)
 .eh_frame      0x000000000011d2fc       0x78 binaries/getitem.o
                                         0xa4 (size before relaxing)
 .eh_frame      0x000000000011d374       0x24 binaries/getmem.o
                                         0x50 (size before relaxing)
 .eh_frame      0x000000000011d398       0x20 binaries/getpid.o
                                         0x4c (size before relaxing)
 .eh_frame      0x000000000011d3b8       0x24 binaries/getprio.o
                                         0x50 (size before relaxing)
 .eh_frame      0x000000000011d3dc       0x24 binaries/getstk.o
                                         0x50 (size before relaxing)
 .eh_frame      0x000000000011d400       0x20 binaries/getticks.o
                                         0x4c (size before relaxing)
 .eh_frame      0x000000000011d420       0x24 binaries/gettime.o
                                         0x50 (size before relaxing)
 .eh_frame      0x000000000011d444       0x24 binaries/getutime.o
                                         0x50 (size before relaxing)
 .eh_frame      0x000000000011d468       0x9c binaries/i386.o
                                         0xc8 (size before relaxing)
 .eh_frame      0x000000000011d504       0x24 binaries/init.o
                                         0x50 (size before relaxing)
 .eh_frame      0x000000000011d528       0xa8 binaries/initialize.o
                                         0xe8 (size before relaxing)
 .eh_frame      0x000000000011d5d0       0x24 binaries/insert.o
                                         0x50 (size before relaxing)
 .eh_frame      0x000000000011d5f4       0x28 binaries/insertd.o
                                         0x54 (size before relaxing)
 .eh_frame      0x000000000011d61c       0x20 binaries/ioerr.o
                                         0x4c (size before relaxing)
 .eh_frame      0x000000000011d63c       0x20 binaries/ionull.o
                                         0x4c (size before relaxing)
 .eh_frame      0x000000000011d65c       0x2c binaries/kill.o
                                         0x58 (size before relaxing)
 .eh_frame      0x000000000011d688       0x6c binaries/kprintf.o
                                         0xac (size before relaxing)
 .eh_frame      0x000000000011d6f4       0xb4 binaries/main.o
                                         0xe0 (size before relaxing)
 .eh_frame      0x000000000011d7a8       0x48 binaries/mark.o
                                         0x74 (size before relaxing)
 .eh_frame      0x000000000011d7f0       0x20 binaries/meminit.o
                                         0x4c (size before relaxing)
 .eh_frame      0x000000000011d810       0x24 binaries/mkbufpool.o
                                         0x50 (size before relaxing)
 .eh_frame      0x000000000011d834       0x24 binaries/newqueue.o
                                         0x50 (size before relaxing)
 .eh_frame      0x000000000011d858       0x24 binaries/open.o
                                         0x50 (size before relaxing)
 .eh_frame      0x000000000011d87c       0x1c binaries/panic.o
                                         0x48 (size before relaxing)
 .eh_frame      0x000000000011d898      0x1ec binaries/pci.o
                                        0x240 (size before relaxing)
 .eh_frame      0x000000000011da84       0x24 binaries/ptclear.o
                                         0x50 (size before relaxing)
 .eh_frame      0x000000000011daa8       0x24 binaries/ptcount.o
                                         0x50 (size before relaxing)
 .eh_frame      0x000000000011dacc       0x24 binaries/ptcreate.o
                                         0x50 (size before relaxing)
 .eh_frame      0x000000000011daf0       0x24 binaries/ptdelete.o
                                         0x50 (size before relaxing)
 .eh_frame      0x000000000011db14       0x24 binaries/ptinit.o
                                         0x50 (size before relaxing)
 .eh_frame      0x000000000011db38       0x24 binaries/ptrecv.o
                                         0x50 (size before relaxing)
 .eh_frame      0x000000000011db5c       0x24 binaries/ptreset.o
                                         0x50 (size before relaxing)
 .eh_frame      0x000000000011db80       0x24 binaries/ptsend.o
                                         0x50 (size before relaxing)
 .eh_frame      0x000000000011dba4       0x24 binaries/putc.o
                                         0x50 (size before relaxing)
 .eh_frame      0x000000000011dbc8       0x48 binaries/queue.o
                                         0x88 (size before relaxing)
 .eh_frame      0x000000000011dc10       0x24 binaries/read.o
                                         0x50 (size before relaxing)
 .eh_frame      0x000000000011dc34       0x28 binaries/ready.o
                                         0x54 (size before relaxing)
 .eh_frame      0x000000000011dc5c       0x24 binaries/receive.o
                                         0x50 (size before relaxing)
 .eh_frame      0x000000000011dc80       0x24 binaries/recvclr.o
                                         0x50 (size before relaxing)
 .eh_frame      0x000000000011dca4       0x24 binaries/recvtime.o
                                         0x50 (size before relaxing)
 .eh_frame      0x000000000011dcc8       0x48 binaries/resched.o
                                         0x88 (size before relaxing)
 .eh_frame      0x000000000011dd10       0x24 binaries/resume.o
                                         0x50 (size before relaxing)
 .eh_frame      0x000000000011dd34       0x24 binaries/seek.o
                                         0x50 (size before relaxing)
 .eh_frame      0x000000000011dd58       0x24 binaries/semcount.o
                                         0x50 (size before relaxing)
 .eh_frame      0x000000000011dd7c       0x48 binaries/semcreate.o
                                         0x88 (size before relaxing)
 .eh_frame      0x000000000011ddc4       0x24 binaries/semdelete.o
                                         0x50 (size before relaxing)
 .eh_frame      0x000000000011dde8       0x24 binaries/semreset.o
                                         0x50 (size before relaxing)
 .eh_frame      0x000000000011de0c       0x24 binaries/send.o
                                         0x50 (size before relaxing)
 .eh_frame      0x000000000011de30       0x24 binaries/signal.o
                                         0x50 (size before relaxing)
 .eh_frame      0x000000000011de54       0x24 binaries/signaln.o
                                         0x50 (size before relaxing)
 .eh_frame      0x000000000011de78       0x44 binaries/sleep.o
                                         0x84 (size before relaxing)
 .eh_frame      0x000000000011debc       0x6c binaries/spinlock.o
                                         0x98 (size before relaxing)
 .eh_frame      0x000000000011df28       0x24 binaries/stacktrace.o
                                         0x50 (size before relaxing)
 .eh_frame      0x000000000011df4c       0x24 binaries/suspend.o
                                         0x50 (size before relaxing)
 .eh_frame      0x000000000011df70       0x24 binaries/unsleep.o
                                         0x50 (size before relaxing)
 .eh_frame      0x000000000011df94       0x24 binaries/userret.o
                                         0x50 (size before relaxing)
 .eh_frame      0x000000000011dfb8       0x24 binaries/wait.o
                                         0x50 (size before relaxing)
 .eh_frame      0x000000000011dfdc       0x24 binaries/wakeup.o
                                         0x50 (size before relaxing)
 .eh_frame      0x000000000011e000       0x24 binaries/write.o
                                         0x50 (size before relaxing)
 .eh_frame      0x000000000011e024       0x24 binaries/xdone.o
                                         0x50 (size before relaxing)
 .eh_frame      0x000000000011e048       0x24 binaries/yield.o
                                         0x50 (size before relaxing)
 .eh_frame      0x000000000011e06c       0x20 binaries/abs.o
                                         0x4c (size before relaxing)
 .eh_frame      0x000000000011e08c       0x20 binaries/atoi.o
                                         0x4c (size before relaxing)
 .eh_frame      0x000000000011e0ac       0x20 binaries/atol.o
                                         0x4c (size before relaxing)
 .eh_frame      0x000000000011e0cc       0x20 binaries/bzero.o
                                         0x4c (size before relaxing)
 .eh_frame      0x000000000011e0ec       0xec binaries/doprnt.o
                                        0x140 (size before relaxing)
 .eh_frame      0x000000000011e1d8       0xc8 binaries/doscan.o
                                         0xf4 (size before relaxing)
 .eh_frame      0x000000000011e2a0       0xcc binaries/fdoprnt.o
                                        0x10c (size before relaxing)
 .eh_frame      0x000000000011e36c       0x24 binaries/fgetc.o
                                         0x50 (size before relaxing)
 .eh_frame      0x000000000011e390       0x24 binaries/fgets.o
                                         0x50 (size before relaxing)
 .eh_frame      0x000000000011e3b4       0x24 binaries/fprintf.o
                                         0x50 (size before relaxing)
 .eh_frame      0x000000000011e3d8       0x24 binaries/fputc.o
                                         0x50 (size before relaxing)
 .eh_frame      0x000000000011e3fc       0x24 binaries/fputs.o
                                         0x50 (size before relaxing)
 .eh_frame      0x000000000011e420       0x68 binaries/fscanf.o
                                         0x94 (size before relaxing)
 .eh_frame      0x000000000011e488       0x24 binaries/getchar.o
                                         0x50 (size before relaxing)
 .eh_frame      0x000000000011e4ac       0x20 binaries/labs.o
                                         0x4c (size before relaxing)
 .eh_frame      0x000000000011e4cc       0x20 binaries/memcmp.o
                                         0x4c (size before relaxing)
 .eh_frame      0x000000000011e4ec       0x24 binaries/memcpy.o
                                         0x50 (size before relaxing)
 .eh_frame      0x000000000011e510       0x24 binaries/memset.o
                                         0x50 (size before relaxing)
 .eh_frame      0x000000000011e534       0x24 binaries/printf.o
                                         0x50 (size before relaxing)
 .eh_frame      0x000000000011e558       0x24 binaries/putchar.o
                                         0x50 (size before relaxing)
 .eh_frame      0x000000000011e57c       0xa4 binaries/qsort.o
                                         0xd0 (size before relaxing)
 .eh_frame      0x000000000011e620       0x60 binaries/rand.o
                                         0x8c (size before relaxing)
 .eh_frame      0x000000000011e680       0x44 binaries/sprintf.o
                                         0x70 (size before relaxing)
 .eh_frame      0x000000000011e6c4       0x64 binaries/sscanf.o
                                         0x90 (size before relaxing)
 .eh_frame      0x000000000011e728       0x20 binaries/strchr.o
                                         0x4c (size before relaxing)
 .eh_frame      0x000000000011e748       0x20 binaries/strcmp.o
                                         0x4c (size before relaxing)
 .eh_frame      0x000000000011e768       0x20 binaries/strcpy.o
                                         0x4c (size before relaxing)
 .eh_frame      0x000000000011e788       0x20 binaries/strlen.o
                                         0x4c (size before relaxing)
 .eh_frame      0x000000000011e7a8       0x20 binaries/strncat.o
                                         0x4c (size before relaxing)
 .eh_frame      0x000000000011e7c8       0x20 binaries/strncmp.o
                                         0x4c (size before relaxing)
 .eh_frame      0x000000000011e7e8       0x28 binaries/strncpy.o
                                         0x54 (size before relaxing)
 .eh_frame      0x000000000011e810       0x20 binaries/strnlen.o
                                         0x4c (size before relaxing)
 .eh_frame      0x000000000011e830       0x20 binaries/strrchr.o
                                         0x4c (size before relaxing)
 .eh_frame      0x000000000011e850       0x20 binaries/strstr.o
                                         0x4c (size before relaxing)
 .eh_frame      0x000000000011e870       0x24 binaries/ttycontrol.o
                                         0x50 (size before relaxing)
 .eh_frame      0x000000000011e894       0x24 binaries/ttygetc.o
                                         0x50 (size before relaxing)
 .eh_frame      0x000000000011e8b8       0x88 binaries/ttyhandle_in.o
                                         0xdc (size before relaxing)
 .eh_frame      0x000000000011e940       0x24 binaries/ttyhandle_out.o
                                         0x50 (size before relaxing)
 .eh_frame      0x000000000011e964       0x24 binaries/ttyhandler.o
                                         0x50 (size before relaxing)
 .eh_frame      0x000000000011e988       0x24 binaries/ttyinit.o
                                         0x50 (size before relaxing)
 .eh_frame      0x000000000011e9ac       0x24 binaries/ttykickout.o
                                         0x50 (size before relaxing)
 .eh_frame      0x000000000011e9d0       0x24 binaries/ttyputc.o
                                         0x50 (size before relaxing)
 .eh_frame      0x000000000011e9f4       0x24 binaries/ttyread.o
                                         0x50 (size before relaxing)
 .eh_frame      0x000000000011ea18       0x24 binaries/ttywrite.o
                                         0x50 (size before relaxing)
 .eh_frame      0x000000000011ea3c       0x44 binaries/mount.o
                                         0x84 (size before relaxing)
 .eh_frame      0x000000000011ea80       0x24 binaries/naminit.o
                                         0x50 (size before relaxing)
 .eh_frame      0x000000000011eaa4       0x68 binaries/nammap.o
                                         0xa8 (size before relaxing)
 .eh_frame      0x000000000011eb0c       0x24 binaries/namopen.o
                                         0x50 (size before relaxing)
 .eh_frame      0x000000000011eb30      0x158 binaries/82545EMInit.o
                                        0x198 (size before relaxing)
 .eh_frame      0x000000000011ec88       0xac binaries/ethcontrol.o
                                        0x100 (size before relaxing)
 .eh_frame      0x000000000011ed34       0x90 binaries/ethhandler.o
                                         0xd0 (size before relaxing)
 .eh_frame      0x000000000011edc4       0x24 binaries/ethinit.o
                                         0x50 (size before relaxing)
 .eh_frame      0x000000000011ede8       0x6c binaries/ethread.o
                                         0x98 (size before relaxing)
 .eh_frame      0x000000000011ee54       0x6c binaries/ethwrite.o
                                         0x98 (size before relaxing)
 .eh_frame      0x000000000011eec0       0x24 binaries/rdsbufalloc.o
                                         0x50 (size before relaxing)
 .eh_frame      0x000000000011eee4       0x20 binaries/rdsclose.o
                                         0x4c (size before relaxing)
 .eh_frame      0x000000000011ef04       0x24 binaries/rdscomm.o
                                         0x50 (size before relaxing)
 .eh_frame      0x000000000011ef28       0x24 binaries/rdscontrol.o
                                         0x50 (size before relaxing)
 .eh_frame      0x000000000011ef4c       0x24 binaries/rdsinit.o
                                         0x50 (size before relaxing)
 .eh_frame      0x000000000011ef70       0x24 binaries/rdsopen.o
                                         0x50 (size before relaxing)
 .eh_frame      0x000000000011ef94       0x1c binaries/rdsprocess.o
                                         0x48 (size before relaxing)
 .eh_frame      0x000000000011efb0       0x24 binaries/rdsread.o
                                         0x50 (size before relaxing)
 .eh_frame      0x000000000011efd4       0x24 binaries/rdswrite.o
                                         0x50 (size before relaxing)
 .eh_frame      0x000000000011eff8       0x20 binaries/ramclose.o
                                         0x4c (size before relaxing)
 .eh_frame      0x000000000011f018       0x24 binaries/raminit.o
                                         0x50 (size before relaxing)
 .eh_frame      0x000000000011f03c       0x20 binaries/ramopen.o
                                         0x4c (size before relaxing)
 .eh_frame      0x000000000011f05c       0x24 binaries/ramread.o
                                         0x50 (size before relaxing)
 .eh_frame      0x000000000011f080       0x24 binaries/ramwrite.o
                                         0x50 (size before relaxing)
 .eh_frame      0x000000000011f0a4       0x24 binaries/lfdballoc.o
                                         0x50 (size before relaxing)
 .eh_frame      0x000000000011f0c8       0x24 binaries/lfdbfree.o
                                         0x50 (size before relaxing)
 .eh_frame      0x000000000011f0ec       0x24 binaries/lfflush.o
                                         0x50 (size before relaxing)
 .eh_frame      0x000000000011f110       0x20 binaries/lfgetmode.o
                                         0x4c (size before relaxing)
 .eh_frame      0x000000000011f130       0x24 binaries/lfiballoc.o
                                         0x50 (size before relaxing)
 .eh_frame      0x000000000011f154       0x20 binaries/lfibclear.o
                                         0x4c (size before relaxing)
 .eh_frame      0x000000000011f174       0x24 binaries/lfibget.o
                                         0x50 (size before relaxing)
 .eh_frame      0x000000000011f198       0x24 binaries/lfibput.o
                                         0x50 (size before relaxing)
 .eh_frame      0x000000000011f1bc       0x24 binaries/lflclose.o
                                         0x50 (size before relaxing)
 .eh_frame      0x000000000011f1e0       0x24 binaries/lflcontrol.o
                                         0x50 (size before relaxing)
 .eh_frame      0x000000000011f204       0x24 binaries/lflgetc.o
                                         0x50 (size before relaxing)
 .eh_frame      0x000000000011f228       0x24 binaries/lflinit.o
                                         0x50 (size before relaxing)
 .eh_frame      0x000000000011f24c       0x24 binaries/lflputc.o
                                         0x50 (size before relaxing)
 .eh_frame      0x000000000011f270       0x24 binaries/lflread.o
                                         0x50 (size before relaxing)
 .eh_frame      0x000000000011f294       0x24 binaries/lflseek.o
                                         0x50 (size before relaxing)
 .eh_frame      0x000000000011f2b8       0x24 binaries/lflwrite.o
                                         0x50 (size before relaxing)
 .eh_frame      0x000000000011f2dc       0x20 binaries/lfscheck.o
                                         0x4c (size before relaxing)
 .eh_frame      0x000000000011f2fc       0x24 binaries/lfsckfmt.o
                                         0x50 (size before relaxing)
 .eh_frame      0x000000000011f320       0x24 binaries/lfscreate.o
                                         0x50 (size before relaxing)
 .eh_frame      0x000000000011f344       0x24 binaries/lfsetup.o
                                         0x50 (size before relaxing)
 .eh_frame      0x000000000011f368       0x24 binaries/lfsinit.o
                                         0x50 (size before relaxing)
 .eh_frame      0x000000000011f38c       0x24 binaries/lfsopen.o
                                         0x50 (size before relaxing)
 .eh_frame      0x000000000011f3b0       0x24 binaries/lftruncate.o
                                         0x50 (size before relaxing)
 .eh_frame      0x000000000011f3d4       0x24 binaries/rflclose.o
                                         0x50 (size before relaxing)
 .eh_frame      0x000000000011f3f8       0x24 binaries/rflgetc.o
                                         0x50 (size before relaxing)
 .eh_frame      0x000000000011f41c       0x20 binaries/rflinit.o
                                         0x4c (size before relaxing)
 .eh_frame      0x000000000011f43c       0x24 binaries/rflputc.o
                                         0x50 (size before relaxing)
 .eh_frame      0x000000000011f460       0x24 binaries/rflread.o
                                         0x50 (size before relaxing)
 .eh_frame      0x000000000011f484       0x24 binaries/rflseek.o
                                         0x50 (size before relaxing)
 .eh_frame      0x000000000011f4a8       0x24 binaries/rflwrite.o
                                         0x50 (size before relaxing)
 .eh_frame      0x000000000011f4cc       0x24 binaries/rfscomm.o
                                         0x50 (size before relaxing)
 .eh_frame      0x000000000011f4f0       0x24 binaries/rfscontrol.o
                                         0x50 (size before relaxing)
 .eh_frame      0x000000000011f514       0x20 binaries/rfsgetmode.o
                                         0x4c (size before relaxing)
 .eh_frame      0x000000000011f534       0x24 binaries/rfsinit.o
                                         0x50 (size before relaxing)
 .eh_frame      0x000000000011f558       0x24 binaries/rfsndmsg.o
                                         0x50 (size before relaxing)
 .eh_frame      0x000000000011f57c       0x24 binaries/rfsopen.o
                                         0x50 (size before relaxing)
 .eh_frame      0x000000000011f5a0       0xd0 binaries/arp.o
                                        0x124 (size before relaxing)
 .eh_frame      0x000000000011f670       0xac binaries/dhcp.o
                                         0xec (size before relaxing)
 .eh_frame      0x000000000011f71c       0x90 binaries/dns.o
                                         0xd0 (size before relaxing)
 .eh_frame      0x000000000011f7ac       0x20 binaries/dot2ip.o
                                         0x4c (size before relaxing)
 .eh_frame      0x000000000011f7cc       0x48 binaries/hexdump.o
                                         0x74 (size before relaxing)
 .eh_frame      0x000000000011f814      0x168 binaries/icmp.o
                                        0x1bc (size before relaxing)
 .eh_frame      0x000000000011f97c      0x130 binaries/ip.o
                                        0x170 (size before relaxing)
 .eh_frame      0x000000000011faac       0xa8 binaries/net.o
                                         0xfc (size before relaxing)
 .eh_frame      0x000000000011fb54       0x60 binaries/pdump.o
                                         0xa0 (size before relaxing)
 .eh_frame      0x000000000011fbb4       0x68 binaries/tftp.o
                                         0xa8 (size before relaxing)
 .eh_frame      0x000000000011fc1c      0x160 binaries/udp.o
                                        0x1b4 (size before relaxing)
 .eh_frame      0x000000000011fd7c       0x24 binaries/addargs.o
                                         0x50 (size before relaxing)
 .eh_frame      0x000000000011fda0       0x20 binaries/lexan.o
                                         0x4c (size before relaxing)
 .eh_frame      0x000000000011fdc0       0x2c binaries/shell.o
                                         0x58 (size before relaxing)
 .eh_frame      0x000000000011fdec       0x24 binaries/xsh_argecho.o
                                         0x50 (size before relaxing)
 .eh_frame      0x000000000011fe10       0x48 binaries/xsh_arp.o
                                         0x74 (size before relaxing)
 .eh_frame      0x000000000011fe58       0x2c binaries/xsh_cat.o
                                         0x58 (size before relaxing)
 .eh_frame      0x000000000011fe84       0x28 binaries/xsh_clear.o
                                         0x54 (size before relaxing)
 .eh_frame      0x000000000011feac       0x2c binaries/xsh_date.o
                                         0x58 (size before relaxing)
 .eh_frame      0x000000000011fed8       0x24 binaries/xsh_devdump.o
                                         0x50 (size before relaxing)
 .eh_frame      0x000000000011fefc       0x24 binaries/xsh_echo.o
                                         0x50 (size before relaxing)
 .eh_frame      0x000000000011ff20       0x20 binaries/xsh_exit.o
                                         0x4c (size before relaxing)
 .eh_frame      0x000000000011ff40       0x2c binaries/xsh_help.o
                                         0x58 (size before relaxing)
 .eh_frame      0x000000000011ff6c       0x2c binaries/xsh_kill.o
                                         0x58 (size before relaxing)
 .eh_frame      0x000000000011ff98       0x4c binaries/xsh_memdump.o
                                         0x8c (size before relaxing)
 .eh_frame      0x000000000011ffe4       0x74 binaries/xsh_memstat.o
                                         0xa0 (size before relaxing)
 .eh_frame      0x0000000000120058       0x30 binaries/xsh_netinfo.o
                                         0x5c (size before relaxing)
 .eh_frame      0x0000000000120088       0x30 binaries/xsh_ping.o
                                         0x5c (size before relaxing)
 .eh_frame      0x00000000001200b8       0x30 binaries/xsh_ps.o
                                         0x5c (size before relaxing)
 .eh_frame      0x00000000001200e8       0x2c binaries/xsh_sleep.o
                                         0x58 (size before relaxing)
 .eh_frame      0x0000000000120114       0x2c binaries/xsh_udpdump.o
                                         0x58 (size before relaxing)
 .eh_frame      0x0000000000120140       0x30 binaries/xsh_udpecho.o
                                         0x5c (size before relaxing)
 .eh_frame      0x0000000000120170       0x30 binaries/xsh_udpserver.o
                                         0x5c (size before relaxing)
 .eh_frame      0x00000000001201a0       0x2c binaries/xsh_uptime.o
                                         0x58 (size before relaxing)

.iplt           0x00000000001201cc        0x0
 .iplt          0x00000000001201cc        0x0 binaries/start.o

.rel.dyn        0x00000000001201cc        0x0
 .rel.got       0x00000000001201cc        0x0 binaries/start.o
 .rel.iplt      0x00000000001201cc        0x0 binaries/start.o
 .rel.text      0x00000000001201cc        0x0 binaries/start.o

.data           0x00000000001201e0      0xe20
                0x00000000001201e0                data = ABSOLUTE (.)
 *(.data .data.*)
 .data          0x00000000001201e0      0x460 binaries/start.o
                0x00000000001201e0                gdt
                0x0000000000120220                gdtr
                0x0000000000120226                idt
                0x0000000000120626                idtr
                0x000000000012062c                cpudelay
                0x0000000000120630                _bootdev
                0x0000000000120634                _cyloffset
 .data          0x0000000000120640        0x0 binaries/ascdate.o
 .data.rel.local
                0x0000000000120640       0x88 binaries/ascdate.o
                0x0000000000120640                Date
 .data          0x00000000001206c8        0x0 binaries/assembly_test.o
 .data          0x00000000001206c8        0x0 binaries/bufinit.o
 .data          0x00000000001206c8        0x0 binaries/chprio.o
 .data          0x00000000001206c8        0x4 binaries/clkhandler.o
 .data          0x00000000001206cc        0x0 binaries/clkinit.o
 .data          0x00000000001206cc        0x0 binaries/close.o
 .data          0x00000000001206cc        0x0 binaries/conf.o
 *fill*         0x00000000001206cc       0x14 
 .data.rel      0x00000000001206e0      0x5a0 binaries/conf.o
                0x00000000001206e0                devtab
 .data          0x0000000000120c80        0x0 binaries/control.o
 .data          0x0000000000120c80        0x4 binaries/create.o
 .data          0x0000000000120c84        0x0 binaries/evec.o
 *fill*         0x0000000000120c84       0x1c 
 .data.rel.local
                0x0000000000120ca0       0x40 binaries/evec.o
                0x0000000000120ca0                inames
 .data          0x0000000000120ce0        0x0 binaries/exit.o
 .data          0x0000000000120ce0        0x0 binaries/freebuf.o
 .data          0x0000000000120ce0        0x0 binaries/freemem.o
 .data          0x0000000000120ce0        0x0 binaries/getbuf.o
 .data          0x0000000000120ce0        0x0 binaries/getc.o
 .data          0x0000000000120ce0        0x0 binaries/getdev.o
 .data          0x0000000000120ce0        0x0 binaries/getitem.o
 .data          0x0000000000120ce0        0x0 binaries/getmem.o
 .data          0x0000000000120ce0        0x0 binaries/getpid.o
 .data          0x0000000000120ce0        0x0 binaries/getprio.o
 .data          0x0000000000120ce0        0x0 binaries/getstk.o
 .data          0x0000000000120ce0        0x0 binaries/getticks.o
 .data          0x0000000000120ce0        0x0 binaries/gettime.o
 .data          0x0000000000120ce0        0x0 binaries/getutime.o
 .data          0x0000000000120ce0       0x40 binaries/i386.o
                0x0000000000120ce0                gdt_copy
 .data          0x0000000000120d20        0x0 binaries/init.o
 .data          0x0000000000120d20        0x0 binaries/initialize.o
 .data          0x0000000000120d20        0x0 binaries/insert.o
 .data          0x0000000000120d20        0x0 binaries/insertd.o
 .data          0x0000000000120d20        0x0 binaries/ioerr.o
 .data          0x0000000000120d20        0x0 binaries/ionull.o
 .data          0x0000000000120d20        0x0 binaries/kill.o
 .data          0x0000000000120d20        0x0 binaries/kprintf.o
 .data          0x0000000000120d20        0x0 binaries/main.o
 .data          0x0000000000120d20        0x0 binaries/mark.o
 .data          0x0000000000120d20        0x0 binaries/meminit.o
 .data          0x0000000000120d20        0x0 binaries/mkbufpool.o
 .data          0x0000000000120d20        0x2 binaries/newqueue.o
 .data          0x0000000000120d22        0x0 binaries/open.o
 .data          0x0000000000120d22        0x0 binaries/panic.o
 *fill*         0x0000000000120d22        0x2 
 .data          0x0000000000120d24       0x10 binaries/pci.o
 .data          0x0000000000120d34        0x0 binaries/ptclear.o
 .data          0x0000000000120d34        0x0 binaries/ptcount.o
 .data          0x0000000000120d34        0x0 binaries/ptcreate.o
 .data          0x0000000000120d34        0x0 binaries/ptdelete.o
 .data          0x0000000000120d34        0x0 binaries/ptinit.o
 .data          0x0000000000120d34        0x0 binaries/ptrecv.o
 .data          0x0000000000120d34        0x0 binaries/ptreset.o
 .data          0x0000000000120d34        0x0 binaries/ptsend.o
 .data          0x0000000000120d34        0x0 binaries/putc.o
 .data          0x0000000000120d34        0x0 binaries/queue.o
 .data          0x0000000000120d34        0x0 binaries/read.o
 .data          0x0000000000120d34        0x0 binaries/ready.o
 .data          0x0000000000120d34        0x0 binaries/receive.o
 .data          0x0000000000120d34        0x0 binaries/recvclr.o
 .data          0x0000000000120d34        0x0 binaries/recvtime.o
 .data          0x0000000000120d34        0x0 binaries/resched.o
 .data          0x0000000000120d34        0x0 binaries/resume.o
 .data          0x0000000000120d34        0x0 binaries/seek.o
 .data          0x0000000000120d34        0x0 binaries/semcount.o
 .data          0x0000000000120d34        0x0 binaries/semcreate.o
 .data          0x0000000000120d34        0x0 binaries/semdelete.o
 .data          0x0000000000120d34        0x0 binaries/semreset.o
 .data          0x0000000000120d34        0x0 binaries/send.o
 .data          0x0000000000120d34        0x0 binaries/signal.o
 .data          0x0000000000120d34        0x0 binaries/signaln.o
 .data          0x0000000000120d34        0x0 binaries/sleep.o
 .data          0x0000000000120d34        0x4 binaries/spinlock.o
 .data          0x0000000000120d38        0x0 binaries/stacktrace.o
 .data          0x0000000000120d38        0x0 binaries/suspend.o
 .data          0x0000000000120d38        0x0 binaries/unsleep.o
 .data          0x0000000000120d38        0x0 binaries/userret.o
 .data          0x0000000000120d38        0x0 binaries/wait.o
 .data          0x0000000000120d38        0x0 binaries/wakeup.o
 .data          0x0000000000120d38        0x0 binaries/write.o
 .data          0x0000000000120d38        0x0 binaries/xdone.o
 .data          0x0000000000120d38        0x0 binaries/yield.o
 .data          0x0000000000120d38        0x0 binaries/abs.o
 .data          0x0000000000120d38        0x0 binaries/atoi.o
 .data          0x0000000000120d38        0x0 binaries/atol.o
 .data          0x0000000000120d38        0x0 binaries/bzero.o
 .data          0x0000000000120d38        0x0 binaries/ctype_.o
 .data          0x0000000000120d38        0x0 binaries/doprnt.o
 *fill*         0x0000000000120d38        0x8 
 .data          0x0000000000120d40       0x80 binaries/doscan.o
                0x0000000000120d40                _sctab
 .data          0x0000000000120dc0        0x0 binaries/fdoprnt.o
 .data          0x0000000000120dc0        0x0 binaries/fgetc.o
 .data          0x0000000000120dc0        0x0 binaries/fgets.o
 .data          0x0000000000120dc0        0x0 binaries/fprintf.o
 .data          0x0000000000120dc0        0x0 binaries/fputc.o
 .data          0x0000000000120dc0        0x0 binaries/fputs.o
 .data          0x0000000000120dc0        0x0 binaries/fscanf.o
 .data          0x0000000000120dc0        0x0 binaries/getchar.o
 .data          0x0000000000120dc0        0x0 binaries/labs.o
 .data          0x0000000000120dc0        0x0 binaries/memchr.o
 .data          0x0000000000120dc0        0x0 binaries/memcmp.o
 .data          0x0000000000120dc0        0x0 binaries/memcpy.o
 .data          0x0000000000120dc0        0x0 binaries/memset.o
 .data          0x0000000000120dc0        0x0 binaries/printf.o
 .data          0x0000000000120dc0        0x0 binaries/putchar.o
 .data          0x0000000000120dc0        0x0 binaries/qsort.o
 .data          0x0000000000120dc0        0x4 binaries/rand.o
 .data          0x0000000000120dc4        0x0 binaries/sprintf.o
 .data          0x0000000000120dc4        0x0 binaries/sscanf.o
 .data          0x0000000000120dc4        0x0 binaries/strchr.o
 .data          0x0000000000120dc4        0x0 binaries/strcmp.o
 .data          0x0000000000120dc4        0x0 binaries/strcpy.o
 .data          0x0000000000120dc4        0x0 binaries/strlen.o
 .data          0x0000000000120dc4        0x0 binaries/strncat.o
 .data          0x0000000000120dc4        0x0 binaries/strncmp.o
 .data          0x0000000000120dc4        0x0 binaries/strncpy.o
 .data          0x0000000000120dc4        0x0 binaries/strnlen.o
 .data          0x0000000000120dc4        0x0 binaries/strrchr.o
 .data          0x0000000000120dc4        0x0 binaries/strstr.o
 .data          0x0000000000120dc4        0x0 binaries/ttycontrol.o
 .data          0x0000000000120dc4        0x0 binaries/ttygetc.o
 .data          0x0000000000120dc4        0x0 binaries/ttyhandle_in.o
 .data          0x0000000000120dc4        0x0 binaries/ttyhandle_out.o
 .data          0x0000000000120dc4        0x0 binaries/ttyhandler.o
 .data          0x0000000000120dc4        0x0 binaries/ttyinit.o
 .data          0x0000000000120dc4        0x0 binaries/ttykickout.o
 .data          0x0000000000120dc4        0x0 binaries/ttyputc.o
 .data          0x0000000000120dc4        0x0 binaries/ttyread.o
 .data          0x0000000000120dc4        0x0 binaries/ttywrite.o
 .data          0x0000000000120dc4        0x0 binaries/mount.o
 .data          0x0000000000120dc4        0x0 binaries/naminit.o
 .data          0x0000000000120dc4        0x0 binaries/nammap.o
 .data          0x0000000000120dc4        0x0 binaries/namopen.o
 .data          0x0000000000120dc4        0x0 binaries/82545EMInit.o
 .data          0x0000000000120dc4        0x0 binaries/ethcontrol.o
 .data          0x0000000000120dc4        0x0 binaries/ethhandler.o
 .data          0x0000000000120dc4        0x0 binaries/ethinit.o
 .data          0x0000000000120dc4        0x0 binaries/ethread.o
 .data          0x0000000000120dc4        0x0 binaries/ethwrite.o
 .data          0x0000000000120dc4        0x0 binaries/rdsbufalloc.o
 .data          0x0000000000120dc4        0x0 binaries/rdsclose.o
 .data          0x0000000000120dc4        0x0 binaries/rdscomm.o
 .data          0x0000000000120dc4        0x0 binaries/rdscontrol.o
 .data          0x0000000000120dc4        0x0 binaries/rdsinit.o
 .data          0x0000000000120dc4        0x0 binaries/rdsopen.o
 .data          0x0000000000120dc4        0x0 binaries/rdsprocess.o
 .data          0x0000000000120dc4        0x0 binaries/rdsread.o
 .data          0x0000000000120dc4        0x0 binaries/rdswrite.o
 .data          0x0000000000120dc4        0x0 binaries/ramclose.o
 .data          0x0000000000120dc4        0x0 binaries/raminit.o
 .data          0x0000000000120dc4        0x0 binaries/ramopen.o
 .data          0x0000000000120dc4        0x0 binaries/ramread.o
 .data          0x0000000000120dc4        0x0 binaries/ramwrite.o
 .data          0x0000000000120dc4        0x0 binaries/lfdballoc.o
 .data          0x0000000000120dc4        0x0 binaries/lfdbfree.o
 .data          0x0000000000120dc4        0x0 binaries/lfflush.o
 .data          0x0000000000120dc4        0x0 binaries/lfgetmode.o
 .data          0x0000000000120dc4        0x0 binaries/lfiballoc.o
 .data          0x0000000000120dc4        0x0 binaries/lfibclear.o
 .data          0x0000000000120dc4        0x0 binaries/lfibget.o
 .data          0x0000000000120dc4        0x0 binaries/lfibput.o
 .data          0x0000000000120dc4        0x0 binaries/lflclose.o
 .data          0x0000000000120dc4        0x0 binaries/lflcontrol.o
 .data          0x0000000000120dc4        0x0 binaries/lflgetc.o
 .data          0x0000000000120dc4        0x0 binaries/lflinit.o
 .data          0x0000000000120dc4        0x0 binaries/lflputc.o
 .data          0x0000000000120dc4        0x0 binaries/lflread.o
 .data          0x0000000000120dc4        0x0 binaries/lflseek.o
 .data          0x0000000000120dc4        0x0 binaries/lflwrite.o
 .data          0x0000000000120dc4        0x0 binaries/lfscheck.o
 .data          0x0000000000120dc4        0x0 binaries/lfsckfmt.o
 .data          0x0000000000120dc4        0x0 binaries/lfscreate.o
 .data          0x0000000000120dc4        0x0 binaries/lfsetup.o
 .data          0x0000000000120dc4        0x0 binaries/lfsinit.o
 .data          0x0000000000120dc4        0x0 binaries/lfsopen.o
 .data          0x0000000000120dc4        0x0 binaries/lftruncate.o
 .data          0x0000000000120dc4        0x0 binaries/rflclose.o
 .data          0x0000000000120dc4        0x0 binaries/rflgetc.o
 .data          0x0000000000120dc4        0x0 binaries/rflinit.o
 .data          0x0000000000120dc4        0x0 binaries/rflputc.o
 .data          0x0000000000120dc4        0x0 binaries/rflread.o
 .data          0x0000000000120dc4        0x0 binaries/rflseek.o
 .data          0x0000000000120dc4        0x0 binaries/rflwrite.o
 .data          0x0000000000120dc4        0x0 binaries/rfscomm.o
 .data          0x0000000000120dc4        0x0 binaries/rfscontrol.o
 .data          0x0000000000120dc4        0x0 binaries/rfsgetmode.o
 .data          0x0000000000120dc4        0x0 binaries/rfsinit.o
 .data          0x0000000000120dc4        0x0 binaries/rfsndmsg.o
 .data          0x0000000000120dc4        0x0 binaries/rfsopen.o
 .data          0x0000000000120dc4        0x0 binaries/arp.o
 .data          0x0000000000120dc4        0x0 binaries/dhcp.o
 .data          0x0000000000120dc4        0x0 binaries/dns.o
 .data          0x0000000000120dc4        0x0 binaries/dot2ip.o
 .data          0x0000000000120dc4        0x0 binaries/hexdump.o
 .data          0x0000000000120dc4        0x4 binaries/icmp.o
 .data          0x0000000000120dc8        0x0 binaries/ip.o
 .data          0x0000000000120dc8        0x0 binaries/net.o
 .data          0x0000000000120dc8        0x0 binaries/pdump.o
 .data          0x0000000000120dc8        0x0 binaries/tftp.o
 .data          0x0000000000120dc8        0x4 binaries/udp.o
 .data          0x0000000000120dcc        0x0 binaries/addargs.o
 .data          0x0000000000120dcc        0x0 binaries/lexan.o
 .data          0x0000000000120dcc        0x4 binaries/shell.o
                0x0000000000120dcc                ncmd
 *fill*         0x0000000000120dd0       0x10 
 .data.rel.ro   0x0000000000120de0       0xfc binaries/shell.o
                0x0000000000120de0                cmdtab
 .data          0x0000000000120edc        0x0 binaries/xsh_argecho.o
 .data          0x0000000000120edc        0x0 binaries/xsh_arp.o
 .data          0x0000000000120edc        0x0 binaries/xsh_cat.o
 .data          0x0000000000120edc        0x0 binaries/xsh_clear.o
 .data          0x0000000000120edc        0x0 binaries/xsh_date.o
 .data          0x0000000000120edc        0x0 binaries/xsh_devdump.o
 .data          0x0000000000120edc        0x0 binaries/xsh_echo.o
 .data          0x0000000000120edc        0x0 binaries/xsh_exit.o
 .data          0x0000000000120edc        0x0 binaries/xsh_help.o
 .data          0x0000000000120edc        0x0 binaries/xsh_kill.o
 .data          0x0000000000120edc        0x0 binaries/xsh_memdump.o
 .data          0x0000000000120edc        0x0 binaries/xsh_memstat.o
 .data          0x0000000000120edc        0x0 binaries/xsh_netinfo.o
 .data          0x0000000000120edc        0x0 binaries/xsh_ping.o
 *fill*         0x0000000000120edc        0x4 
 .data          0x0000000000120ee0       0x20 binaries/xsh_ps.o
 .data          0x0000000000120f00        0x0 binaries/xsh_sleep.o
 .data          0x0000000000120f00        0x0 binaries/xsh_udpdump.o
 .data          0x0000000000120f00        0x0 binaries/xsh_udpecho.o
 .data          0x0000000000120f00        0x0 binaries/xsh_udpserver.o
 .data          0x0000000000120f00        0x0 binaries/xsh_uptime.o
 .data          0x0000000000120f00        0x0 binaries/clkdisp.o
 .data          0x0000000000120f00        0x0 binaries/ctxsw.o
 .data          0x0000000000120f00        0x0 binaries/intr.o
 .data          0x0000000000120f00        0x0 binaries/testandset.o
 .data          0x0000000000120f00        0x0 binaries/ttydispatch.o
 .data          0x0000000000120f00        0x0 binaries/ethdispatch.o
                0x0000000000120f00                edata = ABSOLUTE (.)
                0x0000000000120f00                _edata = ABSOLUTE (.)
                0x0000000000121000                . = ALIGN (0x1000)
 *fill*         0x0000000000120f00      0x100 

.got            0x0000000000121000        0x0
 .got           0x0000000000121000        0x0 binaries/start.o

.got.plt        0x0000000000121000        0xc
 .got.plt       0x0000000000121000        0xc binaries/start.o
                0x0000000000121000                _GLOBAL_OFFSET_TABLE_

.igot.plt       0x000000000012100c        0x0
 .igot.plt      0x000000000012100c        0x0 binaries/start.o

.bss            0x0000000000121020    0x1ffe0
                0x0000000000121020                bss = ABSOLUTE (.)
 *(.bss .bss.*)
 .bss           0x0000000000121020        0x0 binaries/start.o
 .bss           0x0000000000121020        0x0 binaries/ascdate.o
 .bss           0x0000000000121020        0x0 binaries/assembly_test.o
 .bss           0x0000000000121020        0x0 binaries/bufinit.o
 .bss           0x0000000000121020        0x0 binaries/chprio.o
 .bss           0x0000000000121020        0x0 binaries/clkhandler.o
 .bss           0x0000000000121020        0x4 binaries/clkinit.o
                0x0000000000121020                ctr1000
 .bss           0x0000000000121024        0x0 binaries/close.o
 .bss           0x0000000000121024        0x0 binaries/conf.o
 .bss           0x0000000000121024        0x0 binaries/control.o
 .bss           0x0000000000121024        0x0 binaries/create.o
 .bss           0x0000000000121024        0x4 binaries/evec.o
 .bss           0x0000000000121028        0x0 binaries/exit.o
 .bss           0x0000000000121028        0x0 binaries/freebuf.o
 .bss           0x0000000000121028        0x0 binaries/freemem.o
 .bss           0x0000000000121028        0x0 binaries/getbuf.o
 .bss           0x0000000000121028        0x0 binaries/getc.o
 .bss           0x0000000000121028        0x0 binaries/getdev.o
 .bss           0x0000000000121028        0x0 binaries/getitem.o
 .bss           0x0000000000121028        0x0 binaries/getmem.o
 .bss           0x0000000000121028        0x0 binaries/getpid.o
 .bss           0x0000000000121028        0x0 binaries/getprio.o
 .bss           0x0000000000121028        0x0 binaries/getstk.o
 .bss           0x0000000000121028        0x0 binaries/getticks.o
 .bss           0x0000000000121028        0x0 binaries/gettime.o
 .bss           0x0000000000121028        0x0 binaries/getutime.o
 .bss           0x0000000000121028        0x0 binaries/i386.o
 .bss           0x0000000000121028        0x0 binaries/init.o
 .bss           0x0000000000121028        0x0 binaries/initialize.o
 .bss           0x0000000000121028        0x0 binaries/insert.o
 .bss           0x0000000000121028        0x0 binaries/insertd.o
 .bss           0x0000000000121028        0x0 binaries/ioerr.o
 .bss           0x0000000000121028        0x0 binaries/ionull.o
 .bss           0x0000000000121028        0x0 binaries/kill.o
 .bss           0x0000000000121028        0x0 binaries/kprintf.o
 .bss           0x0000000000121028        0x0 binaries/main.o
 .bss           0x0000000000121028        0x0 binaries/mark.o
 .bss           0x0000000000121028        0x0 binaries/meminit.o
 .bss           0x0000000000121028        0x0 binaries/mkbufpool.o
 .bss           0x0000000000121028        0x0 binaries/newqueue.o
 .bss           0x0000000000121028        0x0 binaries/open.o
 .bss           0x0000000000121028        0x0 binaries/panic.o
 .bss           0x0000000000121028        0xc binaries/pci.o
 .bss           0x0000000000121034        0x0 binaries/ptclear.o
 .bss           0x0000000000121034        0x0 binaries/ptcount.o
 .bss           0x0000000000121034        0x0 binaries/ptcreate.o
 .bss           0x0000000000121034        0x0 binaries/ptdelete.o
 .bss           0x0000000000121034        0x0 binaries/ptinit.o
 .bss           0x0000000000121034        0x0 binaries/ptrecv.o
 .bss           0x0000000000121034        0x0 binaries/ptreset.o
 .bss           0x0000000000121034        0x0 binaries/ptsend.o
 .bss           0x0000000000121034        0x0 binaries/putc.o
 .bss           0x0000000000121034        0x0 binaries/queue.o
 .bss           0x0000000000121034        0x0 binaries/read.o
 .bss           0x0000000000121034        0x0 binaries/ready.o