
Merging program properties

Removed property 0xc0000002 to merge binaries/ascdate.o (0x3) and binaries/start.o (not found)
Removed property 0xc0000002 to merge binaries/ascdate.o (not found) and binaries/assembly_test.o (0x3)
Removed property 0xc0000002 to merge binaries/ascdate.o (not found) and binaries/bufinit.o (0x3)
Removed property 0xc0000002 to merge binaries/ascdate.o (not found) and binaries/chprio.o (0x3)
Removed property 0xc0000002 to merge binaries/ascdate.o (not found) and binaries/clkhandler.o (0x3)
Removed property 0xc0000002 to merge binaries/ascdate.o (not found) and binaries/clkinit.o (0x3)
Removed property 0xc0000002 to merge binaries/ascdate.o (not found) and binaries/close.o (0x3)
Removed property 0xc0000002 to merge binaries/ascdate.o (not found) and binaries/conf.o (0x3)
Removed property 0xc0000002 to merge binaries/ascdate.o (not found) and binaries/control.o (0x3)
Removed property 0xc0000002 to merge binaries/ascdate.o (not found) and binaries/create.o (0x3)
Removed property 0xc0000002 to merge binaries/ascdate.o (not found) and binaries/evec.o (0x3)
Removed property 0xc0000002 to merge binaries/ascdate.o (not found) and binaries/exit.o (0x3)
Removed property 0xc0000002 to merge binaries/ascdate.o (not found) and binaries/freebuf.o (0x3)
Removed property 0xc0000002 to merge binaries/ascdate.o (not found) and binaries/freemem.o (0x3)
Removed property 0xc0000002 to merge binaries/ascdate.o (not found) and binaries/getbuf.o (0x3)
Removed property 0xc0000002 to merge binaries/ascdate.o (not found) and binaries/getc.o (0x3)
Removed property 0xc0000002 to merge binaries/ascdate.o (not found) and binaries/getdev.o (0x3)
Removed property 0xc0000002 to merge binaries/ascdate.o (not found) and binaries/getitem.o (0x3)
Removed property 0xc0000002 to merge binaries/ascdate.o (not found) and binaries/getmem.o (0x3)
Removed property 0xc0000002 to merge binaries/ascdate.o (not found) and binaries/getpid.o (0x3)
Removed property 0xc0000002 to merge binaries/ascdate.o (not found) and binaries/getprio.o (0x3)
Removed property 0xc0000002 to merge binaries/ascdate.o (not found) and binaries/getstk.o (0x3)
Removed property 0xc0000002 to merge binaries/ascdate.o (not found) and binaries/getticks.o (0x3)
Removed property 0xc0000002 to merge binaries/ascdate.o (not found) and binaries/gettime.o (0x3)
Removed property 0xc0000002 to merge binaries/ascdate.o (not found) and binaries/getutime.o (0x3)
Removed property 0xc0000002 to merge binaries/ascdate.o (not found) and binaries/i386.o (0x3)
Removed property 0xc0000002 to merge binaries/ascdate.o (not found) and binaries/init.o (0x3)
Removed property 0xc0000002 to merge binaries/ascdate.o (not found) and binaries/initialize.o (0x3)
Removed property 0xc0000002 to merge binaries/ascdate.o (not found) and binaries/insert.o (0x3)
Removed property 0xc0000002 to merge binaries/ascdate.o (not found) and binaries/insertd.o (0x3)
Removed property 0xc0000002 to merge binaries/ascdate.o (not found) and binaries/ioerr.o (0x3)
Removed property 0xc0000002 to merge binaries/ascdate.o (not found) and binaries/ionull.o (0x3)
Removed property 0xc0000002 to merge binaries/ascdate.o (not found) and binaries/kill.o (0x3)
Removed property 0xc0000002 to merge binaries/ascdate.o (not found) and binaries/kprintf.o (0x3)
Removed property 0xc0000002 to merge binaries/ascdate.o (not found) and binaries/main.o (0x3)
Removed property 0xc0000002 to merge binaries/ascdate.o (not found) and binaries/mark.o (0x3)
Removed property 0xc0000002 to merge binaries/ascdate.o (not found) and binaries/meminit.o (0x3)
Removed property 0xc0000002 to merge binaries/ascdate.o (not found) and binaries/mkbufpool.o (0x3)
Removed property 0xc0000002 to merge binaries/ascdate.o (not found) and binaries/newqueue.o (0x3)
Removed property 0xc0000002 to merge binaries/ascdate.o (not found) and binaries/open.o (0x3)
Removed property 0xc0000002 to merge binaries/ascdate.o (not found) and binaries/panic.o (0x3)
Removed property 0xc0000002 to merge binaries/ascdate.o (not found) and binaries/pci.o (0x3)
Removed property 0xc0000002 to merge binaries/ascdate.o (not found) and binaries/ptclear.o (0x3)
Removed property 0xc0000002 to merge binaries/ascdate.o (not found) and binaries/ptcount.o (0x3)
Removed property 0xc0000002 to merge binaries/ascdate.o (not found) and binaries/ptcreate.o (0x3)
Removed property 0xc0000002 to merge binaries/ascdate.o (not found) and binaries/ptdelete.o (0x3)
Removed property 0xc0000002 to merge binaries/ascdate.o (not found) and binaries/ptinit.o (0x3)
Removed property 0xc0000002 to merge binaries/ascdate.o (not found) and binaries/ptrecv.o (0x3)
Removed property 0xc0000002 to merge binaries/ascdate.o (not found) and binaries/ptreset.o (0x3)
Removed property 0xc0000002 to merge binaries/ascdate.o (not found) and binaries/ptsend.o (0x3)
Removed property 0xc0000002 to merge binaries/ascdate.o (not found) and binaries/putc.o (0x3)
[...]
Memory Configuration

Name             Origin             Length             Attributes
*default*        0x0000000000000000 0xffffffffffffffff

Linker script and memory map

                0x0000000000100000                physbase = 0x100000
                0x0000000000100000                . = physbase
                0x0000000000100000                . = ALIGN (0x1000)

.text           0x0000000000100000    0x1d000
                0x0000000000100000                text = ABSOLUTE (.)
 *(.text .text.*)
 .text          0x0000000000100000      0x165 binaries/start.o
                0x0000000000100020                entry
                0x000000000010003d                start
                0x00000000001000a5                inb
                0x00000000001000ad                inw
                0x00000000001000b6                inl
                0x00000000001000be                outb
                0x00000000001000c8                outw
                0x00000000001000d3                outl
                0x00000000001000dd                _rtcin
                0x00000000001000e8                ___udivsi3
                0x00000000001000f3                ___divsi3
                0x00000000001000ff                sbzero
                0x000000000010010f                bcopy
                0x0000000000100123                insw
                0x0000000000100139                outsw
                0x000000000010014f                lidt
                0x0000000000100157                jumptocode
                0x000000000010015e                jumptobootcode
 .text          0x0000000000100165      0x408 binaries/ascdate.o
                0x0000000000100165                ascdate
 .text.__x86.get_pc_thunk.cx
                0x000000000010056d        0x4 binaries/ascdate.o
                0x000000000010056d                __x86.get_pc_thunk.cx
 .text          0x0000000000100571       0x46 binaries/assembly_test.o
                0x0000000000100571                assembly_test
 .text.__x86.get_pc_thunk.ax
                0x00000000001005b7        0x4 binaries/assembly_test.o
                0x00000000001005b7                __x86.get_pc_thunk.ax
 .text          0x00000000001005bb       0x24 binaries/bufinit.o
                0x00000000001005bb                bufinit
 .text          0x00000000001005df       0xa6 binaries/chprio.o
                0x00000000001005df                chprio
 .text.__x86.get_pc_thunk.bx
                0x0000000000100685        0x4 binaries/chprio.o
                0x0000000000100685                __x86.get_pc_thunk.bx
 .text          0x0000000000100689       0xdb binaries/clkhandler.o
                0x0000000000100689                clkhandler
 .text          0x0000000000100764       0x99 binaries/clkinit.o
                0x0000000000100764                clkinit
 .text          0x00000000001007fd       0x8a binaries/close.o
                0x00000000001007fd                close
 .text          0x0000000000100887        0x0 binaries/conf.o
 .text          0x0000000000100887       0x90 binaries/control.o
                0x0000000000100887                control
 .text          0x0000000000100917      0x2f5 binaries/create.o
                0x0000000000100917                create
 .text          0x0000000000100c0c      0x3d8 binaries/evec.o
                0x0000000000100c0c                initevec
                0x0000000000100c7c                set_evec
                0x0000000000100d40                trap
 .text          0x0000000000100fe4       0x2d binaries/exit.o
                0x0000000000100fe4                exit
 .text          0x0000000000101011       0xa5 binaries/freebuf.o
                0x0000000000101011                freebuf
 .text          0x00000000001010b6      0x199 binaries/freemem.o
                0x00000000001010b6                freemem
 .text          0x000000000010124f       0xa3 binaries/getbuf.o
                0x000000000010124f                getbuf
 .text          0x00000000001012f2       0x8a binaries/getc.o
                0x00000000001012f2                getc
 .text          0x000000000010137c       0x8a binaries/getdev.o
                0x000000000010137c                getdev
 .text          0x0000000000101406      0x11d binaries/getitem.o
                0x0000000000101406                getfirst
                0x0000000000101460                getlast
                0x00000000001014bc                getitem
 .text.__x86.get_pc_thunk.dx
                0x0000000000101523        0x4 binaries/getitem.o
                0x0000000000101523                __x86.get_pc_thunk.dx
 .text          0x0000000000101527      0x136 binaries/getmem.o
                0x0000000000101527                getmem
 .text          0x000000000010165d       0x1b binaries/getpid.o
                0x000000000010165d                getpid
 .text          0x0000000000101678       0x90 binaries/getprio.o
                0x0000000000101678                getprio
 .text          0x0000000000101708      0x11d binaries/getstk.o
                0x0000000000101708                getstk
 .text          0x0000000000101825       0x24 binaries/getticks.o
                0x0000000000101825                getticks
 .text          0x0000000000101849       0x4e binaries/gettime.o
                0x0000000000101849                gettime
 .text          0x0000000000101897      0x220 binaries/getutime.o
                0x0000000000101897                getutime
 .text          0x0000000000101ab7      0x447 binaries/i386.o
                0x0000000000101ab7                setsegs
                0x0000000000101bf7                init8259
                0x0000000000101cbd                pseg
                0x0000000000101e89                setirmask
 .text          0x0000000000101efe       0x8a binaries/init.o
                0x0000000000101efe                init
 .text          0x0000000000101f88      0x462 binaries/initialize.o
                0x0000000000101f88                nulluser
                0x000000000010236f                stop
                0x00000000001023ae                delay
 .text          0x00000000001023ea      0x109 binaries/insert.o
                0x00000000001023ea                insert
 .text          0x00000000001024f3      0x142 binaries/insertd.o
                0x00000000001024f3                insertd
 .text          0x0000000000102635       0x18 binaries/ioerr.o
                0x0000000000102635                ioerr
 .text          0x000000000010264d       0x18 binaries/ionull.o
                0x000000000010264d                ionull
 .text          0x0000000000102665      0x1cd binaries/kill.o
                0x0000000000102665                kill
 .text          0x0000000000102832      0x18e binaries/kprintf.o
                0x0000000000102832                kputc
                0x00000000001028da                kgetc
                0x0000000000102980                kprintf
 .text          0x00000000001029c0      0x4c2 binaries/main.o
                0x00000000001029c0                sync_printf
                0x0000000000102b05                increment
                0x0000000000102bef                nthreads
                0x0000000000102d77                main
 .text          0x0000000000102e82       0xf6 binaries/mark.o
                0x0000000000102e82                markinit
                0x0000000000102ebf                mark
 .text          0x0000000000102f78       0xf9 binaries/meminit.o
                0x0000000000102f78                meminit
 .text          0x0000000000103071      0x196 binaries/mkbufpool.o
                0x0000000000103071                mkbufpool
 .text          0x0000000000103207       0xbf binaries/newqueue.o
                0x0000000000103207                newqueue
 .text          0x00000000001032c6       0x90 binaries/open.o
                0x00000000001032c6                open
 .text          0x0000000000103356       0x32 binaries/panic.o
                0x0000000000103356                panic
 .text          0x0000000000103388      0x56c binaries/pci.o
                0x0000000000103388                pci_init
                0x00000000001036b2                find_pci_device
                0x0000000000103711                pci_bios_read_config_byte
                0x0000000000103761                pci_bios_read_config_word
                0x00000000001037b4                pci_bios_read_config_dword
                0x0000000000103804                pci_bios_write_config_byte
                0x0000000000103856                pci_bios_write_config_word
                0x00000000001038a8                pci_bios_write_config_dword
 .text.__x86.get_pc_thunk.si
                0x00000000001038f4        0x4 binaries/pci.o
                0x00000000001038f4                __x86.get_pc_thunk.si
 .text          0x00000000001038f8      0x109 binaries/ptclear.o
                0x00000000001038f8                _ptclear
 .text          0x0000000000103a01       0xb3 binaries/ptcount.o
                0x0000000000103a01                ptcount
 .text          0x0000000000103ab4      0x138 binaries/ptcreate.o
                0x0000000000103ab4                ptcreate
 .text          0x0000000000103bec       0x98 binaries/ptdelete.o
                0x0000000000103bec                ptdelete
 .text          0x0000000000103c84       0xe9 binaries/ptinit.o
                0x0000000000103c84                ptinit
 .text          0x0000000000103d6d      0x139 binaries/ptrecv.o
                0x0000000000103d6d                ptrecv
 .text          0x0000000000103ea6       0x8d binaries/ptreset.o
                0x0000000000103ea6                ptreset
 .text          0x0000000000103f33      0x15e binaries/ptsend.o
                0x0000000000103f33                ptsend
 .text          0x0000000000104091       0x95 binaries/putc.o
                0x0000000000104091                putc
 .text          0x0000000000104126      0x14e binaries/queue.o
                0x0000000000104126                enqueue
                0x00000000001041eb                dequeue
 .text          0x0000000000104274       0x90 binaries/read.o
                0x0000000000104274                read
 .text          0x0000000000104304       0x90 binaries/ready.o
                0x0000000000104304                ready
 .text          0x0000000000104394       0xae binaries/receive.o
                0x0000000000104394                receive
 .text          0x0000000000104442       0x74 binaries/recvclr.o
                0x0000000000104442                recvclr
 .text          0x00000000001044b6       0xd9 binaries/recvtime.o
                0x00000000001044b6                recvtime
 .text          0x000000000010458f      0x1d2 binaries/resched.o
                0x000000000010458f                resched
                0x00000000001046c0                resched_cntl
 .text          0x0000000000104761       0xc3 binaries/resume.o
                0x0000000000104761                resume
 .text          0x0000000000104824       0x8e binaries/seek.o
                0x0000000000104824                seek
 .text          0x00000000001048b2       0x8b binaries/semcount.o
                0x00000000001048b2                semcount
 .text          0x000000000010493d      0x108 binaries/semcreate.o
                0x000000000010493d                semcreate
 .text          0x0000000000104a45       0xe3 binaries/semdelete.o
                0x0000000000104a45                semdelete
 .text          0x0000000000104b28       0xe7 binaries/semreset.o
                0x0000000000104b28                semreset
 .text          0x0000000000104c0f      0x115 binaries/send.o
                0x0000000000104c0f                send
 .text          0x0000000000104d24       0xbe binaries/signal.o
                0x0000000000104d24                signal
 .text          0x0000000000104de2       0xec binaries/signaln.o
                0x0000000000104de2                signaln
 .text          0x0000000000104ece      0x116 binaries/sleep.o
                0x0000000000104ece                sleep
                0x0000000000104f2a                sleepms
 .text          0x0000000000104fe4      0x172 binaries/spinlock.o
                0x0000000000104fe4                sl_initlock
                0x0000000000105047                sl_lock
                0x00000000001050c2                sl_unlock
 .text          0x0000000000105156      0x1b8 binaries/stacktrace.o
                0x0000000000105156                stacktrace
 .text          0x000000000010530e       0xf9 binaries/suspend.o
                0x000000000010530e                suspend
 .text          0x0000000000105407      0x104 binaries/unsleep.o
                0x0000000000105407                unsleep
 .text          0x000000000010550b       0x2d binaries/userret.o
                0x000000000010550b                userret
 .text          0x0000000000105538       0xf9 binaries/wait.o
                0x0000000000105538                wait
 .text          0x0000000000105631       0x9c binaries/wakeup.o
                0x0000000000105631                wakeup
 .text          0x00000000001056cd       0x90 binaries/write.o
                0x00000000001056cd                write
 .text          0x000000000010575d       0x33 binaries/xdone.o
                0x000000000010575d                xdone
 .text          0x0000000000105790       0x3b binaries/yield.o
                0x0000000000105790                yield
 .text          0x00000000001057cb       0x1f binaries/abs.o
                0x00000000001057cb                abs
 .text          0x00000000001057ea       0x9e binaries/atoi.o
                0x00000000001057ea                atoi
 .text          0x0000000000105888       0x9e binaries/atol.o
                0x0000000000105888                atol
 .text          0x0000000000105926       0x40 binaries/bzero.o
                0x0000000000105926                bzero
 .text          0x0000000000105966        0x0 binaries/ctype_.o
 .text          0x0000000000105966      0x96b binaries/doprnt.o
                0x0000000000105966                _doprnt
 .text          0x00000000001062d1      0x709 binaries/doscan.o
                0x00000000001062d1                _doscan
 .text.__x86.get_pc_thunk.di
                0x00000000001069da        0x4 binaries/doscan.o
                0x00000000001069da                __x86.get_pc_thunk.di
 .text          0x00000000001069de      0x788 binaries/fdoprnt.o
                0x00000000001069de                _fdoprnt
 .text          0x0000000000107166       0x3d binaries/fgetc.o
                0x0000000000107166                fgetc
 .text          0x00000000001071a3       0x88 binaries/fgets.o
                0x00000000001071a3                fgets
 .text          0x000000000010722b       0x40 binaries/fprintf.o
                0x000000000010722b                fprintf
 .text          0x000000000010726b       0x40 binaries/fputc.o
                0x000000000010726b                fputc
 .text          0x00000000001072ab       0x56 binaries/fputs.o
                0x00000000001072ab                fputs
 .text          0x0000000000107301       0xc2 binaries/fscanf.o
                0x0000000000107301                fscanf
 .text          0x00000000001073c3       0x4a binaries/getchar.o
                0x00000000001073c3                getchar
 .text          0x000000000010740d       0x1f binaries/labs.o
                0x000000000010740d                labs
 .text          0x000000000010742c        0x0 binaries/memchr.o
 .text          0x000000000010742c       0x5f binaries/memcmp.o
                0x000000000010742c                memcmp
 .text          0x000000000010748b       0x4d binaries/memcpy.o
                0x000000000010748b                memcpy
 .text          0x00000000001074d8       0x3e binaries/memset.o
                0x00000000001074d8                memset
 .text          0x0000000000107516       0x61 binaries/printf.o
                0x0000000000107516                printf
 .text          0x0000000000107577       0x4d binaries/putchar.o
                0x0000000000107577                putchar
 .text          0x00000000001075c4      0x2bf binaries/qsort.o
                0x00000000001075c4                qsort
 .text          0x0000000000107883       0x8d binaries/rand.o
                0x0000000000107883                rand
                0x00000000001078ab                rand_r
                0x00000000001078f3                srand
 .text          0x0000000000107910       0x8a binaries/sprintf.o
                0x0000000000107910                sprintf
 .text          0x000000000010799a       0xa4 binaries/sscanf.o
                0x000000000010799a                sscanf
 .text          0x0000000000107a3e       0x4a binaries/strchr.o
                0x0000000000107a3e                strchr
 .text          0x0000000000107a88       0x53 binaries/strcmp.o
                0x0000000000107a88                strcmp
 .text          0x0000000000107adb       0x35 binaries/strcpy.o
                0x0000000000107adb                strcpy
 .text          0x0000000000107b10       0x34 binaries/strlen.o
                0x0000000000107b10                strlen
 .text          0x0000000000107b44       0x64 binaries/strncat.o
                0x0000000000107b44                strncat
 .text          0x0000000000107ba8       0x6c binaries/strncmp.o
                0x0000000000107ba8                strncmp
 .text          0x0000000000107c14       0x5d binaries/strncpy.o
                0x0000000000107c14                strncpy
 .text          0x0000000000107c71       0x3c binaries/strnlen.o
                0x0000000000107c71                strnlen
 .text          0x0000000000107cad       0x53 binaries/strrchr.o
                0x0000000000107cad                strrchr
 .text          0x0000000000107d00       0x7c binaries/strstr.o
                0x0000000000107d00                strstr
 .text          0x0000000000107d7c      0x100 binaries/ttycontrol.o
                0x0000000000107d7c                ttycontrol
 .text          0x0000000000107e7c       0xaf binaries/ttygetc.o
                0x0000000000107e7c                ttygetc
 .text          0x0000000000107f2b      0x73b binaries/ttyhandle_in.o
                0x0000000000107f2b                ttyhandle_in
 .text          0x0000000000108666      0x1c5 binaries/ttyhandle_out.o
                0x0000000000108666                ttyhandle_out
 .text          0x000000000010882b       0xec binaries/ttyhandler.o
                0x000000000010882b                ttyhandler
 .text          0x0000000000108917      0x241 binaries/ttyinit.o
                0x0000000000108917                ttyinit
 .text          0x0000000000108b58       0x2f binaries/ttykickout.o
                0x0000000000108b58                ttykickout
 .text          0x0000000000108b87       0xcd binaries/ttyputc.o
                0x0000000000108b87                ttyputc
 .text          0x0000000000108c54      0x12f binaries/ttyread.o
                0x0000000000108c54                ttyread
 .text          0x0000000000108d83       0x60 binaries/ttywrite.o
                0x0000000000108d83                ttywrite
 .text          0x0000000000108de3      0x17c binaries/mount.o
                0x0000000000108de3                mount
                0x0000000000108f1b                namlen
 .text          0x0000000000108f5f      0x224 binaries/naminit.o
                0x0000000000108f5f                naminit
 .text          0x0000000000109183      0x24f binaries/nammap.o
                0x0000000000109183                nammap
                0x0000000000109224                namrepl
                0x0000000000109374                namcpy
 .text          0x00000000001093d2       0x61 binaries/namopen.o
                0x00000000001093d2                namopen
 .text          0x0000000000109433      0xf47 binaries/82545EMInit.o
                0x00000000001094b0                _82545EMInit
                0x000000000010a1c8                _82545EM_read_phy_reg
                0x000000000010a29d                _82545EM_write_phy_reg
 .text          0x000000000010a37a      0x295 binaries/ethcontrol.o
                0x000000000010a3f7                ethcontrol
                0x000000000010a584                ethIrqDisable
                0x000000000010a5c8                ethIrqEnable
 .text          0x000000000010a60f      0x2a6 binaries/ethhandler.o
                0x000000000010a7b8                ethhandler
 .text          0x000000000010a8b5      0x142 binaries/ethinit.o
                0x000000000010a8b5                ethinit
 .text          0x000000000010a9f7      0x22b binaries/ethread.o
                0x000000000010aa74                ethread
 .text          0x000000000010ac22      0x1d4 binaries/ethwrite.o
                0x000000000010ac9f                ethwrite
 .text          0x000000000010adf6       0xb3 binaries/rdsbufalloc.o
                0x000000000010adf6                rdsbufalloc
 .text          0x000000000010aea9       0xd3 binaries/rdsclose.o
                0x000000000010aea9                rdsclose
 .text          0x000000000010af7c      0x308 binaries/rdscomm.o
                0x000000000010af7c                rdscomm
 .text          0x000000000010b284      0x243 binaries/rdscontrol.o
                0x000000000010b284                rdscontrol
 .text          0x000000000010b4c7      0x202 binaries/rdsinit.o
                0x000000000010b4c7                rdsinit
 .text          0x000000000010b6c9      0x1a8 binaries/rdsopen.o
                0x000000000010b6c9                rdsopen
 .text          0x000000000010b871      0x47b binaries/rdsprocess.o
                0x000000000010b871                rdsprocess
 .text          0x000000000010bcec      0x264 binaries/rdsread.o
                0x000000000010bcec                rdsread
 .text          0x000000000010bf50      0x204 binaries/rdswrite.o
                0x000000000010bf50                rdswrite
 .text          0x000000000010c154       0x18 binaries/ramclose.o
                0x000000000010c154                ramclose
 .text          0x000000000010c16c       0x5c binaries/raminit.o
                0x000000000010c16c                raminit
 .text          0x000000000010c1c8       0x18 binaries/ramopen.o
                0x000000000010c1c8                ramopen
 .text          0x000000000010c1e0       0x4b binaries/ramread.o
                0x000000000010c1e0                ramread
 .text          0x000000000010c22b       0x4b binaries/ramwrite.o
                0x000000000010c22b                ramwrite
 .text          0x000000000010c276       0xc8 binaries/lfdballoc.o
                0x000000000010c276                lfdballoc
 .text          0x000000000010c33e       0x70 binaries/lfdbfree.o
                0x000000000010c33e                lfdbfree
 .text          0x000000000010c3ae       0xe4 binaries/lfflush.o
                0x000000000010c3ae                lfflush
 .text          0x000000000010c492       0xed binaries/lfgetmode.o
                0x000000000010c492                lfgetmode
 .text          0x000000000010c57f       0x96 binaries/lfiballoc.o
                0x000000000010c57f                lfiballoc
 .text          0x000000000010c615       0x49 binaries/lfibclear.o
                0x000000000010c615                lfibclear
 .text          0x000000000010c65e       0xc0 binaries/lfibget.o
                0x000000000010c65e                lfibget
 .text          0x000000000010c71e       0xef binaries/lfibput.o
                0x000000000010c71e                lfibput
 .text          0x000000000010c80d       0xbf binaries/lflclose.o
                0x000000000010c80d                lflclose
 .text          0x000000000010c8cc       0xf1 binaries/lflcontrol.o
                0x000000000010c8cc                lflcontrol
 .text          0x000000000010c9bd      0x108 binaries/lflgetc.o
                0x000000000010c9bd                lflgetc
 .text          0x000000000010cac5      0x104 binaries/lflinit.o
                0x000000000010cac5                lflinit
 .text          0x000000000010cbc9      0x13e binaries/lflputc.o
                0x000000000010cbc9                lflputc
 .text          0x000000000010cd07       0x83 binaries/lflread.o
                0x000000000010cd07                lflread
 .text          0x000000000010cd8a       0xc2 binaries/lflseek.o
                0x000000000010cd8a                lflseek
 .text          0x000000000010ce4c       0x68 binaries/lflwrite.o
                0x000000000010ce4c                lflwrite
 .text          0x000000000010ceb4       0x70 binaries/lfscheck.o
                0x000000000010ceb4                lfscheck
 .text          0x000000000010cf24      0x198 binaries/lfsckfmt.o
                0x000000000010cf24                lfsckfmt
 .text          0x000000000010d0bc      0x1c2 binaries/lfscreate.o
                0x000000000010d0bc                lfscreate
 .text          0x000000000010d27e      0x2a7 binaries/lfsetup.o
                0x000000000010d27e                lfsetup
 .text          0x000000000010d525       0x83 binaries/lfsinit.o
                0x000000000010d525                lfsinit
 .text          0x000000000010d5a8      0x415 binaries/lfsopen.o
                0x000000000010d5a8                lfsopen
 .text          0x000000000010d9bd      0x18e binaries/lftruncate.o
                0x000000000010d9bd                lftruncate
 .text          0x000000000010db4b       0x93 binaries/rflclose.o
                0x000000000010db4b                rflclose
 .text          0x000000000010dbde       0x46 binaries/rflgetc.o
                0x000000000010dbde                rflgetc
 .text          0x000000000010dc24       0x8a binaries/rflinit.o
                0x000000000010dc24                rflinit
 .text          0x000000000010dcae       0x47 binaries/rflputc.o
                0x000000000010dcae                rflputc
 .text          0x000000000010dcf5      0x39a binaries/rflread.o
                0x000000000010dcf5                rflread
 .text          0x000000000010e08f       0x96 binaries/rflseek.o
                0x000000000010e08f                rflseek
 .text          0x000000000010e125      0x385 binaries/rflwrite.o
                0x000000000010e125                rflwrite
 .text          0x000000000010e4aa      0x221 binaries/rfscomm.o
                0x000000000010e4aa                rfscomm
 .text          0x000000000010e6cb      0x2b3 binaries/rfscontrol.o
                0x000000000010e6cb                rfscontrol
 .text          0x000000000010e97e       0xed binaries/rfsgetmode.o
                0x000000000010e97e                rfsgetmode
 .text          0x000000000010ea6b       0xb7 binaries/rfsinit.o
                0x000000000010ea6b                rfsinit
 .text          0x000000000010eb22      0x126 binaries/rfsndmsg.o
                0x000000000010eb22                rfsndmsg
 .text          0x000000000010ec48      0x2e7 binaries/rfsopen.o
                0x000000000010ec48                rfsopen
 .text          0x000000000010ef2f      0x8ff binaries/arp.o
                0x000000000010ef2f                arp_init
                0x000000000010ef7a                arp_resolve
                0x000000000010f26c                arp_in
                0x000000000010f552                arp_alloc
                0x000000000010f638                arp_ntoh
                0x000000000010f733                arp_hton
 .text          0x000000000010f82e      0x991 binaries/dhcp.o
                0x000000000010f82e                dhcp_get_opt_val
                0x000000000010f895                dhcp_bld_bootp_msg
                0x000000000010f9c0                dhcp_bld_disc
                0x000000000010fab1                dhcp_bld_req
                0x000000000010fc32                getlocalip
 .text          0x00000000001101bf      0x5fc binaries/dns.o
                0x00000000001101bf                dnslookup
 .text          0x00000000001107bb       0xf8 binaries/dot2ip.o
                0x00000000001107bb                dot2ip
 .text          0x00000000001108b3      0x530 binaries/hexdump.o
                0x00000000001108b3                hexdump
                0x0000000000110a85                hexadump
 .text          0x0000000000110de3      0x968 binaries/icmp.o
                0x0000000000110de3                icmp_init
                0x0000000000110e2d                icmp_in
                0x0000000000111012                icmp_register
                0x0000000000111120                icmp_recv
                0x00000000001112c2                icmp_send
                0x000000000011135b                icmp_mkpkt
                0x0000000000111493                icmp_release
                0x00000000001115a4                icmp_cksum
                0x0000000000111645                icmp_hton
                0x00000000001116c8                icmp_ntoh
 .text          0x000000000011174b      0x990 binaries/ip.o
                0x000000000011174b                ip_in
                0x00000000001118f4                ip_send
                0x0000000000111a7a                ip_local
                0x0000000000111adf                ip_out
                0x0000000000111c2b                ipcksum
                0x0000000000111cbf                ip_ntoh
                0x0000000000111dba                ip_hton
                0x0000000000111eb5                ipout
                0x0000000000112010                ip_enqueue
 .text          0x00000000001120db      0x348 binaries/net.o
                0x00000000001120db                net_init
                0x000000000011223b                netin
                0x0000000000112312                eth_hton
                0x000000000011234b                eth_ntoh
                0x0000000000112384                getport
 .text          0x0000000000112423     0x15c4 binaries/pdump.o
                0x0000000000112423                pdump
                0x000000000011327f                pdumph
 .text          0x00000000001139e7      0x668 binaries/tftp.o
                0x00000000001139e7                tftp_send1
                0x0000000000113b7e                tftpget
                0x0000000000113bbe                tftpget_mb
 .text          0x000000000011404f      0xc5e binaries/udp.o
                0x000000000011404f                udp_init
                0x0000000000114099                udp_in
                0x00000000001141f0                udp_register
                0x0000000000114343                udp_recv
                0x00000000001144f6                udp_recvaddr
                0x00000000001146c1                udp_send
                0x00000000001148c8                udp_sendto
                0x0000000000114a97                udp_release
                0x0000000000114ba7                udp_ntoh
                0x0000000000114c2a                udp_hton
 .text          0x0000000000114cad      0x151 binaries/addargs.o
                0x0000000000114cad                addargs
 .text          0x0000000000114dfe      0x2df binaries/lexan.o
                0x0000000000114dfe                lexan
 .text          0x00000000001150dd      0x6e1 binaries/shell.o
                0x00000000001150dd                shell
 .text          0x00000000001157be       0x82 binaries/xsh_argecho.o
                0x00000000001157be                xsh_argecho
 .text          0x0000000000115840      0x2d4 binaries/xsh_arp.o
                0x0000000000115840                xsh_arp
 .text          0x0000000000115b14      0x2b2 binaries/xsh_cat.o
                0x0000000000115b14                xsh_cat
 .text          0x0000000000115dc6       0x7e binaries/xsh_clear.o
                0x0000000000115dc6                xsh_clear
 .text          0x0000000000115e44      0x358 binaries/xsh_date.o
                0x0000000000115e44                xsh_date
 .text          0x000000000011619c       0xcf binaries/xsh_devdump.o
                0x000000000011619c                xsh_devdump
 .text          0x000000000011626b       0x8b binaries/xsh_echo.o
                0x000000000011626b                xsh_echo
 .text          0x00000000001162f6       0x18 binaries/xsh_exit.o
                0x00000000001162f6                xsh_exit
 .text          0x000000000011630e      0x3ed binaries/xsh_help.o
                0x000000000011630e                xsh_help
 .text          0x00000000001166fb      0x28b binaries/xsh_kill.o
                0x00000000001166fb                xsh_kill
 .text          0x0000000000116986      0x5b5 binaries/xsh_memdump.o
                0x0000000000116986                xsh_memdump
 .text          0x0000000000116f3b      0x322 binaries/xsh_memstat.o
                0x0000000000116f3b                xsh_memstat
 .text          0x000000000011725d      0x5d9 binaries/xsh_netinfo.o
                0x000000000011725d                xsh_netinfo
 .text          0x0000000000117836      0x4eb binaries/xsh_ping.o
                0x0000000000117836                xsh_ping
 .text          0x0000000000117d21      0x280 binaries/xsh_ps.o
                0x0000000000117d21                xsh_ps
 .text          0x0000000000117fa1      0x269 binaries/xsh_sleep.o
                0x0000000000117fa1                xsh_sleep
 .text          0x000000000011820a      0x2dc binaries/xsh_udpdump.o
                0x000000000011820a                xsh_udpdump
 .text          0x00000000001184e6      0x539 binaries/xsh_udpecho.o
                0x00000000001184e6                xsh_udpecho
 .text          0x0000000000118a1f      0x2ff binaries/xsh_udpserver.o
                0x0000000000118a1f                xsh_udpeserver
 .text          0x0000000000118d1e      0x234 binaries/xsh_uptime.o
                0x0000000000118d1e                xsh_uptime
 .text          0x0000000000118f52        0xe binaries/clkdisp.o
                0x0000000000118f52                clkdisp
 .text          0x0000000000118f60       0x19 binaries/ctxsw.o
                0x0000000000118f60                ctxsw
 .text          0x0000000000118f79      0x368 binaries/intr.o
                0x0000000000118f79                disable
                0x0000000000118f82                restore
                0x0000000000118f90                enable
                0x0000000000118f92                pause
                0x0000000000118f99                halt
                0x0000000000118f9c                spurious_irq7
                0x0000000000118fa1                spurious_irq15
                0x0000000000118fb0                _Xint0
                0x0000000000118fbb                _Xint1
                0x0000000000118fc6                _Xint2
                0x0000000000118fd1                _Xint3
                0x0000000000118fdc                _Xint4
                0x0000000000118fe7                _Xint5
                0x0000000000118ff2                _Xint6
                0x0000000000118ffd                _Xint7
                0x0000000000119008                _Xint8
                0x0000000000119013                _Xint9
                0x000000000011901e                _Xint10
                0x0000000000119029                _Xint11
                0x0000000000119037                _Xint12
                0x0000000000119045                _Xint13
                0x0000000000119053                _Xint14
                0x0000000000119061                _Xint15
                0x000000000011906f                _Xint16
                0x000000000011907d                _Xint17
                0x000000000011908b                _Xint18
                0x0000000000119099                _Xint19
                0x00000000001190a7                _Xint20
                0x00000000001190b5                _Xint21
                0x00000000001190c3                _Xint22
                0x00000000001190d1                _Xint23
                0x00000000001190df                _Xint24
                0x00000000001190ed                _Xint25
                0x00000000001190fb                _Xint26
                0x0000000000119109                _Xint27
                0x0000000000119117                _Xint28
                0x0000000000119125                _Xint29
                0x0000000000119133                _Xint30
                0x0000000000119141                _Xint31
                0x000000000011914f                _Xint32
                0x000000000011915d                _Xint33
                0x000000000011916b                _Xint34
                0x0000000000119179                _Xint35
                0x0000000000119187                _Xint36
                0x0000000000119195                _Xint37
                0x00000000001191a3                _Xint38
                0x00000000001191b1                _Xint39
                0x00000000001191bf                _Xint40
                0x00000000001191cd                _Xint41
                0x00000000001191db                _Xint42
                0x00000000001191e9                _Xint43
                0x00000000001191f7                _Xint44
                0x0000000000119205                _Xint45
                0x0000000000119213                _Xint46
                0x0000000000119221                defevec
 .text          0x00000000001192e1       0x2a binaries/testandset.o
                0x00000000001192fc                test_and_set
 .text          0x000000000011930b        0xf binaries/ttydispatch.o
                0x000000000011930b                ttydispatch
 .text          0x000000000011931a       0x13 binaries/ethdispatch.o
                0x000000000011931a                ethdispatch
 *(.rodata .rodata.*)
 *fill*         0x000000000011932d        0x3 
 .rodata        0x0000000000119330       0x8e binaries/ascdate.o
 .rodata        0x00000000001193be        0xa binaries/assembly_test.o
 .rodata        0x00000000001193c8       0xae binaries/conf.o
 *fill*         0x0000000000119476        0x2 
 .rodata        0x0000000000119478      0x22f binaries/evec.o
 *fill*         0x00000000001196a7        0x1 
 .rodata        0x00000000001196a8       0x61 binaries/getutime.o
 *fill*         0x0000000000119709        0x3 
 .rodata        0x000000000011970c       0x90 binaries/i386.o
 .rodata        0x000000000011979c      0x182 binaries/initialize.o
 *fill*         0x000000000011991e        0x2 
 .rodata        0x0000000000119920       0x20 binaries/kill.o
 .rodata        0x0000000000119940      0x197 binaries/main.o
 .rodata        0x0000000000119ad7        0xf binaries/panic.o
 *fill*         0x0000000000119ae6        0x2 
 .rodata        0x0000000000119ae8      0x1ec binaries/pci.o
 .rodata        0x0000000000119cd4       0x1d binaries/ptinit.o
 *fill*         0x0000000000119cf1        0x3 
 .rodata        0x0000000000119cf4       0x25 binaries/ptsend.o
 *fill*         0x0000000000119d19        0x3 
 .rodata        0x0000000000119d1c       0x3c binaries/receive.o
 .rodata        0x0000000000119d58       0x20 binaries/send.o
 .rodata        0x0000000000119d78       0xcf binaries/spinlock.o
 *fill*         0x0000000000119e47        0x1 
 .rodata        0x0000000000119e48       0xb7 binaries/stacktrace.o
 *fill*         0x0000000000119eff        0x1 
 .rodata        0x0000000000119f00       0x27 binaries/xdone.o
 *fill*         0x0000000000119f27       0x19 
 .rodata        0x0000000000119f40       0x81 binaries/ctype_.o
                0x0000000000119f40                _ctype_
 *fill*         0x0000000000119fc1        0x3 
 .rodata        0x0000000000119fc4       0xee binaries/doprnt.o
 *fill*         0x000000000011a0b2        0x2 
 .rodata        0x000000000011a0b4       0xae binaries/fdoprnt.o
 *fill*         0x000000000011a162        0x2 
 .rodata        0x000000000011a164       0x20 binaries/ttycontrol.o
 .rodata        0x000000000011a184       0x34 binaries/ttyhandler.o
 .rodata        0x000000000011a1b8       0x80 binaries/naminit.o
 .rodata        0x000000000011a238       0x2e binaries/82545EMInit.o
 *fill*         0x000000000011a266        0x2 
 .rodata        0x000000000011a268       0x78 binaries/ethinit.o
 .rodata        0x000000000011a2e0       0x18 binaries/ethread.o
 .rodata        0x000000000011a2f8       0x2c binaries/rdsbufalloc.o
 .rodata        0x000000000011a324       0x76 binaries/rdscomm.o
 *fill*         0x000000000011a39a        0x2 
 .rodata        0x000000000011a39c       0x48 binaries/rdscontrol.o
 .rodata        0x000000000011a3e4       0x96 binaries/rdsinit.o
 *fill*         0x000000000011a47a        0x2 
 .rodata        0x000000000011a47c       0x22 binaries/rdsopen.o
 *fill*         0x000000000011a49e        0x2 
 .rodata        0x000000000011a4a0       0x4d binaries/rdsprocess.o
 .rodata        0x000000000011a4ed        0x9 binaries/raminit.o
 *fill*         0x000000000011a4f6        0x2 
 .rodata        0x000000000011a4f8       0x37 binaries/lfdballoc.o
 .rodata        0x000000000011a52f       0x14 binaries/lfiballoc.o
 *fill*         0x000000000011a543        0x1 
 .rodata        0x000000000011a544       0x23 binaries/lflcontrol.o
 *fill*         0x000000000011a567        0x1 
 .rodata        0x000000000011a568      0x11b binaries/lfsckfmt.o
 *fill*         0x000000000011a683        0x1 
 .rodata        0x000000000011a684       0x2a binaries/lfsopen.o
 *fill*         0x000000000011a6ae        0x2 
 .rodata        0x000000000011a6b0       0x21 binaries/rflread.o
 *fill*         0x000000000011a6d1        0x3 
 .rodata        0x000000000011a6d4       0x21 binaries/rflwrite.o
 *fill*         0x000000000011a6f5        0x3 
 .rodata        0x000000000011a6f8       0x75 binaries/rfscomm.o
 *fill*         0x000000000011a76d        0x3 
 .rodata        0x000000000011a770       0x3c binaries/rfscontrol.o
 .rodata        0x000000000011a7ac       0x63 binaries/rfsinit.o
 *fill*         0x000000000011a80f        0x1 
 .rodata        0x000000000011a810       0x2a binaries/rfsndmsg.o
 *fill*         0x000000000011a83a        0x2 
 .rodata        0x000000000011a83c       0x22 binaries/rfsopen.o
 *fill*         0x000000000011a85e        0x2 
 .rodata        0x000000000011a860       0x3a binaries/arp.o
 *fill*         0x000000000011a89a        0x2 
 .rodata        0x000000000011a89c       0xcf binaries/dhcp.o
 .rodata        0x000000000011a96b       0x1a binaries/dns.o
 *fill*         0x000000000011a985        0x3 
 .rodata        0x000000000011a988       0xc9 binaries/hexdump.o
 *fill*         0x000000000011aa51        0x3 
 .rodata        0x000000000011aa54       0x29 binaries/icmp.o
 *fill*         0x000000000011aa7d        0x3 
 .rodata        0x000000000011aa80       0x6e binaries/ip.o
 *fill*         0x000000000011aaee        0x2 
 .rodata        0x000000000011aaf0       0x4f binaries/net.o
 *fill*         0x000000000011ab3f        0x1 
 .rodata        0x000000000011ab40      0x26f binaries/pdump.o
 *fill*         0x000000000011adaf        0x1 
 .rodata        0x000000000011adb0      0x154 binaries/tftp.o
 .rodata        0x000000000011af04      0x2c1 binaries/shell.o
 .rodata        0x000000000011b1c5       0x28 binaries/xsh_argecho.o
 *fill*         0x000000000011b1ed        0x3 
 .rodata        0x000000000011b1f0      0x123 binaries/xsh_arp.o
 *fill*         0x000000000011b313        0x1 
 .rodata        0x000000000011b314       0xc9 binaries/xsh_cat.o
 .rodata        0x000000000011b3dd       0x19 binaries/xsh_clear.o
 *fill*         0x000000000011b3f6        0x2 
 .rodata        0x000000000011b3f8      0x1c3 binaries/xsh_date.o
 .rodata        0x000000000011b5bb       0x5d binaries/xsh_devdump.o
 .rodata        0x000000000011b618        0x9 binaries/xsh_echo.o
 *fill*         0x000000000011b621        0x3 
 .rodata        0x000000000011b624      0x169 binaries/xsh_help.o
 *fill*         0x000000000011b78d        0x3 
 .rodata        0x000000000011b790      0x12e binaries/xsh_kill.o
 *fill*         0x000000000011b8be        0x2 
 .rodata        0x000000000011b8c0      0x266 binaries/xsh_memdump.o
 *fill*         0x000000000011bb26        0x2 
 .rodata        0x000000000011bb28      0x225 binaries/xsh_memstat.o
 *fill*         0x000000000011bd4d        0x3 
 .rodata        0x000000000011bd50      0x1b0 binaries/xsh_netinfo.o
 .rodata        0x000000000011bf00      0x1a1 binaries/xsh_ping.o
 *fill*         0x000000000011c0a1        0x3 
 .rodata        0x000000000011c0a4      0x1a8 binaries/xsh_ps.o
 .rodata        0x000000000011c24c       0xeb binaries/xsh_sleep.o
 *fill*         0x000000000011c337        0x1 
 .rodata        0x000000000011c338      0x1b8 binaries/xsh_udpdump.o
 .rodata        0x000000000011c4f0      0x215 binaries/xsh_udpecho.o
 *fill*         0x000000000011c705        0x3 
 .rodata        0x000000000011c708      0x12b binaries/xsh_udpserver.o
 *fill*         0x000000000011c833        0x1 
 .rodata        0x000000000011c834      0x105 binaries/xsh_uptime.o
                0x000000000011c939                etext = ABSOLUTE (.)
                0x000000000011d000                . = ALIGN (0x1000)
 *fill*         0x000000000011c939      0x6c7 

.eh_frame       0x000000000011d000     0x31cc
 .eh_frame      0x000000000011d000       0x50 binaries/ascdate.o
 .eh_frame      0x000000000011d050       0x38 binaries/assembly_test.o
                                         0x50 (size before relaxing)
 .eh_frame      0x000000000011d088       0x20 binaries/bufinit.o
                                         0x4c (size before relaxing)
 .eh_frame      0x000000000011d0a8       0x38 binaries/chprio.o
                                         0x50 (size before relaxing)
 .eh_frame      0x000000000011d0e0       0x24 binaries/clkhandler.o
                                         0x50 (size before relaxing)
 .eh_frame      0x000000000011d104       0x24 binaries/clkinit.o
                                         0x50 (size before relaxing)
 .eh_frame      0x000000000011d128       0x24 binaries/close.o
                                         0x50 (size before relaxing)
 .eh_frame      0x000000000011d14c       0x24 binaries/control.o
                                         0x50 (size before relaxing)
 .eh_frame      0x000000000011d170       0x48 binaries/create.o
                                         0x88 (size before relaxing)
 .eh_frame      0x000000000011d1b8       0x6c binaries/evec.o
                                         0xac (size before relaxing)
 .eh_frame      0x000000000011d224       0x24 binaries/exit.o
                                         0x50 (size before relaxing)
 .eh_frame      0x000000000011d248       0x24 binaries/freebuf.o
                                         0x50 (size before relaxing)
 .eh_frame      0x000000000011d26c       0x24 binaries/freemem.o
                                         0x50 (size before relaxing)
 .eh_frame      0x000000000011d290       0x24 binaries/getbuf.o
                                         0x50 (size before relaxing)
 .eh_frame      0x000000000011d2b4       0x24 binaries/getc.o
                                         0x50 (size before relaxing)
 .eh_frame      0x000000000011d2d8       0x24 binaries/getdev.o
                                         0x50 (size before relaxing)
 .eh_frame      0x000000000011d2fc       0x78 binaries/getitem.o
                                         0xa4 (size before relaxing)
 .eh_frame      0x000000000011d374       0x24 binaries/getmem.o
                                         0x50 (size before relaxing)
 .eh_frame      0x000000000011d398       0x20 binaries/getpid.o
                                         0x4c (size before relaxing)
 .eh_frame      0x000000000011d3b8       0x24 binaries/getprio.o
                                         0x50 (size before relaxing)
 .eh_frame      0x000000000011d3dc       0x24 binaries/getstk.o
                                         0x50 (size before relaxing)
 .eh_frame      0x000000000011d400       0x20 binaries/getticks.o
                                         0x4c (size before relaxing)
 .eh_frame      0x000000000011d420       0x24 binaries/gettime.o
                                         0x50 (size before relaxing)
 .eh_frame      0x000000000011d444       0x24 binaries/getutime.o
                                         0x50 (size before relaxing)
 .eh_frame      0x000000000011d468       0x9c binaries/i386.o
                                         0xc8 (size before relaxing)
 .eh_frame      0x000000000011d504       0x24 binaries/init.o
                                         0x50 (size before relaxing)
 .eh_frame      0x000000000011d528       0xa8 binaries/initialize.o
                                         0xe8 (size before relaxing)
 .eh_frame      0x000000000011d5d0       0x24 binaries/insert.o
                                         0x50 (size before relaxing)
 .eh_frame      0x000000000011d5f4       0x28 binaries/insertd.o
                                         0x54 (size before relaxing)
 .eh_frame      0x000000000011d61c       0x20 binaries/ioerr.o
                                         0x4c (size before relaxing)
 .eh_frame      0x000000000011d63c       0x20 binaries/ionull.o
                                         0x4c (size before relaxing)
 .eh_frame      0x000000000011d65c       0x2c binaries/kill.o
                                         0x58 (size before relaxing)
 .eh_frame      0x000000000011d688       0x6c binaries/kprintf.o
                                         0xac (size before relaxing)
 .eh_frame      0x000000000011d6f4       0xb4 binaries/main.o
                                         0xe0 (size before relaxing)
 .eh_frame      0x000000000011d7a8       0x48 binaries/mark.o
                                         0x74 (size before relaxing)
 .eh_frame      0x000000000011d7f0       0x20 binaries/meminit.o
                                         0x4c (size before relaxing)
 .eh_frame      0x000000000011d810       0x24 binaries/mkbufpool.o
                                         0x50 (size before relaxing)
 .eh_frame      0x000000000011d834       0x24 binaries/newqueue.o
                                         0x50 (size before relaxing)
 .eh_frame      0x000000000011d858       0x24 binaries/open.o
                                         0x50 (size before relaxing)
 .eh_frame      0x000000000011d87c       0x1c binaries/panic.o
                                         0x48 (size before relaxing)
 .eh_frame      0x000000000011d898      0x1ec binaries/pci.o
                                        0x240 (size before relaxing)
 .eh_frame      0x000000000011da84       0x24 binaries/ptclear.o
                                         0x50 (size before relaxing)
 .eh_frame      0x000000000011daa8       0x24 binaries/ptcount.o
                                         0x50 (size before relaxing)
 .eh_frame      0x000000000011dacc       0x24 binaries/ptcreate.o
                                         0x50 (size before relaxing)
 .eh_frame      0x000000000011daf0       0x24 binaries/ptdelete.o
                                         0x50 (size before relaxing)
 .eh_frame      0x000000000011db14       0x24 binaries/ptinit.o
                                         0x50 (size before relaxing)
 .eh_frame      0x000000000011db38       0x24 binaries/ptrecv.o
                                         0x50 (size before relaxing)
 .eh_frame      0x000000000011db5c       0x24 binaries/ptreset.o
                                         0x50 (size before relaxing)
 .eh_frame      0x000000000011db80       0x24 binaries/ptsend.o
                                         0x50 (size before relaxing)
 .eh_frame      0x000000000011dba4       0x24 binaries/putc.o
                                         0x50 (size before relaxing)
 .eh_frame      0x000000000011dbc8       0x48 binaries/queue.o
                                         0x88 (size before relaxing)
 .eh_frame      0x000000000011dc10       0x24 binaries/read.o
                                         0x50 (size before relaxing)
 .eh_frame      0x000000000011dc34       0x28 binaries/ready.o
                                         0x54 (size before relaxing)
 .eh_frame      0x000000000011dc5c       0x24 binaries/receive.o
                                         0x50 (size before relaxing)
 .eh_frame      0x000000000011dc80       0x24 binaries/recvclr.o
                                         0x50 (size before relaxing)
 .eh_frame      0x000000000011dca4       0x24 binaries/recvtime.o
                                         0x50 (size before relaxing)
 .eh_frame      0x000000000011dcc8       0x48 binaries/resched.o
                                         0x88 (size before relaxing)
 .eh_frame      0x000000000011dd10       0x24 binaries/resume.o
                                         0x50 (size before relaxing)
 .eh_frame      0x000000000011dd34       0x24 binaries/seek.o
                                         0x50 (size before relaxing)
 .eh_frame      0x000000000011dd58       0x24 binaries/semcount.o
                                         0x50 (size before relaxing)
 .eh_frame      0x000000000011dd7c       0x48 binaries/semcreate.o
                                         0x88 (size before relaxing)
 .eh_frame      0x000000000011ddc4       0x24 binaries/semdelete.o
                                         0x50 (size before relaxing)
 .eh_frame      0x000000000011dde8       0x24 binaries/semreset.o
                                         0x50 (size before relaxing)
 .eh_frame      0x000000000011de0c       0x24 binaries/send.o
                                         0x50 (size before relaxing)
 .eh_frame      0x000000000011de30       0x24 binaries/signal.o
                                         0x50 (size before relaxing)
 .eh_frame      0x000000000011de54       0x24 binaries/signaln.o
                                         0x50 (size before relaxing)
 .eh_frame      0x000000000011de78       0x44 binaries/sleep.o
                                         0x84 (size before relaxing)
 .eh_frame      0x000000000011debc       0x6c binaries/spinlock.o
                                         0x98 (size before relaxing)
 .eh_frame      0x000000000011df28       0x24 binaries/stacktrace.o
                                         0x50 (size before relaxing)
 .eh_frame      0x000000000011df4c       0x24 binaries/suspend.o
                                         0x50 (size before relaxing)
 .eh_frame      0x000000000011df70       0x24 binaries/unsleep.o
                                         0x50 (size before relaxing)
 .eh_frame      0x000000000011df94       0x24 binaries/userret.o
                                         0x50 (size before relaxing)
 .eh_frame      0x000000000011dfb8       0x24 binaries/wait.o
                                         0x50 (size before relaxing)
 .eh_frame      0x000000000011dfdc       0x24 binaries/wakeup.o
                                         0x50 (size before relaxing)
 .eh_frame      0x000000000011e000       0x24 binaries/write.o
                                         0x50 (size before relaxing)
 .eh_frame      0x000000000011e024       0x24 binaries/xdone.o
                                         0x50 (size before relaxing)
 .eh_frame      0x000000000011e048       0x24 binaries/yield.o
                                         0x50 (size before relaxing)
 .eh_frame      0x000000000011e06c       0x20 binaries/abs.o
                                         0x4c (size before relaxing)
 .eh_frame      0x000000000011e08c       0x20 binaries/atoi.o
                                         0x4c (size before relaxing)
 .eh_frame      0x000000000011e0ac       0x20 binaries/atol.o
                                         0x4c (size before relaxing)
 .eh_frame      0x000000000011e0cc       0x20 binaries/bzero.o
                                         0x4c (size before relaxing)
 .eh_frame      0x000000000011e0ec       0xec binaries/doprnt.o
                                        0x140 (size before relaxing)
 .eh_frame      0x000000000011e1d8       0xc8 binaries/doscan.o
                                         0xf4 (size before relaxing)
 .eh_frame      0x000000000011e2a0       0xcc binaries/fdoprnt.o
                                        0x10c (size before relaxing)
 .eh_frame      0x000000000011e36c       0x24 binaries/fgetc.o
                                         0x50 (size before relaxing)
 .eh_frame      0x000000000011e390       0x24 binaries/fgets.o
                                         0x50 (size before relaxing)
 .eh_frame      0x000000000011e3b4       0x24 binaries/fprintf.o
                                         0x50 (size before relaxing)
 .eh_frame      0x000000000011e3d8       0x24 binaries/fputc.o
                                         0x50 (size before relaxing)
 .eh_frame      0x000000000011e3fc       0x24 binaries/fputs.o
                                         0x50 (size before relaxing)
 .eh_frame      0x000000000011e420       0x68 binaries/fscanf.o
                                         0x94 (size before relaxing)
 .eh_frame      0x000000000011e488       0x24 binaries/getchar.o
                                         0x50 (size before relaxing)
 .eh_frame      0x000000000011e4ac       0x20 binaries/labs.o
                                         0x4c (size before relaxing)
 .eh_frame      0x000000000011e4cc       0x20 binaries/memcmp.o
                                         0x4c (size before relaxing)
 .eh_frame      0x000000000011e4ec       0x24 binaries/memcpy.o
                                         0x50 (size before relaxing)
 .eh_frame      0x000000000011e510       0x24 binaries/memset.o
                                         0x50 (size before relaxing)
 .eh_frame      0x000000000011e534       0x24 binaries/printf.o
                                         0x50 (size before relaxing)
 .eh_frame      0x000000000011e558       0x24 binaries/putchar.o
                                         0x50 (size before relaxing)
 .eh_frame      0x000000000011e57c       0xa4 binaries/qsort.o
                                         0xd0 (size before relaxing)
 .eh_frame      0x000000000011e620       0x60 binaries/rand.o
                                         0x8c (size before relaxing)
 .eh_frame      0x000000000011e680       0x44 binaries/sprintf.o
                                         0x70 (size before relaxing)
 .eh_frame      0x000000000011e6c4       0x64 binaries/sscanf.o
                                         0x90 (size before relaxing)
 .eh_frame      0x000000000011e728       0x20 binaries/strchr.o
                                         0x4c (size before relaxing)
 .eh_frame      0x000000000011e748       0x20 binaries/strcmp.o
                                         0x4c (size before relaxing)
 .eh_frame      0x000000000011e768       0x20 binaries/strcpy.o
                                         0x4c (size before relaxing)
 .eh_frame      0x000000000011e788       0x20 binaries/strlen.o
                                         0x4c (size before relaxing)
 .eh_frame      0x000000000011e7a8       0x20 binaries/strncat.o
                                         0x4c (size before relaxing)
 .eh_frame      0x000000000011e7c8       0x20 binaries/strncmp.o
                                         0x4c (size before relaxing)
 .eh_frame      0x000000000011e7e8       0x28 binaries/strncpy.o
                                         0x54 (size before relaxing)
 .eh_frame      0x000000000011e810       0x20 binaries/strnlen.o
                                         0x4c (size before relaxing)
 .eh_frame      0x000000000011e830       0x20 binaries/strrchr.o
                                         0x4c (size before relaxing)
 .eh_frame      0x000000000011e850       0x20 binaries/strstr.o
                                         0x4c (size before relaxing)
 .eh_frame      0x000000000011e870       0x24 binaries/ttycontrol.o
                                         0x50 (size before relaxing)
 .eh_frame      0x000000000011e894       0x24 binaries/ttygetc.o
                                         0x50 (size before relaxing)
 .eh_frame      0x000000000011e8b8       0x88 binaries/ttyhandle_in.o
                                         0xdc (size before relaxing)
 .eh_frame      0x000000000011e940       0x24 binaries/ttyhandle_out.o
                                         0x50 (size before relaxing)
 .eh_frame      0x000000000011e964       0x24 binaries/ttyhandler.o
                                         0x50 (size before relaxing)
 .eh_frame      0x000000000011e988       0x24 binaries/ttyinit.o
                                         0x50 (size before relaxing)
 .eh_frame      0x000000000011e9ac       0x24 binaries/ttykickout.o
                                         0x50 (size before relaxing)
 .eh_frame      0x000000000011e9d0       0x24 binaries/ttyputc.o
                                         0x50 (size before relaxing)
 .eh_frame      0x000000000011e9f4       0x24 binaries/ttyread.o
                                         0x50 (size before relaxing)
 .eh_frame      0x000000000011ea18       0x24 binaries/ttywrite.o
                                         0x50 (size before relaxing)
 .eh_frame      0x000000000011ea3c       0x44 binaries/mount.o
                                         0x84 (size before relaxing)
 .eh_frame      0x000000000011ea80       0x24 binaries/naminit.o
                                         0x50 (size before relaxing)
 .eh_frame      0x000000000011eaa4       0x68 binaries/nammap.o
                                         0xa8 (size before relaxing)
 .eh_frame      0x000000000011eb0c       0x24 binaries/namopen.o
                                         0x50 (size before relaxing)
 .eh_frame      0x000000000011eb30      0x158 binaries/82545EMInit.o
                                        0x198 (size before relaxing)
 .eh_frame      0x000000000011ec88       0xac binaries/ethcontrol.o
                                        0x100 (size before relaxing)
 .eh_frame      0x000000000011ed34       0x90 binaries/ethhandler.o
                                         0xd0 (size before relaxing)
 .eh_frame      0x000000000011edc4       0x24 binaries/ethinit.o
                                         0x50 (size before relaxing)
 .eh_frame      0x000000000011ede8       0x6c binaries/ethread.o
                                         0x98 (size before relaxing)
 .eh_frame      0x000000000011ee54       0x6c binaries/ethwrite.o
                                         0x98 (size before relaxing)
 .eh_frame      0x000000000011eec0       0x24 binaries/rdsbufalloc.o
                                         0x50 (size before relaxing)
 .eh_frame      0x000000000011eee4       0x20 binaries/rdsclose.o
                                         0x4c (size before relaxing)
 .eh_frame      0x000000000011ef04       0x24 binaries/rdscomm.o
                                         0x50 (size before relaxing)
 .eh_frame      0x000000000011ef28       0x24 binaries/rdscontrol.o
                                         0x50 (size before relaxing)
 .eh_frame      0x000000000011ef4c       0x24 binaries/rdsinit.o
                                         0x50 (size before relaxing)
 .eh_frame      0x000000000011ef70       0x24 binaries/rdsopen.o
                                         0x50 (size before relaxing)
 .eh_frame      0x000000000011ef94       0x1c binaries/rdsprocess.o
                                         0x48 (size before relaxing)
 .eh_frame      0x000000000011efb0       0x24 binaries/rdsread.o
                                         0x50 (size before relaxing)
 .eh_frame      0x000000000011efd4       0x24 binaries/rdswrite.o
                                         0x50 (size before relaxing)
 .eh_frame      0x000000000011eff8       0x20 binaries/ramclose.o
                                         0x4c (size before relaxing)
 .eh_frame      0x000000000011f018       0x24 binaries/raminit.o
                                         0x50 (size before relaxing)
 .eh_frame      0x000000000011f03c       0x20 binaries/ramopen.o
                                         0x4c (size before relaxing)
 .eh_frame      0x000000000011f05c       0x24 binaries/ramread.o
                                         0x50 (size before relaxing)
 .eh_frame      0x000000000011f080       0x24 binaries/ramwrite.o
                                         0x50 (size before relaxing)
 .eh_frame      0x000000000011f0a4       0x24 binaries/lfdballoc.o
                                         0x50 (size before relaxing)
 .eh_frame      0x000000000011f0c8       0x24 binaries/lfdbfree.o
                                         0x50 (size before relaxing)
 .eh_frame      0x000000000011f0ec       0x24 binaries/lfflush.o
                                         0x50 (size before relaxing)
 .eh_frame      0x000000000011f110       0x20 binaries/lfgetmode.o
                                         0x4c (size before relaxing)
 .eh_frame      0x000000000011f130       0x24 binaries/lfiballoc.o
                                         0x50 (size before relaxing)
 .eh_frame      0x000000000011f154       0x20 binaries/lfibclear.o
                                         0x4c (size before relaxing)
 .eh_frame      0x000000000011f174       0x24 binaries/lfibget.o
                                         0x50 (size before relaxing)
 .eh_frame      0x000000000011f198       0x24 binaries/lfibput.o
                                         0x50 (size before relaxing)
 .eh_frame      0x000000000011f1bc       0x24 binaries/lflclose.o
                                         0x50 (size before relaxing)
 .eh_frame      0x000000000011f1e0       0x24 binaries/lflcontrol.o
                                         0x50 (size before relaxing)
 .eh_frame      0x000000000011f204       0x24 binaries/lflgetc.o
                                         0x50 (size before relaxing)
 .eh_frame      0x000000000011f228       0x24 binaries/lflinit.o
                                         0x50 (size before relaxing)
 .eh_frame      0x000000000011f24c       0x24 binaries/lflputc.o
                                         0x50 (size before relaxing)
 .eh_frame      0x000000000011f270       0x24 binaries/lflread.o
                                         0x50 (size before relaxing)
 .eh_frame      0x000000000011f294       0x24 binaries/lflseek.o
                                         0x50 (size before relaxing)
 .eh_frame      0x000000000011f2b8       0x24 binaries/lflwrite.o
                                         0x50 (size before relaxing)
 .eh_frame      0x000000000011f2dc       0x20 binaries/lfscheck.o
                                         0x4c (size before relaxing)
 .eh_frame      0x000000000011f2fc       0x24 binaries/lfsckfmt.o
                                         0x50 (size before relaxing)
 .eh_frame      0x000000000011f320       0x24 binaries/lfscreate.o
                                         0x50 (size before relaxing)
 .eh_frame      0x000000000011f344       0x24 binaries/lfsetup.o
                                         0x50 (size before relaxing)
 .eh_frame      0x000000000011f368       0x24 binaries/lfsinit.o
                                         0x50 (size before relaxing)
 .eh_frame      0x000000000011f38c       0x24 binaries/lfsopen.o
                                         0x50 (size before relaxing)
 .eh_frame      0x000000000011f3b0       0x24 binaries/lftruncate.o
                                         0x50 (size before relaxing)
 .eh_frame      0x000000000011f3d4       0x24 binaries/rflclose.o
                                         0x50 (size before relaxing)
 .eh_frame      0x000000000011f3f8       0x24 binaries/rflgetc.o
                                         0x50 (size before relaxing)
 .eh_frame      0x000000000011f41c       0x20 binaries/rflinit.o
                                         0x4c (size before relaxing)
 .eh_frame      0x000000000011f43c       0x24 binaries/rflputc.o
                                         0x50 (size before relaxing)
 .eh_frame      0x000000000011f460       0x24 binaries/rflread.o
                                         0x50 (size before relaxing)
 .eh_frame      0x000000000011f484       0x24 binaries/rflseek.o
                                         0x50 (size before relaxing)
 .eh_frame      0x000000000011f4a8       0x24 binaries/rflwrite.o
                                         0x50 (size before relaxing)
 .eh_frame      0x000000000011f4cc       0x24 binaries/rfscomm.o
                                         0x50 (size before relaxing)
 .eh_frame      0x000000000011f4f0       0x24 binaries/rfscontrol.o
                                         0x50 (size before relaxing)
 .eh_frame      0x000000000011f514       0x20 binaries/rfsgetmode.o
                                         0x4c (size before relaxing)
 .eh_frame      0x000000000011f534       0x24 binaries/rfsinit.o
                                         0x50 (size before relaxing)
 .eh_frame      0x000000000011f558       0x24 binaries/rfsndmsg.o
                                         0x50 (size before relaxing)
 .eh_frame      0x000000000011f57c       0x24 binaries/rfsopen.o
                                         0x50 (size before relaxing)
 .eh_frame      0x000000000011f5a0       0xd0 binaries/arp.o
                                        0x124 (size before relaxing)
 .eh_frame      0x000000000011f670       0xac binaries/dhcp.o
                                         0xec (size before relaxing)
 .eh_frame      0x000000000011f71c       0x90 binaries/dns.o
                                         0xd0 (size before relaxing)
 .eh_frame      0x000000000011f7ac       0x20 binaries/dot2ip.o
                                         0x4c (size before relaxing)
 .eh_frame      0x000000000011f7cc       0x48 binaries/hexdump.o
                                         0x74 (size before relaxing)
 .eh_frame      0x000000000011f814      0x168 binaries/icmp.o
                                        0x1bc (size before relaxing)
 .eh_frame      0x000000000011f97c      0x130 binaries/ip.o
                                        0x170 (size before relaxing)
 .eh_frame      0x000000000011faac       0xa8 binaries/net.o
                                         0xfc (size before relaxing)
 .eh_frame      0x000000000011fb54       0x60 binaries/pdump.o
                                         0xa0 (size before relaxing)
 .eh_frame      0x000000000011fbb4       0x68 binaries/tftp.o
                                         0xa8 (size before relaxing)
 .eh_frame      0x000000000011fc1c      0x160 binaries/udp.o
                                        0x1b4 (size before relaxing)
 .eh_frame      0x000000000011fd7c       0x24 binaries/addargs.o
                                         0x50 (size before relaxing)
 .eh_frame      0x000000000011fda0       0x20 binaries/lexan.o
                                         0x4c (size before relaxing)
 .eh_frame      0x000000000011fdc0       0x2c binaries/shell.o
                                         0x58 (size before relaxing)
 .eh_frame      0x000000000011fdec       0x24 binaries/xsh_argecho.o
                                         0x50 (size before relaxing)
 .eh_frame      0x000000000011fe10       0x48 binaries/xsh_arp.o
                                         0x74 (size before relaxing)
 .eh_frame      0x000000000011fe58       0x2c binaries/xsh_cat.o
                                         0x58 (size before relaxing)
 .eh_frame      0x000000000011fe84       0x28 binaries/xsh_clear.o
                                         0x54 (size before relaxing)
 .eh_frame      0x000000000011feac       0x2c binaries/xsh_date.o
                                         0x58 (size before relaxing)
 .eh_frame      0x000000000011fed8       0x24 binaries/xsh_devdump.o
                                         0x50 (size before relaxing)
 .eh_frame      0x000000000011fefc       0x24 binaries/xsh_echo.o
                                         0x50 (size before relaxing)
 .eh_frame      0x000000000011ff20       0x20 binaries/xsh_exit.o
                                         0x4c (size before relaxing)
 .eh_frame      0x000000000011ff40       0x2c binaries/xsh_help.o
                                         0x58 (size before relaxing)
 .eh_frame      0x000000000011ff6c       0x2c binaries/xsh_kill.o
                                         0x58 (size before relaxing)
 .eh_frame      0x000000000011ff98       0x4c binaries/xsh_memdump.o
                                         0x8c (size before relaxing)
 .eh_frame      0x000000000011ffe4       0x74 binaries/xsh_memstat.o
                                         0xa0 (size before relaxing)
 .eh_frame      0x0000000000120058       0x30 binaries/xsh_netinfo.o
                                         0x5c (size before relaxing)
 .eh_frame      0x0000000000120088       0x30 binaries/xsh_ping.o
                                         0x5c (size before relaxing)
 .eh_frame      0x00000000001200b8       0x30 binaries/xsh_ps.o
                                         0x5c (size before relaxing)
 .eh_frame      0x00000000001200e8       0x2c binaries/xsh_sleep.o
                                         0x58 (size before relaxing)
 .eh_frame      0x0000000000120114       0x2c binaries/xsh_udpdump.o
                                         0x58 (size before relaxing)
 .eh_frame      0x0000000000120140       0x30 binaries/xsh_udpecho.o
                                         0x5c (size before relaxing)
 .eh_frame      0x0000000000120170       0x30 binaries/xsh_udpserver.o
                                         0x5c (size before relaxing)
 .eh_frame      0x00000000001201a0       0x2c binaries/xsh_uptime.o
                                         0x58 (size before relaxing)

.iplt           0x00000000001201cc        0x0
 .iplt          0x00000000001201cc        0x0 binaries/start.o

.rel.dyn        0x00000000001201cc        0x0
 .rel.got       0x00000000001201cc        0x0 binaries/start.o
 .rel.iplt      0x00000000001201cc        0x0 binaries/start.o
 .rel.text      0x00000000001201cc        0x0 binaries/start.o

.data           0x00000000001201e0      0xe20
                0x00000000001201e0                data = ABSOLUTE (.)
 *(.data .data.*)
 .data          0x00000000001201e0      0x460 binaries/start.o
                0x00000000001201e0                gdt
                0x0000000000120220                gdtr
                0x0000000000120226                idt
                0x0000000000120626                idtr
                0x000000000012062c                cpudelay
                0x0000000000120630                _bootdev
                0x0000000000120634                _cyloffset
 .data          0x0000000000120640        0x0 binaries/ascdate.o
 .data.rel.local
                0x0000000000120640       0x88 binaries/ascdate.o
                0x0000000000120640                Date
 .data          0x00000000001206c8        0x0 binaries/assembly_test.o
 .data          0x00000000001206c8        0x0 binaries/bufinit.o
 .data          0x00000000001206c8        0x0 binaries/chprio.o
 .data          0x00000000001206c8        0x4 binaries/clkhandler.o
 .data          0x00000000001206cc        0x0 binaries/clkinit.o
 .data          0x00000000001206cc        0x0 binaries/close.o
 .data          0x00000000001206cc        0x0 binaries/conf.o
 *fill*         0x00000000001206cc       0x14 
 .data.rel      0x00000000001206e0      0x5a0 binaries/conf.o
                0x00000000001206e0                devtab
 .data          0x0000000000120c80        0x0 binaries/control.o
 .data          0x0000000000120c80        0x4 binaries/create.o
 .data          0x0000000000120c84        0x0 binaries/evec.o
 *fill*         0x0000000000120c84       0x1c 
 .data.rel.local
                0x0000000000120ca0       0x40 binaries/evec.o
                0x0000000000120ca0                inames
 .data          0x0000000000120ce0        0x0 binaries/exit.o
 .data          0x0000000000120ce0        0x0 binaries/freebuf.o
 .data          0x0000000000120ce0        0x0 binaries/freemem.o
 .data          0x0000000000120ce0        0x0 binaries/getbuf.o
 .data          0x0000000000120ce0        0x0 binaries/getc.o
 .data          0x0000000000120ce0        0x0 binaries/getdev.o
 .data          0x0000000000120ce0        0x0 binaries/getitem.o
 .data          0x0000000000120ce0        0x0 binaries/getmem.o
 .data          0x0000000000120ce0        0x0 binaries/getpid.o
 .data          0x0000000000120ce0        0x0 binaries/getprio.o
 .data          0x0000000000120ce0        0x0 binaries/getstk.o
 .data          0x0000000000120ce0        0x0 binaries/getticks.o
 .data          0x0000000000120ce0        0x0 binaries/gettime.o
 .data          0x0000000000120ce0        0x0 binaries/getutime.o
 .data          0x0000000000120ce0       0x40 binaries/i386.o
                0x0000000000120ce0                gdt_copy
 .data          0x0000000000120d20        0x0 binaries/init.o
 .data          0x0000000000120d20        0x0 binaries/initialize.o
 .data          0x0000000000120d20        0x0 binaries/insert.o
 .data          0x0000000000120d20        0x0 binaries/insertd.o
 .data          0x0000000000120d20        0x0 binaries/ioerr.o
 .data          0x0000000000120d20        0x0 binaries/ionull.o
 .data          0x0000000000120d20        0x0 binaries/kill.o
 .data          0x0000000000120d20        0x0 binaries/kprintf.o
 .data          0x0000000000120d20        0x0 binaries/main.o
 .data          0x0000000000120d20        0x0 binaries/mark.o
 .data          0x0000000000120d20        0x0 binaries/meminit.o
 .data          0x0000000000120d20        0x0 binaries/mkbufpool.o
 .data          0x0000000000120d20        0x2 binaries/newqueue.o
 .data          0x0000000000120d22        0x0 binaries/open.o
 .data          0x0000000000120d22        0x0 binaries/panic.o
 *fill*         0x0000000000120d22        0x2 
 .data          0x0000000000120d24       0x10 binaries/pci.o
 .data          0x0000000000120d34        0x0 binaries/ptclear.o
 .data          0x0000000000120d34        0x0 binaries/ptcount.o
 .data          0x0000000000120d34        0x0 binaries/ptcreate.o
 .data          0x0000000000120d34        0x0 binaries/ptdelete.o
 .data          0x0000000000120d34        0x0 binaries/ptinit.o
 .data          0x0000000000120d34        0x0 binaries/ptrecv.o
 .data          0x0000000000120d34        0x0 binaries/ptreset.o
 .data          0x0000000000120d34        0x0 binaries/ptsend.o
 .data          0x0000000000120d34        0x0 binaries/putc.o
 .data          0x0000000000120d34        0x0 binaries/queue.o
 .data          0x0000000000120d34        0x0 binaries/read.o
 .data          0x0000000000120d34        0x0 binaries/ready.o
 .data          0x0000000000120d34        0x0 binaries/receive.o
 .data          0x0000000000120d34        0x0 binaries/recvclr.o
 .data          0x0000000000120d34        0x0 binaries/recvtime.o
 .data          0x0000000000120d34        0x0 binaries/resched.o
 .data          0x0000000000120d34        0x0 binaries/resume.o
 .data          0x0000000000120d34        0x0 binaries/seek.o
 .data          0x0000000000120d34        0x0 binaries/semcount.o
 .data          0x0000000000120d34        0x0 binaries/semcreate.o
 .data          0x0000000000120d34        0x0 binaries/semdelete.o
 .data          0x0000000000120d34        0x0 binaries/semreset.o
 .data          0x0000000000120d34        0x0 binaries/send.o
 .data          0x0000000000120d34        0x0 binaries/signal.o
 .data          0x0000000000120d34        0x0 binaries/signaln.o
 .data          0x0000000000120d34        0x0 binaries/sleep.o
 .data          0x0000000000120d34        0x4 binaries/spinlock.o
 .data          0x0000000000120d38        0x0 binaries/stacktrace.o
 .data          0x0000000000120d38        0x0 binaries/suspend.o
 .data          0x0000000000120d38        0x0 binaries/unsleep.o
 .data          0x0000000000120d38        0x0 binaries/userret.o
 .data          0x0000000000120d38        0x0 binaries/wait.o
 .data          0x0000000000120d38        0x0 binaries/wakeup.o
 .data          0x0000000000120d38        0x0 binaries/write.o
 .data          0x0000000000120d38        0x0 binaries/xdone.o
 .data          0x0000000000120d38        0x0 binaries/yield.o
 .data          0x0000000000120d38        0x0 binaries/abs.o
 .data          0x0000000000120d38        0x0 binaries/atoi.o
 .data          0x0000000000120d38        0x0 binaries/atol.o
 .data          0x0000000000120d38        0x0 binaries/bzero.o
 .data          0x0000000000120d38        0x0 binaries/ctype_.o
 .data          0x0000000000120d38        0x0 binaries/doprnt.o
 *fill*         0x0000000000120d38        0x8 
 .data          0x0000000000120d40       0x80 binaries/doscan.o
                0x0000000000120d40                _sctab
 .data          0x0000000000120dc0        0x0 binaries/fdoprnt.o
 .data          0x0000000000120dc0        0x0 binaries/fgetc.o
 .data          0x0000000000120dc0        0x0 binaries/fgets.o
 .data          0x0000000000120dc0        0x0 binaries/fprintf.o
 .data          0x0000000000120dc0        0x0 binaries/fputc.o
 .data          0x0000000000120dc0        0x0 binaries/fputs.o
 .data          0x0000000000120dc0        0x0 binaries/fscanf.o
 .data          0x0000000000120dc0        0x0 binaries/getchar.o
 .data          0x0000000000120dc0        0x0 binaries/labs.o
 .data          0x0000000000120dc0        0x0 binaries/memchr.o
 .data          0x0000000000120dc0        0x0 binaries/memcmp.o
 .data          0x0000000000120dc0        0x0 binaries/memcpy.o
 .data          0x0000000000120dc0        0x0 binaries/memset.o
 .data          0x0000000000120dc0        0x0 binaries/printf.o
 .data          0x0000000000120dc0        0x0 binaries/putchar.o
 .data          0x0000000000120dc0        0x0 binaries/qsort.o
 .data          0x0000000000120dc0        0x4 binaries/rand.o
 .data          0x0000000000120dc4        0x0 binaries/sprintf.o
 .data          0x0000000000120dc4        0x0 binaries/sscanf.o
 .data          0x0000000000120dc4        0x0 binaries/strchr.o
 .data          0x0000000000120dc4        0x0 binaries/strcmp.o
 .data          0x0000000000120dc4        0x0 binaries/strcpy.o
 .data          0x0000000000120dc4        0x0 binaries/strlen.o
 .data          0x0000000000120dc4        0x0 binaries/strncat.o
 .data          0x0000000000120dc4        0x0 binaries/strncmp.o
 .data          0x0000000000120dc4        0x0 binaries/strncpy.o
 .data          0x0000000000120dc4        0x0 binaries/strnlen.o
 .data          0x0000000000120dc4        0x0 binaries/strrchr.o
 .data          0x0000000000120dc4        0x0 binaries/strstr.o
 .data          0x0000000000120dc4        0x0 binaries/ttycontrol.o
 .data          0x0000000000120dc4        0x0 binaries/ttygetc.o
 .data          0x0000000000120dc4        0x0 binaries/ttyhandle_in.o
 .data          0x0000000000120dc4        0x0 binaries/ttyhandle_out.o
 .data          0x0000000000120dc4        0x0 binaries/ttyhandler.o
 .data          0x0000000000120dc4        0x0 binaries/ttyinit.o
 .data          0x0000000000120dc4        0x0 binaries/ttykickout.o
 .data          0x0000000000120dc4        0x0 binaries/ttyputc.o
 .data          0x0000000000120dc4        0x0 binaries/ttyread.o
 .data          0x0000000000120dc4        0x0 binaries/ttywrite.o
 .data          0x0000000000120dc4        0x0 binaries/mount.o
 .data          0x0000000000120dc4        0x0 binaries/naminit.o
 .data          0x0000000000120dc4        0x0 binaries/nammap.o
 .data          0x0000000000120dc4        0x0 binaries/namopen.o
 .data          0x0000000000120dc4        0x0 binaries/82545EMInit.o
 .data          0x0000000000120dc4        0x0 binaries/ethcontrol.o
 .data          0x0000000000120dc4        0x0 binaries/ethhandler.o
 .data          0x0000000000120dc4        0x0 binaries/ethinit.o
 .data          0x0000000000120dc4        0x0 binaries/ethread.o
 .data          0x0000000000120dc4        0x0 binaries/ethwrite.o
 .data          0x0000000000120dc4        0x0 binaries/rdsbufalloc.o
 .data          0x0000000000120dc4        0x0 binaries/rdsclose.o
 .data          0x0000000000120dc4        0x0 binaries/rdscomm.o
 .data          0x0000000000120dc4        0x0 binaries/rdscontrol.o
 .data          0x0000000000120dc4        0x0 binaries/rdsinit.o
 .data          0x0000000000120dc4        0x0 binaries/rdsopen.o
 .data          0x0000000000120dc4        0x0 binaries/rdsprocess.o
 .data          0x0000000000120dc4        0x0 binaries/rdsread.o
 .data          0x0000000000120dc4        0x0 binaries/rdswrite.o
 .data          0x0000000000120dc4        0x0 binaries/ramclose.o
 .data          0x0000000000120dc4        0x0 binaries/raminit.o
 .data          0x0000000000120dc4        0x0 binaries/ramopen.o
 .data          0x0000000000120dc4        0x0 binaries/ramread.o
 .data          0x0000000000120dc4        0x0 binaries/ramwrite.o
 .data          0x0000000000120dc4        0x0 binaries/lfdballoc.o
 .data          0x0000000000120dc4        0x0 binaries/lfdbfree.o
 .data          0x0000000000120dc4        0x0 binaries/lfflush.o
 .data          0x0000000000120dc4        0x0 binaries/lfgetmode.o
 .data          0x0000000000120dc4        0x0 binaries/lfiballoc.o
 .data          0x0000000000120dc4        0x0 binaries/lfibclear.o
 .data          0x0000000000120dc4        0x0 binaries/lfibget.o
 .data          0x0000000000120dc4        0x0 binaries/lfibput.o
 .data          0x0000000000120dc4        0x0 binaries/lflclose.o
 .data          0x0000000000120dc4        0x0 binaries/lflcontrol.o
 .data          0x0000000000120dc4        0x0 binaries/lflgetc.o
 .data          0x0000000000120dc4        0x0 binaries/lflinit.o
 .data          0x0000000000120dc4        0x0 binaries/lflputc.o
 .data          0x0000000000120dc4        0x0 binaries/lflread.o
 .data          0x0000000000120dc4        0x0 binaries/lflseek.o
 .data          0x0000000000120dc4        0x0 binaries/lflwrite.o
 .data          0x0000000000120dc4        0x0 binaries/lfscheck.o
 .data          0x0000000000120dc4        0x0 binaries/lfsckfmt.o
 .data          0x0000000000120dc4        0x0 binaries/lfscreate.o
 .data          0x0000000000120dc4        0x0 binaries/lfsetup.o
 .data          0x0000000000120dc4        0x0 binaries/lfsinit.o
 .data          0x0000000000120dc4        0x0 binaries/lfsopen.o
 .data          0x0000000000120dc4        0x0 binaries/lftruncate.o
 .data          0x0000000000120dc4        0x0 binaries/rflclose.o
 .data          0x0000000000120dc4        0x0 binaries/rflgetc.o
 .data          0x0000000000120dc4        0x0 binaries/rflinit.o
 .data          0x0000000000120dc4        0x0 binaries/rflputc.o
 .data          0x0000000000120dc4        0x0 binaries/rflread.o
 .data          0x0000000000120dc4        0x0 binaries/rflseek.o
 .data          0x0000000000120dc4        0x0 binaries/rflwrite.o
 .data          0x0000000000120dc4        0x0 binaries/rfscomm.o
 .data          0x0000000000120dc4        0x0 binaries/rfscontrol.o
 .data          0x0000000000120dc4        0x0 binaries/rfsgetmode.o
 .data          0x0000000000120dc4        0x0 binaries/rfsinit.o
 .data          0x0000000000120dc4        0x0 binaries/rfsndmsg.o
 .data          0x0000000000120dc4        0x0 binaries/rfsopen.o
 .data          0x0000000000120dc4        0x0 binaries/arp.o
 .data          0x0000000000120dc4        0x0 binaries/dhcp.o
 .data          0x0000000000120dc4        0x0 binaries/dns.o
 .data          0x0000000000120dc4        0x0 binaries/dot2ip.o
 .data          0x0000000000120dc4        0x0 binaries/hexdump.o
 .data          0x0000000000120dc4        0x4 binaries/icmp.o
 .data          0x0000000000120dc8        0x0 binaries/ip.o
 .data          0x0000000000120dc8        0x0 binaries/net.o
 .data          0x0000000000120dc8        0x0 binaries/pdump.o
 .data          0x0000000000120dc8        0x0 binaries/tftp.o
 .data          0x0000000000120dc8        0x4 binaries/udp.o
 .data          0x0000000000120dcc        0x0 binaries/addargs.o
 .data          0x0000000000120dcc        0x0 binaries/lexan.o
 .data          0x0000000000120dcc        0x4 binaries/shell.o
                0x0000000000120dcc                ncmd
 *fill*         0x0000000000120dd0       0x10 
 .data.rel.ro   0x0000000000120de0       0xfc binaries/shell.o
                0x0000000000120de0                cmdtab
 .data          0x0000000000120edc        0x0 binaries/xsh_argecho.o
 .data          0x0000000000120edc        0x0 binaries/xsh_arp.o
 .data          0x0000000000120edc        0x0 binaries/xsh_cat.o
 .data          0x0000000000120edc        0x0 binaries/xsh_clear.o
 .data          0x0000000000120edc        0x0 binaries/xsh_date.o
 .data          0x0000000000120edc        0x0 binaries/xsh_devdump.o
 .data          0x0000000000120edc        0x0 binaries/xsh_echo.o
 .data          0x0000000000120edc        0x0 binaries/xsh_exit.o
 .data          0x0000000000120edc        0x0 binaries/xsh_help.o
 .data          0x0000000000120edc        0x0 binaries/xsh_kill.o
 .data          0x0000000000120edc        0x0 binaries/xsh_memdump.o
 .data          0x0000000000120edc        0x0 binaries/xsh_memstat.o
 .data          0x0000000000120edc        0x0 binaries/xsh_netinfo.o
 .data          0x0000000000120edc        0x0 binaries/xsh_ping.o
 *fill*         0x0000000000120edc        0x4 
 .data          0x0000000000120ee0       0x20 binaries/xsh_ps.o
 .data          0x0000000000120f00        0x0 binaries/xsh_sleep.o
 .data          0x0000000000120f00        0x0 binaries/xsh_udpdump.o
 .data          0x0000000000120f00        0x0 binaries/xsh_udpecho.o
 .data          0x0000000000120f00        0x0 binaries/xsh_udpserver.o
 .data          0x0000000000120f00        0x0 binaries/xsh_uptime.o
 .data          0x0000000000120f00        0x0 binaries/clkdisp.o
 .data          0x0000000000120f00        0x0 binaries/ctxsw.o
 .data          0x0000000000120f00        0x0 binaries/intr.o
 .data          0x0000000000120f00        0x0 binaries/testandset.o
 .data          0x0000000000120f00        0x0 binaries/ttydispatch.o
 .data          0x0000000000120f00        0x0 binaries/ethdispatch.o
                0x0000000000120f00                edata = ABSOLUTE (.)
                0x0000000000120f00                _edata = ABSOLUTE (.)
                0x0000000000121000                . = ALIGN (0x1000)
 *fill*         0x0000000000120f00      0x100 

.got            0x0000000000121000        0x0
 .got           0x0000000000121000        0x0 binaries/start.o

.got.plt        0x0000000000121000        0xc
 .got.plt       0x0000000000121000        0xc binaries/start.o
                0x0000000000121000                _GLOBAL_OFFSET_TABLE_

.igot.plt       0x000000000012100c        0x0
 .igot.plt      0x000000000012100c        0x0 binaries/start.o

.bss            0x0000000000121020    0x1ffe0
                0x0000000000121020                bss = ABSOLUTE (.)
 *(.bss .bss.*)
 .bss           0x0000000000121020        0x0 binaries/start.o
 .bss           0x0000000000121020        0x0 binaries/ascdate.o
 .bss           0x0000000000121020        0x0 binaries/assembly_test.o
 .bss           0x0000000000121020        0x0 binaries/bufinit.o
 .bss           0x0000000000121020        0x0 binaries/chprio.o
 .bss           0x0000000000121020        0x0 binaries/clkhandler.o
 .bss           0x0000000000121020        0x4 binaries/clkinit.o
                0x0000000000121020                ctr1000
 .bss           0x0000000000121024        0x0 binaries/close.o
 .bss           0x0000000000121024        0x0 binaries/conf.o
 .bss           0x0000000000121024        0x0 binaries/control.o
 .bss           0x0000000000121024        0x0 binaries/create.o
 .bss           0x0000000000121024        0x4 binaries/evec.o
 .bss           0x0000000000121028        0x0 binaries/exit.o
 .bss           0x0000000000121028        0x0 binaries/freebuf.o
 .bss           0x0000000000121028        0x0 binaries/freemem.o
 .bss           0x0000000000121028        0x0 binaries/getbuf.o
 .bss           0x0000000000121028        0x0 binaries/getc.o
 .bss           0x0000000000121028        0x0 binaries/getdev.o
 .bss           0x0000000000121028        0x0 binaries/getitem.o
 .bss           0x0000000000121028        0x0 binaries/getmem.o
 .bss           0x0000000000121028        0x0 binaries/getpid.o
 .bss           0x0000000000121028        0x0 binaries/getprio.o
 .bss           0x0000000000121028        0x0 binaries/getstk.o
 .bss           0x0000000000121028        0x0 binaries/getticks.o
 .bss           0x0000000000121028        0x0 binaries/gettime.o
 .bss           0x0000000000121028        0x0 binaries/getutime.o
 .bss           0x0000000000121028        0x0 binaries/i386.o
 .bss           0x0000000000121028        0x0 binaries/init.o
 .bss           0x0000000000121028        0x0 binaries/initialize.o
 .bss           0x0000000000121028        0x0 binaries/insert.o
 .bss           0x0000000000121028        0x0 binaries/insertd.o
 .bss           0x0000000000121028        0x0 binaries/ioerr.o
 .bss           0x0000000000121028        0x0 binaries/ionull.o
 .bss           0x0000000000121028        0x0 binaries/kill.o
 .bss           0x0000000000121028        0x0 binaries/kprintf.o
 .bss           0x0000000000121028        0x0 binaries/main.o
 .bss           0x0000000000121028        0x0 binaries/mark.o
 .bss           0x0000000000121028        0x0 binaries/meminit.o
 .bss           0x0000000000121028        0x0 binaries/mkbufpool.o
 .bss           0x0000000000121028        0x0 binaries/newqueue.o
 .bss           0x0000000000121028        0x0 binaries/open.o
 .bss           0x0000000000121028        0x0 binaries/panic.o
 .bss           0x0000000000121028        0xc binaries/pci.o
 .bss           0x0000000000121034        0x0 binaries/ptclear.o
 .bss           0x0000000000121034        0x0 binaries/ptcount.o
 .bss           0x0000000000121034        0x0 binaries/ptcreate.o
 .bss           0x0000000000121034        0x0 binaries/ptdelete.o
 .bss           0x0000000000121034        0x0 binaries/ptinit.o
 .bss           0x0000000000121034        0x0 binaries/ptrecv.o
 .bss           0x0000000000121034        0x0 binaries/ptreset.o
 .bss           0x0000000000121034        0x0 binaries/ptsend.o
 .bss           0x0000000000121034        0x0 binaries/putc.o
 .bss           0x0000000000121034        0x0 binaries/queue.o
 .bss           0x0000000000121034        0x0 binaries/read.o