
Merging program properties

Removed property 0xc0000002 to merge binaries/active_lock.o (0x3) and binaries/start.o (not found)
Removed property 0xc0000002 to merge binaries/active_lock.o (not found) and binaries/ascdate.o (0x3)
Removed property 0xc0000002 to merge binaries/active_lock.o (not found) and binaries/assembly_test.o (0x3)
Removed property 0xc0000002 to merge binaries/active_lock.o (not found) and binaries/bufinit.o (0x3)
Removed property 0xc0000002 to merge binaries/active_lock.o (not found) and binaries/chprio.o (0x3)
Removed property 0xc0000002 to merge binaries/active_lock.o (not found) and binaries/clkhandler.o (0x3)
Removed property 0xc0000002 to merge binaries/active_lock.o (not found) and binaries/clkinit.o (0x3)
Removed property 0xc0000002 to merge binaries/active_lock.o (not found) and binaries/close.o (0x3)
Removed property 0xc0000002 to merge binaries/active_lock.o (not found) and binaries/conf.o (0x3)
Removed property 0xc0000002 to merge binaries/active_lock.o (not found) and binaries/control.o (0x3)
Removed property 0xc0000002 to merge binaries/active_lock.o (not found) and binaries/create.o (0x3)
Removed property 0xc0000002 to merge binaries/active_lock.o (not found) and binaries/deadlock_main.o (0x3)
Removed property 0xc0000002 to merge binaries/active_lock.o (not found) and binaries/evec.o (0x3)
Removed property 0xc0000002 to merge binaries/active_lock.o (not found) and binaries/exit.o (0x3)
Removed property 0xc0000002 to merge binaries/active_lock.o (not found) and binaries/freebuf.o (0x3)
Removed property 0xc0000002 to merge binaries/active_lock.o (not found) and binaries/freemem.o (0x3)
Removed property 0xc0000002 to merge binaries/active_lock.o (not found) and binaries/getbuf.o (0x3)
Removed property 0xc0000002 to merge binaries/active_lock.o (not found) and binaries/getc.o (0x3)
Removed property 0xc0000002 to merge binaries/active_lock.o (not found) and binaries/getdev.o (0x3)
Removed property 0xc0000002 to merge binaries/active_lock.o (not found) and binaries/getitem.o (0x3)
Removed property 0xc0000002 to merge binaries/active_lock.o (not found) and binaries/getmem.o (0x3)
Removed property 0xc0000002 to merge binaries/active_lock.o (not found) and binaries/getpid.o (0x3)
Removed property 0xc0000002 to merge binaries/active_lock.o (not found) and binaries/getprio.o (0x3)
Removed property 0xc0000002 to merge binaries/active_lock.o (not found) and binaries/getstk.o (0x3)
Removed property 0xc0000002 to merge binaries/active_lock.o (not found) and binaries/getticks.o (0x3)
Removed property 0xc0000002 to merge binaries/active_lock.o (not found) and binaries/gettime.o (0x3)
Removed property 0xc0000002 to merge binaries/active_lock.o (not found) and binaries/getutime.o (0x3)
Removed property 0xc0000002 to merge binaries/active_lock.o (not found) and binaries/i386.o (0x3)
Removed property 0xc0000002 to merge binaries/active_lock.o (not found) and binaries/init.o (0x3)
Removed property 0xc0000002 to merge binaries/active_lock.o (not found) and binaries/initialize.o (0x3)
Removed property 0xc0000002 to merge binaries/active_lock.o (not found) and binaries/insert.o (0x3)
Removed property 0xc0000002 to merge binaries/active_lock.o (not found) and binaries/insertd.o (0x3)
Removed property 0xc0000002 to merge binaries/active_lock.o (not found) and binaries/ioerr.o (0x3)
Removed property 0xc0000002 to merge binaries/active_lock.o (not found) and binaries/ionull.o (0x3)
Removed property 0xc0000002 to merge binaries/active_lock.o (not found) and binaries/kill.o (0x3)
Removed property 0xc0000002 to merge binaries/active_lock.o (not found) and binaries/kprintf.o (0x3)
Removed property 0xc0000002 to merge binaries/active_lock.o (not found) and binaries/lock.o (0x3)
Removed property 0xc0000002 to merge binaries/active_lock.o (not found) and binaries/main.o (0x3)
Removed property 0xc0000002 to merge binaries/active_lock.o (not found) and binaries/mark.o (0x3)
Removed property 0xc0000002 to merge binaries/active_lock.o (not found) and binaries/meminit.o (0x3)
Removed property 0xc0000002 to merge binaries/active_lock.o (not found) and binaries/mkbufpool.o (0x3)
Removed property 0xc0000002 to merge binaries/active_lock.o (not found) and binaries/newqueue.o (0x3)
Removed property 0xc0000002 to merge binaries/active_lock.o (not found) and binaries/open.o (0x3)
Removed property 0xc0000002 to merge binaries/active_lock.o (not found) and binaries/panic.o (0x3)
Removed property 0xc0000002 to merge binaries/active_lock.o (not found) and binaries/pci.o (0x3)
Removed property 0xc0000002 to merge binaries/active_lock.o (not found) and binaries/priority_lock.o (0x3)
Removed property 0xc0000002 to merge binaries/active_lock.o (not found) and binaries/ptclear.o (0x3)
Removed property 0xc0000002 to merge binaries/active_lock.o (not found) and binaries/ptcount.o (0x3)
Removed property 0xc0000002 to merge binaries/active_lock.o (not found) and binaries/ptcreate.o (0x3)
[...]
Memory Configuration

Name             Origin             Length             Attributes
*default*        0x0000000000000000 0xffffffffffffffff

Linker script and memory map

                0x0000000000100000                physbase = 0x100000
                0x0000000000100000                . = physbase
                0x0000000000100000                . = ALIGN (0x1000)

.text           0x0000000000100000    0x1e000
                0x0000000000100000                text = ABSOLUTE (.)
 *(.text .text.*)
 .text          0x0000000000100000      0x165 binaries/start.o
                0x0000000000100020                entry
                0x000000000010003d                start
                0x00000000001000a5                inb
                0x00000000001000ad                inw
                0x00000000001000b6                inl
                0x00000000001000be                outb
                0x00000000001000c8                outw
                0x00000000001000d3                outl
                0x00000000001000dd                _rtcin
                0x00000000001000e8                ___udivsi3
                0x00000000001000f3                ___divsi3
                0x00000000001000ff                sbzero
                0x000000000010010f                bcopy
                0x0000000000100123                insw
                0x0000000000100139                outsw
                0x000000000010014f                lidt
                0x0000000000100157                jumptocode
                0x000000000010015e                jumptobootcode
 .text          0x0000000000100165      0x4f3 binaries/active_lock.o
                0x0000000000100165                al_initlock
                0x0000000000100202                al_lock
                0x0000000000100309                al_unlock
                0x00000000001003aa                al_park
                0x0000000000100440                al_unpark
                0x00000000001004b1                get_owner
                0x0000000000100570                al_trylock
                0x00000000001005a7                print_deadlock
 .text.__x86.get_pc_thunk.ax
                0x0000000000100658        0x4 binaries/active_lock.o
                0x0000000000100658                __x86.get_pc_thunk.ax
 .text.__x86.get_pc_thunk.bx
                0x000000000010065c        0x4 binaries/active_lock.o
                0x000000000010065c                __x86.get_pc_thunk.bx
 .text          0x0000000000100660      0x408 binaries/ascdate.o
                0x0000000000100660                ascdate
 .text.__x86.get_pc_thunk.cx
                0x0000000000100a68        0x4 binaries/ascdate.o
                0x0000000000100a68                __x86.get_pc_thunk.cx
 .text          0x0000000000100a6c       0x46 binaries/assembly_test.o
                0x0000000000100a6c                assembly_test
 .text          0x0000000000100ab2       0x24 binaries/bufinit.o
                0x0000000000100ab2                bufinit
 .text          0x0000000000100ad6       0xa6 binaries/chprio.o
                0x0000000000100ad6                chprio
 .text          0x0000000000100b7c       0xee binaries/clkhandler.o
                0x0000000000100b7c                clkhandler
 .text          0x0000000000100c6a       0x99 binaries/clkinit.o
                0x0000000000100c6a                clkinit
 .text          0x0000000000100d03       0x8a binaries/close.o
                0x0000000000100d03                close
 .text          0x0000000000100d8d        0x0 binaries/conf.o
 .text          0x0000000000100d8d       0x90 binaries/control.o
                0x0000000000100d8d                control
 .text          0x0000000000100e1d      0x309 binaries/create.o
                0x0000000000100e1d                create
 .text          0x0000000000101126      0x22b binaries/deadlock_main.o
                0x0000000000101126                lock_routine_a
                0x00000000001011b0                lock_routine_b
                0x000000000010123a                lock_routine_c
                0x00000000001012c7                lock_routine_d
 .text          0x0000000000101351      0x3d8 binaries/evec.o
                0x0000000000101351                initevec
                0x00000000001013c1                set_evec
                0x0000000000101485                trap
 .text          0x0000000000101729       0x2d binaries/exit.o
                0x0000000000101729                exit
 .text          0x0000000000101756       0xa5 binaries/freebuf.o
                0x0000000000101756                freebuf
 .text          0x00000000001017fb      0x199 binaries/freemem.o
                0x00000000001017fb                freemem
 .text          0x0000000000101994       0xa3 binaries/getbuf.o
                0x0000000000101994                getbuf
 .text          0x0000000000101a37       0x8a binaries/getc.o
                0x0000000000101a37                getc
 .text          0x0000000000101ac1       0x8a binaries/getdev.o
                0x0000000000101ac1                getdev
 .text          0x0000000000101b4b      0x11d binaries/getitem.o
                0x0000000000101b4b                getfirst
                0x0000000000101ba5                getlast
                0x0000000000101c01                getitem
 .text.__x86.get_pc_thunk.dx
                0x0000000000101c68        0x4 binaries/getitem.o
                0x0000000000101c68                __x86.get_pc_thunk.dx
 .text          0x0000000000101c6c      0x136 binaries/getmem.o
                0x0000000000101c6c                getmem
 .text          0x0000000000101da2       0x1b binaries/getpid.o
                0x0000000000101da2                getpid
 .text          0x0000000000101dbd       0x90 binaries/getprio.o
                0x0000000000101dbd                getprio
 .text          0x0000000000101e4d      0x11d binaries/getstk.o
                0x0000000000101e4d                getstk
 .text          0x0000000000101f6a       0x24 binaries/getticks.o
                0x0000000000101f6a                getticks
 .text          0x0000000000101f8e       0x4e binaries/gettime.o
                0x0000000000101f8e                gettime
 .text          0x0000000000101fdc      0x220 binaries/getutime.o
                0x0000000000101fdc                getutime
 .text          0x00000000001021fc      0x447 binaries/i386.o
                0x00000000001021fc                setsegs
                0x000000000010233c                init8259
                0x0000000000102402                pseg
                0x00000000001025ce                setirmask
 .text          0x0000000000102643       0x8a binaries/init.o
                0x0000000000102643                init
 .text          0x00000000001026cd      0x48e binaries/initialize.o
                0x00000000001026cd                nulluser
                0x0000000000102ae0                stop
                0x0000000000102b1f                delay
 .text          0x0000000000102b5b      0x109 binaries/insert.o
                0x0000000000102b5b                insert
 .text          0x0000000000102c64      0x142 binaries/insertd.o
                0x0000000000102c64                insertd
 .text          0x0000000000102da6       0x18 binaries/ioerr.o
                0x0000000000102da6                ioerr
 .text          0x0000000000102dbe       0x18 binaries/ionull.o
                0x0000000000102dbe                ionull
 .text          0x0000000000102dd6      0x1cd binaries/kill.o
                0x0000000000102dd6                kill
 .text          0x0000000000102fa3      0x18e binaries/kprintf.o
                0x0000000000102fa3                kputc
                0x000000000010304b                kgetc
                0x00000000001030f1                kprintf
 .text          0x0000000000103131      0x2a9 binaries/lock.o
                0x0000000000103131                initlock
                0x0000000000103187                lock
                0x0000000000103211                unlock
                0x0000000000103298                setPark
                0x00000000001032f6                park
                0x0000000000103373                unpark
 .text          0x00000000001033da      0x341 binaries/main.o
                0x00000000001033da                priority_lock_routine_a
                0x000000000010347c                priority_lock_routine_b
                0x000000000010351e                medium_priority_thread
                0x0000000000103608                main
 .text          0x000000000010371b       0xf6 binaries/mark.o
                0x000000000010371b                markinit
                0x0000000000103758                mark
 .text          0x0000000000103811       0xf9 binaries/meminit.o
                0x0000000000103811                meminit
 .text          0x000000000010390a      0x196 binaries/mkbufpool.o
                0x000000000010390a                mkbufpool
 .text          0x0000000000103aa0       0xbf binaries/newqueue.o
                0x0000000000103aa0                newqueue
 .text          0x0000000000103b5f       0x90 binaries/open.o
                0x0000000000103b5f                open
 .text          0x0000000000103bef       0x32 binaries/panic.o
                0x0000000000103bef                panic
 .text          0x0000000000103c21      0x56c binaries/pci.o
                0x0000000000103c21                pci_init
                0x0000000000103f4b                find_pci_device
                0x0000000000103faa                pci_bios_read_config_byte
                0x0000000000103ffa                pci_bios_read_config_word
                0x000000000010404d                pci_bios_read_config_dword
                0x000000000010409d                pci_bios_write_config_byte
                0x00000000001040ef                pci_bios_write_config_word
                0x0000000000104141                pci_bios_write_config_dword
 .text.__x86.get_pc_thunk.si
                0x000000000010418d        0x4 binaries/pci.o
                0x000000000010418d                __x86.get_pc_thunk.si
 .text          0x0000000000104191      0x561 binaries/priority_lock.o
                0x0000000000104191                pi_initlock
                0x0000000000104247                pi_lock
                0x0000000000104344                pi_unlock
                0x00000000001043e3                pi_park
                0x00000000001044cc                pi_unpark
                0x000000000010453d                check_priority
                0x000000000010465b                revert_priority
 .text          0x00000000001046f2      0x109 binaries/ptclear.o
                0x00000000001046f2                _ptclear
 .text          0x00000000001047fb       0xb3 binaries/ptcount.o
                0x00000000001047fb                ptcount
 .text          0x00000000001048ae      0x138 binaries/ptcreate.o
                0x00000000001048ae                ptcreate
 .text          0x00000000001049e6       0x98 binaries/ptdelete.o
                0x00000000001049e6                ptdelete
 .text          0x0000000000104a7e       0xe9 binaries/ptinit.o
                0x0000000000104a7e                ptinit
 .text          0x0000000000104b67      0x139 binaries/ptrecv.o
                0x0000000000104b67                ptrecv
 .text          0x0000000000104ca0       0x8d binaries/ptreset.o
                0x0000000000104ca0                ptreset
 .text          0x0000000000104d2d      0x15e binaries/ptsend.o
                0x0000000000104d2d                ptsend
 .text          0x0000000000104e8b       0x95 binaries/putc.o
                0x0000000000104e8b                putc
 .text          0x0000000000104f20      0x209 binaries/queue.o
                0x0000000000104f20                enqueue
                0x0000000000104fe5                dequeue
                0x000000000010506e                print_q
 .text          0x0000000000105129       0x90 binaries/read.o
                0x0000000000105129                read
 .text          0x00000000001051b9       0x90 binaries/ready.o
                0x00000000001051b9                ready
 .text          0x0000000000105249       0x78 binaries/receive.o
                0x0000000000105249                receive
 .text          0x00000000001052c1       0x74 binaries/recvclr.o
                0x00000000001052c1                recvclr
 .text          0x0000000000105335       0xd9 binaries/recvtime.o
                0x0000000000105335                recvtime
 .text          0x000000000010540e      0x274 binaries/resched.o
                0x000000000010540e                get_timestamp
                0x0000000000105429                resched
                0x00000000001055e1                resched_cntl
 .text          0x0000000000105682       0xc3 binaries/resume.o
                0x0000000000105682                resume
 .text          0x0000000000105745       0x8e binaries/seek.o
                0x0000000000105745                seek
 .text          0x00000000001057d3       0x8b binaries/semcount.o
                0x00000000001057d3                semcount
 .text          0x000000000010585e      0x108 binaries/semcreate.o
                0x000000000010585e                semcreate
 .text          0x0000000000105966       0xe3 binaries/semdelete.o
                0x0000000000105966                semdelete
 .text          0x0000000000105a49       0xe7 binaries/semreset.o
                0x0000000000105a49                semreset
 .text          0x0000000000105b30      0x100 binaries/send.o
                0x0000000000105b30                send
 .text          0x0000000000105c30       0xbe binaries/signal.o
                0x0000000000105c30                signal
 .text          0x0000000000105cee       0xec binaries/signaln.o
                0x0000000000105cee                signaln
 .text          0x0000000000105dda      0x116 binaries/sleep.o
                0x0000000000105dda                sleep
                0x0000000000105e36                sleepms
 .text          0x0000000000105ef0       0xd2 binaries/spinlock.o
                0x0000000000105ef0                sl_initlock
                0x0000000000105f39                sl_lock
                0x0000000000105f7e                sl_unlock
 .text          0x0000000000105fc2      0x1b8 binaries/stacktrace.o
                0x0000000000105fc2                stacktrace
 .text          0x000000000010617a       0xf9 binaries/suspend.o
                0x000000000010617a                suspend
 .text          0x0000000000106273      0x145 binaries/sync_printf.o
                0x0000000000106273                sync_printf
 .text          0x00000000001063b8       0x82 binaries/timed_execution.o
                0x00000000001063b8                run_for_ms
 .text          0x000000000010643a      0x104 binaries/unsleep.o
                0x000000000010643a                unsleep
 .text          0x000000000010653e       0x2d binaries/userret.o
                0x000000000010653e                userret
 .text          0x000000000010656b       0xf9 binaries/wait.o
                0x000000000010656b                wait
 .text          0x0000000000106664       0x9c binaries/wakeup.o
                0x0000000000106664                wakeup
 .text          0x0000000000106700       0x90 binaries/write.o
                0x0000000000106700                write
 .text          0x0000000000106790       0x33 binaries/xdone.o
                0x0000000000106790                xdone
 .text          0x00000000001067c3       0x3b binaries/yield.o
                0x00000000001067c3                yield
 .text          0x00000000001067fe       0x1f binaries/abs.o
                0x00000000001067fe                abs
 .text          0x000000000010681d       0x9e binaries/atoi.o
                0x000000000010681d                atoi
 .text          0x00000000001068bb       0x9e binaries/atol.o
                0x00000000001068bb                atol
 .text          0x0000000000106959       0x40 binaries/bzero.o
                0x0000000000106959                bzero
 .text          0x0000000000106999        0x0 binaries/ctype_.o
 .text          0x0000000000106999      0x96b binaries/doprnt.o
                0x0000000000106999                _doprnt
 .text          0x0000000000107304      0x709 binaries/doscan.o
                0x0000000000107304                _doscan
 .text.__x86.get_pc_thunk.di
                0x0000000000107a0d        0x4 binaries/doscan.o
                0x0000000000107a0d                __x86.get_pc_thunk.di
 .text          0x0000000000107a11      0x788 binaries/fdoprnt.o
                0x0000000000107a11                _fdoprnt
 .text          0x0000000000108199       0x3d binaries/fgetc.o
                0x0000000000108199                fgetc
 .text          0x00000000001081d6       0x88 binaries/fgets.o
                0x00000000001081d6                fgets
 .text          0x000000000010825e       0x40 binaries/fprintf.o
                0x000000000010825e                fprintf
 .text          0x000000000010829e       0x40 binaries/fputc.o
                0x000000000010829e                fputc
 .text          0x00000000001082de       0x56 binaries/fputs.o
                0x00000000001082de                fputs
 .text          0x0000000000108334       0xc2 binaries/fscanf.o
                0x0000000000108334                fscanf
 .text          0x00000000001083f6       0x4a binaries/getchar.o
                0x00000000001083f6                getchar
 .text          0x0000000000108440       0x1f binaries/labs.o
                0x0000000000108440                labs
 .text          0x000000000010845f        0x0 binaries/memchr.o
 .text          0x000000000010845f       0x5f binaries/memcmp.o
                0x000000000010845f                memcmp
 .text          0x00000000001084be       0x4d binaries/memcpy.o
                0x00000000001084be                memcpy
 .text          0x000000000010850b       0x3e binaries/memset.o
                0x000000000010850b                memset
 .text          0x0000000000108549       0x61 binaries/printf.o
                0x0000000000108549                printf
 .text          0x00000000001085aa       0x4d binaries/putchar.o
                0x00000000001085aa                putchar
 .text          0x00000000001085f7      0x2bf binaries/qsort.o
                0x00000000001085f7                qsort
 .text          0x00000000001088b6       0x8d binaries/rand.o
                0x00000000001088b6                rand
                0x00000000001088de                rand_r
                0x0000000000108926                srand
 .text          0x0000000000108943       0x8a binaries/sprintf.o
                0x0000000000108943                sprintf
 .text          0x00000000001089cd       0xa4 binaries/sscanf.o
                0x00000000001089cd                sscanf
 .text          0x0000000000108a71       0x4a binaries/strchr.o
                0x0000000000108a71                strchr
 .text          0x0000000000108abb       0x53 binaries/strcmp.o
                0x0000000000108abb                strcmp
 .text          0x0000000000108b0e       0x35 binaries/strcpy.o
                0x0000000000108b0e                strcpy
 .text          0x0000000000108b43       0x34 binaries/strlen.o
                0x0000000000108b43                strlen
 .text          0x0000000000108b77       0x64 binaries/strncat.o
                0x0000000000108b77                strncat
 .text          0x0000000000108bdb       0x6c binaries/strncmp.o
                0x0000000000108bdb                strncmp
 .text          0x0000000000108c47       0x5d binaries/strncpy.o
                0x0000000000108c47                strncpy
 .text          0x0000000000108ca4       0x3c binaries/strnlen.o
                0x0000000000108ca4                strnlen
 .text          0x0000000000108ce0       0x53 binaries/strrchr.o
                0x0000000000108ce0                strrchr
 .text          0x0000000000108d33       0x7c binaries/strstr.o
                0x0000000000108d33                strstr
 .text          0x0000000000108daf      0x100 binaries/ttycontrol.o
                0x0000000000108daf                ttycontrol
 .text          0x0000000000108eaf       0xaf binaries/ttygetc.o
                0x0000000000108eaf                ttygetc
 .text          0x0000000000108f5e      0x73b binaries/ttyhandle_in.o
                0x0000000000108f5e                ttyhandle_in
 .text          0x0000000000109699      0x1c5 binaries/ttyhandle_out.o
                0x0000000000109699                ttyhandle_out
 .text          0x000000000010985e       0xec binaries/ttyhandler.o
                0x000000000010985e                ttyhandler
 .text          0x000000000010994a      0x241 binaries/ttyinit.o
                0x000000000010994a                ttyinit
 .text          0x0000000000109b8b       0x2f binaries/ttykickout.o
                0x0000000000109b8b                ttykickout
 .text          0x0000000000109bba       0xcd binaries/ttyputc.o
                0x0000000000109bba                ttyputc
 .text          0x0000000000109c87      0x12f binaries/ttyread.o
                0x0000000000109c87                ttyread
 .text          0x0000000000109db6       0x60 binaries/ttywrite.o
                0x0000000000109db6                ttywrite
 .text          0x0000000000109e16      0x17c binaries/mount.o
                0x0000000000109e16                mount
                0x0000000000109f4e                namlen
 .text          0x0000000000109f92      0x224 binaries/naminit.o
                0x0000000000109f92                naminit
 .text          0x000000000010a1b6      0x24f binaries/nammap.o
                0x000000000010a1b6                nammap
                0x000000000010a257                namrepl
                0x000000000010a3a7                namcpy
 .text          0x000000000010a405       0x61 binaries/namopen.o
                0x000000000010a405                namopen
 .text          0x000000000010a466      0xf47 binaries/82545EMInit.o
                0x000000000010a4e3                _82545EMInit
                0x000000000010b1fb                _82545EM_read_phy_reg
                0x000000000010b2d0                _82545EM_write_phy_reg
 .text          0x000000000010b3ad      0x295 binaries/ethcontrol.o
                0x000000000010b42a                ethcontrol
                0x000000000010b5b7                ethIrqDisable
                0x000000000010b5fb                ethIrqEnable
 .text          0x000000000010b642      0x2a6 binaries/ethhandler.o
                0x000000000010b7eb                ethhandler
 .text          0x000000000010b8e8      0x142 binaries/ethinit.o
                0x000000000010b8e8                ethinit
 .text          0x000000000010ba2a      0x22b binaries/ethread.o
                0x000000000010baa7                ethread
 .text          0x000000000010bc55      0x1d4 binaries/ethwrite.o
                0x000000000010bcd2                ethwrite
 .text          0x000000000010be29       0xb3 binaries/rdsbufalloc.o
                0x000000000010be29                rdsbufalloc
 .text          0x000000000010bedc       0xd3 binaries/rdsclose.o
                0x000000000010bedc                rdsclose
 .text          0x000000000010bfaf      0x308 binaries/rdscomm.o
                0x000000000010bfaf                rdscomm
 .text          0x000000000010c2b7      0x243 binaries/rdscontrol.o
                0x000000000010c2b7                rdscontrol
 .text          0x000000000010c4fa      0x202 binaries/rdsinit.o
                0x000000000010c4fa                rdsinit
 .text          0x000000000010c6fc      0x1a8 binaries/rdsopen.o
                0x000000000010c6fc                rdsopen
 .text          0x000000000010c8a4      0x47b binaries/rdsprocess.o
                0x000000000010c8a4                rdsprocess
 .text          0x000000000010cd1f      0x264 binaries/rdsread.o
                0x000000000010cd1f                rdsread
 .text          0x000000000010cf83      0x204 binaries/rdswrite.o
                0x000000000010cf83                rdswrite
 .text          0x000000000010d187       0x18 binaries/ramclose.o
                0x000000000010d187                ramclose
 .text          0x000000000010d19f       0x5c binaries/raminit.o
                0x000000000010d19f                raminit
 .text          0x000000000010d1fb       0x18 binaries/ramopen.o
                0x000000000010d1fb                ramopen
 .text          0x000000000010d213       0x4b binaries/ramread.o
                0x000000000010d213                ramread
 .text          0x000000000010d25e       0x4b binaries/ramwrite.o
                0x000000000010d25e                ramwrite
 .text          0x000000000010d2a9       0xc8 binaries/lfdballoc.o
                0x000000000010d2a9                lfdballoc
 .text          0x000000000010d371       0x70 binaries/lfdbfree.o
                0x000000000010d371                lfdbfree
 .text          0x000000000010d3e1       0xe4 binaries/lfflush.o
                0x000000000010d3e1                lfflush
 .text          0x000000000010d4c5       0xed binaries/lfgetmode.o
                0x000000000010d4c5                lfgetmode
 .text          0x000000000010d5b2       0x96 binaries/lfiballoc.o
                0x000000000010d5b2                lfiballoc
 .text          0x000000000010d648       0x49 binaries/lfibclear.o
                0x000000000010d648                lfibclear
 .text          0x000000000010d691       0xc0 binaries/lfibget.o
                0x000000000010d691                lfibget
 .text          0x000000000010d751       0xef binaries/lfibput.o
                0x000000000010d751                lfibput
 .text          0x000000000010d840       0xbf binaries/lflclose.o
                0x000000000010d840                lflclose
 .text          0x000000000010d8ff       0xf1 binaries/lflcontrol.o
                0x000000000010d8ff                lflcontrol
 .text          0x000000000010d9f0      0x108 binaries/lflgetc.o
                0x000000000010d9f0                lflgetc
 .text          0x000000000010daf8      0x104 binaries/lflinit.o
                0x000000000010daf8                lflinit
 .text          0x000000000010dbfc      0x13e binaries/lflputc.o
                0x000000000010dbfc                lflputc
 .text          0x000000000010dd3a       0x83 binaries/lflread.o
                0x000000000010dd3a                lflread
 .text          0x000000000010ddbd       0xc2 binaries/lflseek.o
                0x000000000010ddbd                lflseek
 .text          0x000000000010de7f       0x68 binaries/lflwrite.o
                0x000000000010de7f                lflwrite
 .text          0x000000000010dee7       0x70 binaries/lfscheck.o
                0x000000000010dee7                lfscheck
 .text          0x000000000010df57      0x198 binaries/lfsckfmt.o
                0x000000000010df57                lfsckfmt
 .text          0x000000000010e0ef      0x1c2 binaries/lfscreate.o
                0x000000000010e0ef                lfscreate
 .text          0x000000000010e2b1      0x2a7 binaries/lfsetup.o
                0x000000000010e2b1                lfsetup
 .text          0x000000000010e558       0x83 binaries/lfsinit.o
                0x000000000010e558                lfsinit
 .text          0x000000000010e5db      0x415 binaries/lfsopen.o
                0x000000000010e5db                lfsopen
 .text          0x000000000010e9f0      0x18e binaries/lftruncate.o
                0x000000000010e9f0                lftruncate
 .text          0x000000000010eb7e       0x93 binaries/rflclose.o
                0x000000000010eb7e                rflclose
 .text          0x000000000010ec11       0x46 binaries/rflgetc.o
                0x000000000010ec11                rflgetc
 .text          0x000000000010ec57       0x8a binaries/rflinit.o
                0x000000000010ec57                rflinit
 .text          0x000000000010ece1       0x47 binaries/rflputc.o
                0x000000000010ece1                rflputc
 .text          0x000000000010ed28      0x39a binaries/rflread.o
                0x000000000010ed28                rflread
 .text          0x000000000010f0c2       0x96 binaries/rflseek.o
                0x000000000010f0c2                rflseek
 .text          0x000000000010f158      0x385 binaries/rflwrite.o
                0x000000000010f158                rflwrite
 .text          0x000000000010f4dd      0x221 binaries/rfscomm.o
                0x000000000010f4dd                rfscomm
 .text          0x000000000010f6fe      0x2b3 binaries/rfscontrol.o
                0x000000000010f6fe                rfscontrol
 .text          0x000000000010f9b1       0xed binaries/rfsgetmode.o
                0x000000000010f9b1                rfsgetmode
 .text          0x000000000010fa9e       0xb7 binaries/rfsinit.o
                0x000000000010fa9e                rfsinit
 .text          0x000000000010fb55      0x126 binaries/rfsndmsg.o
                0x000000000010fb55                rfsndmsg
 .text          0x000000000010fc7b      0x2e7 binaries/rfsopen.o
                0x000000000010fc7b                rfsopen
 .text          0x000000000010ff62      0x8ff binaries/arp.o
                0x000000000010ff62                arp_init
                0x000000000010ffad                arp_resolve
                0x000000000011029f                arp_in
                0x0000000000110585                arp_alloc
                0x000000000011066b                arp_ntoh
                0x0000000000110766                arp_hton
 .text          0x0000000000110861      0x991 binaries/dhcp.o
                0x0000000000110861                dhcp_get_opt_val
                0x00000000001108c8                dhcp_bld_bootp_msg
                0x00000000001109f3                dhcp_bld_disc
                0x0000000000110ae4                dhcp_bld_req
                0x0000000000110c65                getlocalip
 .text          0x00000000001111f2      0x5fc binaries/dns.o
                0x00000000001111f2                dnslookup
 .text          0x00000000001117ee       0xf8 binaries/dot2ip.o
                0x00000000001117ee                dot2ip
 .text          0x00000000001118e6      0x530 binaries/hexdump.o
                0x00000000001118e6                hexdump
                0x0000000000111ab8                hexadump
 .text          0x0000000000111e16      0x968 binaries/icmp.o
                0x0000000000111e16                icmp_init
                0x0000000000111e60                icmp_in
                0x0000000000112045                icmp_register
                0x0000000000112153                icmp_recv
                0x00000000001122f5                icmp_send
                0x000000000011238e                icmp_mkpkt
                0x00000000001124c6                icmp_release
                0x00000000001125d7                icmp_cksum
                0x0000000000112678                icmp_hton
                0x00000000001126fb                icmp_ntoh
 .text          0x000000000011277e      0x990 binaries/ip.o
                0x000000000011277e                ip_in
                0x0000000000112927                ip_send
                0x0000000000112aad                ip_local
                0x0000000000112b12                ip_out
                0x0000000000112c5e                ipcksum
                0x0000000000112cf2                ip_ntoh
                0x0000000000112ded                ip_hton
                0x0000000000112ee8                ipout
                0x0000000000113043                ip_enqueue
 .text          0x000000000011310e      0x348 binaries/net.o
                0x000000000011310e                net_init
                0x000000000011326e                netin
                0x0000000000113345                eth_hton
                0x000000000011337e                eth_ntoh
                0x00000000001133b7                getport
 .text          0x0000000000113456     0x15c4 binaries/pdump.o
                0x0000000000113456                pdump
                0x00000000001142b2                pdumph
 .text          0x0000000000114a1a      0x668 binaries/tftp.o
                0x0000000000114a1a                tftp_send1
                0x0000000000114bb1                tftpget
                0x0000000000114bf1                tftpget_mb
 .text          0x0000000000115082      0xc5e binaries/udp.o
                0x0000000000115082                udp_init
                0x00000000001150cc                udp_in
                0x0000000000115223                udp_register
                0x0000000000115376                udp_recv
                0x0000000000115529                udp_recvaddr
                0x00000000001156f4                udp_send
                0x00000000001158fb                udp_sendto
                0x0000000000115aca                udp_release
                0x0000000000115bda                udp_ntoh
                0x0000000000115c5d                udp_hton
 .text          0x0000000000115ce0      0x151 binaries/addargs.o
                0x0000000000115ce0                addargs
 .text          0x0000000000115e31      0x2df binaries/lexan.o
                0x0000000000115e31                lexan
 .text          0x0000000000116110      0x6e1 binaries/shell.o
                0x0000000000116110                shell
 .text          0x00000000001167f1       0x82 binaries/xsh_argecho.o
                0x00000000001167f1                xsh_argecho
 .text          0x0000000000116873      0x2d4 binaries/xsh_arp.o
                0x0000000000116873                xsh_arp
 .text          0x0000000000116b47      0x2b2 binaries/xsh_cat.o
                0x0000000000116b47                xsh_cat
 .text          0x0000000000116df9       0x7e binaries/xsh_clear.o
                0x0000000000116df9                xsh_clear
 .text          0x0000000000116e77      0x358 binaries/xsh_date.o
                0x0000000000116e77                xsh_date
 .text          0x00000000001171cf       0xcf binaries/xsh_devdump.o
                0x00000000001171cf                xsh_devdump
 .text          0x000000000011729e       0x8b binaries/xsh_echo.o
                0x000000000011729e                xsh_echo
 .text          0x0000000000117329       0x18 binaries/xsh_exit.o
                0x0000000000117329                xsh_exit
 .text          0x0000000000117341      0x3ed binaries/xsh_help.o
                0x0000000000117341                xsh_help
 .text          0x000000000011772e      0x28b binaries/xsh_kill.o
                0x000000000011772e                xsh_kill
 .text          0x00000000001179b9      0x5b5 binaries/xsh_memdump.o
                0x00000000001179b9                xsh_memdump
 .text          0x0000000000117f6e      0x322 binaries/xsh_memstat.o
                0x0000000000117f6e                xsh_memstat
 .text          0x0000000000118290      0x5d9 binaries/xsh_netinfo.o
                0x0000000000118290                xsh_netinfo
 .text          0x0000000000118869      0x4eb binaries/xsh_ping.o
                0x0000000000118869                xsh_ping
 .text          0x0000000000118d54      0x280 binaries/xsh_ps.o
                0x0000000000118d54                xsh_ps
 .text          0x0000000000118fd4      0x269 binaries/xsh_sleep.o
                0x0000000000118fd4                xsh_sleep
 .text          0x000000000011923d      0x2dc binaries/xsh_udpdump.o
                0x000000000011923d                xsh_udpdump
 .text          0x0000000000119519      0x539 binaries/xsh_udpecho.o
                0x0000000000119519                xsh_udpecho
 .text          0x0000000000119a52      0x2ff binaries/xsh_udpserver.o
                0x0000000000119a52                xsh_udpeserver
 .text          0x0000000000119d51      0x234 binaries/xsh_uptime.o
                0x0000000000119d51                xsh_uptime
 .text          0x0000000000119f85        0xe binaries/clkdisp.o
                0x0000000000119f85                clkdisp
 .text          0x0000000000119f93       0x19 binaries/ctxsw.o
                0x0000000000119f93                ctxsw
 .text          0x0000000000119fac      0x368 binaries/intr.o
                0x0000000000119fac                disable
                0x0000000000119fb5                restore
                0x0000000000119fc3                enable
                0x0000000000119fc5                pause
                0x0000000000119fcc                halt
                0x0000000000119fcf                spurious_irq7
                0x0000000000119fd4                spurious_irq15
                0x0000000000119fe3                _Xint0
                0x0000000000119fee                _Xint1
                0x0000000000119ff9                _Xint2
                0x000000000011a004                _Xint3
                0x000000000011a00f                _Xint4
                0x000000000011a01a                _Xint5
                0x000000000011a025                _Xint6
                0x000000000011a030                _Xint7
                0x000000000011a03b                _Xint8
                0x000000000011a046                _Xint9
                0x000000000011a051                _Xint10
                0x000000000011a05c                _Xint11
                0x000000000011a06a                _Xint12
                0x000000000011a078                _Xint13
                0x000000000011a086                _Xint14
                0x000000000011a094                _Xint15
                0x000000000011a0a2                _Xint16
                0x000000000011a0b0                _Xint17
                0x000000000011a0be                _Xint18
                0x000000000011a0cc                _Xint19
                0x000000000011a0da                _Xint20
                0x000000000011a0e8                _Xint21
                0x000000000011a0f6                _Xint22
                0x000000000011a104                _Xint23
                0x000000000011a112                _Xint24
                0x000000000011a120                _Xint25
                0x000000000011a12e                _Xint26
                0x000000000011a13c                _Xint27
                0x000000000011a14a                _Xint28
                0x000000000011a158                _Xint29
                0x000000000011a166                _Xint30
                0x000000000011a174                _Xint31
                0x000000000011a182                _Xint32
                0x000000000011a190                _Xint33
                0x000000000011a19e                _Xint34
                0x000000000011a1ac                _Xint35
                0x000000000011a1ba                _Xint36
                0x000000000011a1c8                _Xint37
                0x000000000011a1d6                _Xint38
                0x000000000011a1e4                _Xint39
                0x000000000011a1f2                _Xint40
                0x000000000011a200                _Xint41
                0x000000000011a20e                _Xint42
                0x000000000011a21c                _Xint43
                0x000000000011a22a                _Xint44
                0x000000000011a238                _Xint45
                0x000000000011a246                _Xint46
                0x000000000011a254                defevec
 .text          0x000000000011a314       0x2a binaries/testandset.o
                0x000000000011a32f                test_and_set
 .text          0x000000000011a33e        0xf binaries/ttydispatch.o
                0x000000000011a33e                ttydispatch
 .text          0x000000000011a34d       0x13 binaries/ethdispatch.o
                0x000000000011a34d                ethdispatch
 *(.rodata .rodata.*)
 .rodata        0x000000000011a360       0x1b binaries/active_lock.o
 *fill*         0x000000000011a37b        0x1 
 .rodata        0x000000000011a37c       0x8e binaries/ascdate.o
 .rodata        0x000000000011a40a        0xa binaries/assembly_test.o
 .rodata        0x000000000011a414       0xae binaries/conf.o
 *fill*         0x000000000011a4c2        0x2 
 .rodata        0x000000000011a4c4      0x22f binaries/evec.o
 *fill*         0x000000000011a6f3        0x1 
 .rodata        0x000000000011a6f4       0x61 binaries/getutime.o
 *fill*         0x000000000011a755        0x3 
 .rodata        0x000000000011a758       0x90 binaries/i386.o
 .rodata        0x000000000011a7e8      0x182 binaries/initialize.o
 *fill*         0x000000000011a96a        0x2 
 .rodata        0x000000000011a96c       0x20 binaries/kill.o
 .rodata        0x000000000011a98c       0xfc binaries/main.o
 .rodata        0x000000000011aa88        0xf binaries/panic.o
 *fill*         0x000000000011aa97        0x1 
 .rodata        0x000000000011aa98      0x1ec binaries/pci.o
 .rodata        0x000000000011ac84       0xd4 binaries/priority_lock.o
 .rodata        0x000000000011ad58       0x1d binaries/ptinit.o
 *fill*         0x000000000011ad75        0x3 
 .rodata        0x000000000011ad78       0x25 binaries/ptsend.o
 .rodata        0x000000000011ad9d       0x21 binaries/queue.o
 *fill*         0x000000000011adbe        0x2 
 .rodata        0x000000000011adc0       0x24 binaries/resched.o
 .rodata        0x000000000011ade4       0xb7 binaries/stacktrace.o
 *fill*         0x000000000011ae9b        0x1 
 .rodata        0x000000000011ae9c       0x25 binaries/timed_execution.o
 *fill*         0x000000000011aec1        0x3 
 .rodata        0x000000000011aec4       0x27 binaries/xdone.o
 *fill*         0x000000000011aeeb       0x15 
 .rodata        0x000000000011af00       0x81 binaries/ctype_.o
                0x000000000011af00                _ctype_
 *fill*         0x000000000011af81        0x3 
 .rodata        0x000000000011af84       0xee binaries/doprnt.o
 *fill*         0x000000000011b072        0x2 
 .rodata        0x000000000011b074       0xae binaries/fdoprnt.o
 *fill*         0x000000000011b122        0x2 
 .rodata        0x000000000011b124       0x20 binaries/ttycontrol.o
 .rodata        0x000000000011b144       0x34 binaries/ttyhandler.o
 .rodata        0x000000000011b178       0x80 binaries/naminit.o
 .rodata        0x000000000011b1f8       0x2e binaries/82545EMInit.o
 *fill*         0x000000000011b226        0x2 
 .rodata        0x000000000011b228       0x78 binaries/ethinit.o
 .rodata        0x000000000011b2a0       0x18 binaries/ethread.o
 .rodata        0x000000000011b2b8       0x2c binaries/rdsbufalloc.o
 .rodata        0x000000000011b2e4       0x76 binaries/rdscomm.o
 *fill*         0x000000000011b35a        0x2 
 .rodata        0x000000000011b35c       0x48 binaries/rdscontrol.o
 .rodata        0x000000000011b3a4       0x96 binaries/rdsinit.o
 *fill*         0x000000000011b43a        0x2 
 .rodata        0x000000000011b43c       0x22 binaries/rdsopen.o
 *fill*         0x000000000011b45e        0x2 
 .rodata        0x000000000011b460       0x4d binaries/rdsprocess.o
 .rodata        0x000000000011b4ad        0x9 binaries/raminit.o
 *fill*         0x000000000011b4b6        0x2 
 .rodata        0x000000000011b4b8       0x37 binaries/lfdballoc.o
 .rodata        0x000000000011b4ef       0x14 binaries/lfiballoc.o
 *fill*         0x000000000011b503        0x1 
 .rodata        0x000000000011b504       0x23 binaries/lflcontrol.o
 *fill*         0x000000000011b527        0x1 
 .rodata        0x000000000011b528      0x11b binaries/lfsckfmt.o
 *fill*         0x000000000011b643        0x1 
 .rodata        0x000000000011b644       0x2a binaries/lfsopen.o
 *fill*         0x000000000011b66e        0x2 
 .rodata        0x000000000011b670       0x21 binaries/rflread.o
 *fill*         0x000000000011b691        0x3 
 .rodata        0x000000000011b694       0x21 binaries/rflwrite.o
 *fill*         0x000000000011b6b5        0x3 
 .rodata        0x000000000011b6b8       0x75 binaries/rfscomm.o
 *fill*         0x000000000011b72d        0x3 
 .rodata        0x000000000011b730       0x3c binaries/rfscontrol.o
 .rodata        0x000000000011b76c       0x63 binaries/rfsinit.o
 *fill*         0x000000000011b7cf        0x1 
 .rodata        0x000000000011b7d0       0x2a binaries/rfsndmsg.o
 *fill*         0x000000000011b7fa        0x2 
 .rodata        0x000000000011b7fc       0x22 binaries/rfsopen.o
 *fill*         0x000000000011b81e        0x2 
 .rodata        0x000000000011b820       0x3a binaries/arp.o
 *fill*         0x000000000011b85a        0x2 
 .rodata        0x000000000011b85c       0xcf binaries/dhcp.o
 .rodata        0x000000000011b92b       0x1a binaries/dns.o
 *fill*         0x000000000011b945        0x3 
 .rodata        0x000000000011b948       0xc9 binaries/hexdump.o
 *fill*         0x000000000011ba11        0x3 
 .rodata        0x000000000011ba14       0x29 binaries/icmp.o
 *fill*         0x000000000011ba3d        0x3 
 .rodata        0x000000000011ba40       0x6e binaries/ip.o
 *fill*         0x000000000011baae        0x2 
 .rodata        0x000000000011bab0       0x4f binaries/net.o
 *fill*         0x000000000011baff        0x1 
 .rodata        0x000000000011bb00      0x26f binaries/pdump.o
 *fill*         0x000000000011bd6f        0x1 
 .rodata        0x000000000011bd70      0x154 binaries/tftp.o
 .rodata        0x000000000011bec4      0x2c1 binaries/shell.o
 .rodata        0x000000000011c185       0x28 binaries/xsh_argecho.o
 *fill*         0x000000000011c1ad        0x3 
 .rodata        0x000000000011c1b0      0x123 binaries/xsh_arp.o
 *fill*         0x000000000011c2d3        0x1 
 .rodata        0x000000000011c2d4       0xc9 binaries/xsh_cat.o
 .rodata        0x000000000011c39d       0x19 binaries/xsh_clear.o
 *fill*         0x000000000011c3b6        0x2 
 .rodata        0x000000000011c3b8      0x1c3 binaries/xsh_date.o
 .rodata        0x000000000011c57b       0x5d binaries/xsh_devdump.o
 .rodata        0x000000000011c5d8        0x9 binaries/xsh_echo.o
 *fill*         0x000000000011c5e1        0x3 
 .rodata        0x000000000011c5e4      0x169 binaries/xsh_help.o
 *fill*         0x000000000011c74d        0x3 
 .rodata        0x000000000011c750      0x12e binaries/xsh_kill.o
 *fill*         0x000000000011c87e        0x2 
 .rodata        0x000000000011c880      0x266 binaries/xsh_memdump.o
 *fill*         0x000000000011cae6        0x2 
 .rodata        0x000000000011cae8      0x225 binaries/xsh_memstat.o
 *fill*         0x000000000011cd0d        0x3 
 .rodata        0x000000000011cd10      0x1b0 binaries/xsh_netinfo.o
 .rodata        0x000000000011cec0      0x1a1 binaries/xsh_ping.o
 *fill*         0x000000000011d061        0x3 
 .rodata        0x000000000011d064      0x1a8 binaries/xsh_ps.o
 .rodata        0x000000000011d20c       0xeb binaries/xsh_sleep.o
 *fill*         0x000000000011d2f7        0x1 
 .rodata        0x000000000011d2f8      0x1b8 binaries/xsh_udpdump.o
 .rodata        0x000000000011d4b0      0x215 binaries/xsh_udpecho.o
 *fill*         0x000000000011d6c5        0x3 
 .rodata        0x000000000011d6c8      0x12b binaries/xsh_udpserver.o
 *fill*         0x000000000011d7f3        0x1 
 .rodata        0x000000000011d7f4      0x105 binaries/xsh_uptime.o
                0x000000000011d8f9                etext = ABSOLUTE (.)
                0x000000000011e000                . = ALIGN (0x1000)
 *fill*         0x000000000011d8f9      0x707 

.eh_frame       0x000000000011e000     0x35c8
 .eh_frame      0x000000000011e000      0x15c binaries/active_lock.o
 .eh_frame      0x000000000011e15c       0x38 binaries/ascdate.o
                                         0x50 (size before relaxing)
 .eh_frame      0x000000000011e194       0x24 binaries/assembly_test.o
                                         0x50 (size before relaxing)
 .eh_frame      0x000000000011e1b8       0x20 binaries/bufinit.o
                                         0x4c (size before relaxing)
 .eh_frame      0x000000000011e1d8       0x24 binaries/chprio.o
                                         0x50 (size before relaxing)
 .eh_frame      0x000000000011e1fc       0x24 binaries/clkhandler.o
                                         0x50 (size before relaxing)
 .eh_frame      0x000000000011e220       0x24 binaries/clkinit.o
                                         0x50 (size before relaxing)
 .eh_frame      0x000000000011e244       0x24 binaries/close.o
                                         0x50 (size before relaxing)
 .eh_frame      0x000000000011e268       0x24 binaries/control.o
                                         0x50 (size before relaxing)
 .eh_frame      0x000000000011e28c       0x48 binaries/create.o
                                         0x88 (size before relaxing)
 .eh_frame      0x000000000011e2d4       0x90 binaries/deadlock_main.o
                                         0xbc (size before relaxing)
 .eh_frame      0x000000000011e364       0x6c binaries/evec.o
                                         0xac (size before relaxing)
 .eh_frame      0x000000000011e3d0       0x24 binaries/exit.o
                                         0x50 (size before relaxing)
 .eh_frame      0x000000000011e3f4       0x24 binaries/freebuf.o
                                         0x50 (size before relaxing)
 .eh_frame      0x000000000011e418       0x24 binaries/freemem.o
                                         0x50 (size before relaxing)
 .eh_frame      0x000000000011e43c       0x24 binaries/getbuf.o
                                         0x50 (size before relaxing)
 .eh_frame      0x000000000011e460       0x24 binaries/getc.o
                                         0x50 (size before relaxing)
 .eh_frame      0x000000000011e484       0x24 binaries/getdev.o
                                         0x50 (size before relaxing)
 .eh_frame      0x000000000011e4a8       0x78 binaries/getitem.o
                                         0xa4 (size before relaxing)
 .eh_frame      0x000000000011e520       0x24 binaries/getmem.o
                                         0x50 (size before relaxing)
 .eh_frame      0x000000000011e544       0x20 binaries/getpid.o
                                         0x4c (size before relaxing)
 .eh_frame      0x000000000011e564       0x24 binaries/getprio.o
                                         0x50 (size before relaxing)
 .eh_frame      0x000000000011e588       0x24 binaries/getstk.o
                                         0x50 (size before relaxing)
 .eh_frame      0x000000000011e5ac       0x20 binaries/getticks.o
                                         0x4c (size before relaxing)
 .eh_frame      0x000000000011e5cc       0x24 binaries/gettime.o
                                         0x50 (size before relaxing)
 .eh_frame      0x000000000011e5f0       0x24 binaries/getutime.o
                                         0x50 (size before relaxing)
 .eh_frame      0x000000000011e614       0x9c binaries/i386.o
                                         0xc8 (size before relaxing)
 .eh_frame      0x000000000011e6b0       0x24 binaries/init.o
                                         0x50 (size before relaxing)
 .eh_frame      0x000000000011e6d4       0xa8 binaries/initialize.o
                                         0xe8 (size before relaxing)
 .eh_frame      0x000000000011e77c       0x24 binaries/insert.o
                                         0x50 (size before relaxing)
 .eh_frame      0x000000000011e7a0       0x28 binaries/insertd.o
                                         0x54 (size before relaxing)
 .eh_frame      0x000000000011e7c8       0x20 binaries/ioerr.o
                                         0x4c (size before relaxing)
 .eh_frame      0x000000000011e7e8       0x20 binaries/ionull.o
                                         0x4c (size before relaxing)
 .eh_frame      0x000000000011e808       0x2c binaries/kill.o
                                         0x58 (size before relaxing)
 .eh_frame      0x000000000011e834       0x6c binaries/kprintf.o
                                         0xac (size before relaxing)
 .eh_frame      0x000000000011e8a0       0xd8 binaries/lock.o
                                        0x104 (size before relaxing)
 .eh_frame      0x000000000011e978       0xa0 binaries/main.o
                                         0xcc (size before relaxing)
 .eh_frame      0x000000000011ea18       0x48 binaries/mark.o
                                         0x74 (size before relaxing)
 .eh_frame      0x000000000011ea60       0x20 binaries/meminit.o
                                         0x4c (size before relaxing)
 .eh_frame      0x000000000011ea80       0x24 binaries/mkbufpool.o
                                         0x50 (size before relaxing)
 .eh_frame      0x000000000011eaa4       0x24 binaries/newqueue.o
                                         0x50 (size before relaxing)
 .eh_frame      0x000000000011eac8       0x24 binaries/open.o
                                         0x50 (size before relaxing)
 .eh_frame      0x000000000011eaec       0x1c binaries/panic.o
                                         0x48 (size before relaxing)
 .eh_frame      0x000000000011eb08      0x1ec binaries/pci.o
                                        0x240 (size before relaxing)
 .eh_frame      0x000000000011ecf4       0xfc binaries/priority_lock.o
                                        0x128 (size before relaxing)
 .eh_frame      0x000000000011edf0       0x24 binaries/ptclear.o
                                         0x50 (size before relaxing)
 .eh_frame      0x000000000011ee14       0x24 binaries/ptcount.o
                                         0x50 (size before relaxing)
 .eh_frame      0x000000000011ee38       0x24 binaries/ptcreate.o
                                         0x50 (size before relaxing)
 .eh_frame      0x000000000011ee5c       0x24 binaries/ptdelete.o
                                         0x50 (size before relaxing)
 .eh_frame      0x000000000011ee80       0x24 binaries/ptinit.o
                                         0x50 (size before relaxing)
 .eh_frame      0x000000000011eea4       0x24 binaries/ptrecv.o
                                         0x50 (size before relaxing)
 .eh_frame      0x000000000011eec8       0x24 binaries/ptreset.o
                                         0x50 (size before relaxing)
 .eh_frame      0x000000000011eeec       0x24 binaries/ptsend.o
                                         0x50 (size before relaxing)
 .eh_frame      0x000000000011ef10       0x24 binaries/putc.o
                                         0x50 (size before relaxing)
 .eh_frame      0x000000000011ef34       0x6c binaries/queue.o
                                         0xac (size before relaxing)
 .eh_frame      0x000000000011efa0       0x24 binaries/read.o
                                         0x50 (size before relaxing)
 .eh_frame      0x000000000011efc4       0x28 binaries/ready.o
                                         0x54 (size before relaxing)
 .eh_frame      0x000000000011efec       0x24 binaries/receive.o
                                         0x50 (size before relaxing)
 .eh_frame      0x000000000011f010       0x24 binaries/recvclr.o
                                         0x50 (size before relaxing)
 .eh_frame      0x000000000011f034       0x24 binaries/recvtime.o
                                         0x50 (size before relaxing)
 .eh_frame      0x000000000011f058       0x68 binaries/resched.o
                                         0xa8 (size before relaxing)
 .eh_frame      0x000000000011f0c0       0x24 binaries/resume.o
                                         0x50 (size before relaxing)
 .eh_frame      0x000000000011f0e4       0x24 binaries/seek.o
                                         0x50 (size before relaxing)
 .eh_frame      0x000000000011f108       0x24 binaries/semcount.o
                                         0x50 (size before relaxing)
 .eh_frame      0x000000000011f12c       0x48 binaries/semcreate.o
                                         0x88 (size before relaxing)
 .eh_frame      0x000000000011f174       0x24 binaries/semdelete.o
                                         0x50 (size before relaxing)
 .eh_frame      0x000000000011f198       0x24 binaries/semreset.o
                                         0x50 (size before relaxing)
 .eh_frame      0x000000000011f1bc       0x24 binaries/send.o
                                         0x50 (size before relaxing)
 .eh_frame      0x000000000011f1e0       0x24 binaries/signal.o
                                         0x50 (size before relaxing)
 .eh_frame      0x000000000011f204       0x24 binaries/signaln.o
                                         0x50 (size before relaxing)
 .eh_frame      0x000000000011f228       0x44 binaries/sleep.o
                                         0x84 (size before relaxing)
 .eh_frame      0x000000000011f26c       0x64 binaries/spinlock.o
                                         0xa4 (size before relaxing)
 .eh_frame      0x000000000011f2d0       0x24 binaries/stacktrace.o
                                         0x50 (size before relaxing)
 .eh_frame      0x000000000011f2f4       0x24 binaries/suspend.o
                                         0x50 (size before relaxing)
 .eh_frame      0x000000000011f318       0x30 binaries/sync_printf.o
                                         0x5c (size before relaxing)
 .eh_frame      0x000000000011f348       0x24 binaries/timed_execution.o
                                         0x50 (size before relaxing)
 .eh_frame      0x000000000011f36c       0x24 binaries/unsleep.o
                                         0x50 (size before relaxing)
 .eh_frame      0x000000000011f390       0x24 binaries/userret.o
                                         0x50 (size before relaxing)
 .eh_frame      0x000000000011f3b4       0x24 binaries/wait.o
                                         0x50 (size before relaxing)
 .eh_frame      0x000000000011f3d8       0x24 binaries/wakeup.o
                                         0x50 (size before relaxing)
 .eh_frame      0x000000000011f3fc       0x24 binaries/write.o
                                         0x50 (size before relaxing)
 .eh_frame      0x000000000011f420       0x24 binaries/xdone.o
                                         0x50 (size before relaxing)
 .eh_frame      0x000000000011f444       0x24 binaries/yield.o
                                         0x50 (size before relaxing)
 .eh_frame      0x000000000011f468       0x20 binaries/abs.o
                                         0x4c (size before relaxing)
 .eh_frame      0x000000000011f488       0x20 binaries/atoi.o
                                         0x4c (size before relaxing)
 .eh_frame      0x000000000011f4a8       0x20 binaries/atol.o
                                         0x4c (size before relaxing)
 .eh_frame      0x000000000011f4c8       0x20 binaries/bzero.o
                                         0x4c (size before relaxing)
 .eh_frame      0x000000000011f4e8       0xec binaries/doprnt.o
                                        0x140 (size before relaxing)
 .eh_frame      0x000000000011f5d4       0xc8 binaries/doscan.o
                                         0xf4 (size before relaxing)
 .eh_frame      0x000000000011f69c       0xcc binaries/fdoprnt.o
                                        0x10c (size before relaxing)
 .eh_frame      0x000000000011f768       0x24 binaries/fgetc.o
                                         0x50 (size before relaxing)
 .eh_frame      0x000000000011f78c       0x24 binaries/fgets.o
                                         0x50 (size before relaxing)
 .eh_frame      0x000000000011f7b0       0x24 binaries/fprintf.o
                                         0x50 (size before relaxing)
 .eh_frame      0x000000000011f7d4       0x24 binaries/fputc.o
                                         0x50 (size before relaxing)
 .eh_frame      0x000000000011f7f8       0x24 binaries/fputs.o
                                         0x50 (size before relaxing)
 .eh_frame      0x000000000011f81c       0x68 binaries/fscanf.o
                                         0x94 (size before relaxing)
 .eh_frame      0x000000000011f884       0x24 binaries/getchar.o
                                         0x50 (size before relaxing)
 .eh_frame      0x000000000011f8a8       0x20 binaries/labs.o
                                         0x4c (size before relaxing)
 .eh_frame      0x000000000011f8c8       0x20 binaries/memcmp.o
                                         0x4c (size before relaxing)
 .eh_frame      0x000000000011f8e8       0x24 binaries/memcpy.o
                                         0x50 (size before relaxing)
 .eh_frame      0x000000000011f90c       0x24 binaries/memset.o
                                         0x50 (size before relaxing)
 .eh_frame      0x000000000011f930       0x24 binaries/printf.o
                                         0x50 (size before relaxing)
 .eh_frame      0x000000000011f954       0x24 binaries/putchar.o
                                         0x50 (size before relaxing)
 .eh_frame      0x000000000011f978       0xa4 binaries/qsort.o
                                         0xd0 (size before relaxing)
 .eh_frame      0x000000000011fa1c       0x60 binaries/rand.o
                                         0x8c (size before relaxing)
 .eh_frame      0x000000000011fa7c       0x44 binaries/sprintf.o
                                         0x70 (size before relaxing)
 .eh_frame      0x000000000011fac0       0x64 binaries/sscanf.o
                                         0x90 (size before relaxing)
 .eh_frame      0x000000000011fb24       0x20 binaries/strchr.o
                                         0x4c (size before relaxing)
 .eh_frame      0x000000000011fb44       0x20 binaries/strcmp.o
                                         0x4c (size before relaxing)
 .eh_frame      0x000000000011fb64       0x20 binaries/strcpy.o
                                         0x4c (size before relaxing)
 .eh_frame      0x000000000011fb84       0x20 binaries/strlen.o
                                         0x4c (size before relaxing)
 .eh_frame      0x000000000011fba4       0x20 binaries/strncat.o
                                         0x4c (size before relaxing)
 .eh_frame      0x000000000011fbc4       0x20 binaries/strncmp.o
                                         0x4c (size before relaxing)
 .eh_frame      0x000000000011fbe4       0x28 binaries/strncpy.o
                                         0x54 (size before relaxing)
 .eh_frame      0x000000000011fc0c       0x20 binaries/strnlen.o
                                         0x4c (size before relaxing)
 .eh_frame      0x000000000011fc2c       0x20 binaries/strrchr.o
                                         0x4c (size before relaxing)
 .eh_frame      0x000000000011fc4c       0x20 binaries/strstr.o
                                         0x4c (size before relaxing)
 .eh_frame      0x000000000011fc6c       0x24 binaries/ttycontrol.o
                                         0x50 (size before relaxing)
 .eh_frame      0x000000000011fc90       0x24 binaries/ttygetc.o
                                         0x50 (size before relaxing)
 .eh_frame      0x000000000011fcb4       0x88 binaries/ttyhandle_in.o
                                         0xdc (size before relaxing)
 .eh_frame      0x000000000011fd3c       0x24 binaries/ttyhandle_out.o
                                         0x50 (size before relaxing)
 .eh_frame      0x000000000011fd60       0x24 binaries/ttyhandler.o
                                         0x50 (size before relaxing)
 .eh_frame      0x000000000011fd84       0x24 binaries/ttyinit.o
                                         0x50 (size before relaxing)
 .eh_frame      0x000000000011fda8       0x24 binaries/ttykickout.o
                                         0x50 (size before relaxing)
 .eh_frame      0x000000000011fdcc       0x24 binaries/ttyputc.o
                                         0x50 (size before relaxing)
 .eh_frame      0x000000000011fdf0       0x24 binaries/ttyread.o
                                         0x50 (size before relaxing)
 .eh_frame      0x000000000011fe14       0x24 binaries/ttywrite.o
                                         0x50 (size before relaxing)
 .eh_frame      0x000000000011fe38       0x44 binaries/mount.o
                                         0x84 (size before relaxing)
 .eh_frame      0x000000000011fe7c       0x24 binaries/naminit.o
                                         0x50 (size before relaxing)
 .eh_frame      0x000000000011fea0       0x68 binaries/nammap.o
                                         0xa8 (size before relaxing)
 .eh_frame      0x000000000011ff08       0x24 binaries/namopen.o
                                         0x50 (size before relaxing)
 .eh_frame      0x000000000011ff2c      0x158 binaries/82545EMInit.o
                                        0x198 (size before relaxing)
 .eh_frame      0x0000000000120084       0xac binaries/ethcontrol.o
                                        0x100 (size before relaxing)
 .eh_frame      0x0000000000120130       0x90 binaries/ethhandler.o
                                         0xd0 (size before relaxing)
 .eh_frame      0x00000000001201c0       0x24 binaries/ethinit.o
                                         0x50 (size before relaxing)
 .eh_frame      0x00000000001201e4       0x6c binaries/ethread.o
                                         0x98 (size before relaxing)
 .eh_frame      0x0000000000120250       0x6c binaries/ethwrite.o
                                         0x98 (size before relaxing)
 .eh_frame      0x00000000001202bc       0x24 binaries/rdsbufalloc.o
                                         0x50 (size before relaxing)
 .eh_frame      0x00000000001202e0       0x20 binaries/rdsclose.o
                                         0x4c (size before relaxing)
 .eh_frame      0x0000000000120300       0x24 binaries/rdscomm.o
                                         0x50 (size before relaxing)
 .eh_frame      0x0000000000120324       0x24 binaries/rdscontrol.o
                                         0x50 (size before relaxing)
 .eh_frame      0x0000000000120348       0x24 binaries/rdsinit.o
                                         0x50 (size before relaxing)
 .eh_frame      0x000000000012036c       0x24 binaries/rdsopen.o
                                         0x50 (size before relaxing)
 .eh_frame      0x0000000000120390       0x1c binaries/rdsprocess.o
                                         0x48 (size before relaxing)
 .eh_frame      0x00000000001203ac       0x24 binaries/rdsread.o
                                         0x50 (size before relaxing)
 .eh_frame      0x00000000001203d0       0x24 binaries/rdswrite.o
                                         0x50 (size before relaxing)
 .eh_frame      0x00000000001203f4       0x20 binaries/ramclose.o
                                         0x4c (size before relaxing)
 .eh_frame      0x0000000000120414       0x24 binaries/raminit.o
                                         0x50 (size before relaxing)
 .eh_frame      0x0000000000120438       0x20 binaries/ramopen.o
                                         0x4c (size before relaxing)
 .eh_frame      0x0000000000120458       0x24 binaries/ramread.o
                                         0x50 (size before relaxing)
 .eh_frame      0x000000000012047c       0x24 binaries/ramwrite.o
                                         0x50 (size before relaxing)
 .eh_frame      0x00000000001204a0       0x24 binaries/lfdballoc.o
                                         0x50 (size before relaxing)
 .eh_frame      0x00000000001204c4       0x24 binaries/lfdbfree.o
                                         0x50 (size before relaxing)
 .eh_frame      0x00000000001204e8       0x24 binaries/lfflush.o
                                         0x50 (size before relaxing)
 .eh_frame      0x000000000012050c       0x20 binaries/lfgetmode.o
                                         0x4c (size before relaxing)
 .eh_frame      0x000000000012052c       0x24 binaries/lfiballoc.o
                                         0x50 (size before relaxing)
 .eh_frame      0x0000000000120550       0x20 binaries/lfibclear.o
                                         0x4c (size before relaxing)
 .eh_frame      0x0000000000120570       0x24 binaries/lfibget.o
                                         0x50 (size before relaxing)
 .eh_frame      0x0000000000120594       0x24 binaries/lfibput.o
                                         0x50 (size before relaxing)
 .eh_frame      0x00000000001205b8       0x24 binaries/lflclose.o
                                         0x50 (size before relaxing)
 .eh_frame      0x00000000001205dc       0x24 binaries/lflcontrol.o
                                         0x50 (size before relaxing)
 .eh_frame      0x0000000000120600       0x24 binaries/lflgetc.o
                                         0x50 (size before relaxing)
 .eh_frame      0x0000000000120624       0x24 binaries/lflinit.o
                                         0x50 (size before relaxing)
 .eh_frame      0x0000000000120648       0x24 binaries/lflputc.o
                                         0x50 (size before relaxing)
 .eh_frame      0x000000000012066c       0x24 binaries/lflread.o
                                         0x50 (size before relaxing)
 .eh_frame      0x0000000000120690       0x24 binaries/lflseek.o
                                         0x50 (size before relaxing)
 .eh_frame      0x00000000001206b4       0x24 binaries/lflwrite.o
                                         0x50 (size before relaxing)
 .eh_frame      0x00000000001206d8       0x20 binaries/lfscheck.o
                                         0x4c (size before relaxing)
 .eh_frame      0x00000000001206f8       0x24 binaries/lfsckfmt.o
                                         0x50 (size before relaxing)
 .eh_frame      0x000000000012071c       0x24 binaries/lfscreate.o
                                         0x50 (size before relaxing)
 .eh_frame      0x0000000000120740       0x24 binaries/lfsetup.o
                                         0x50 (size before relaxing)
 .eh_frame      0x0000000000120764       0x24 binaries/lfsinit.o
                                         0x50 (size before relaxing)
 .eh_frame      0x0000000000120788       0x24 binaries/lfsopen.o
                                         0x50 (size before relaxing)
 .eh_frame      0x00000000001207ac       0x24 binaries/lftruncate.o
                                         0x50 (size before relaxing)
 .eh_frame      0x00000000001207d0       0x24 binaries/rflclose.o
                                         0x50 (size before relaxing)
 .eh_frame      0x00000000001207f4       0x24 binaries/rflgetc.o
                                         0x50 (size before relaxing)
 .eh_frame      0x0000000000120818       0x20 binaries/rflinit.o
                                         0x4c (size before relaxing)
 .eh_frame      0x0000000000120838       0x24 binaries/rflputc.o
                                         0x50 (size before relaxing)
 .eh_frame      0x000000000012085c       0x24 binaries/rflread.o
                                         0x50 (size before relaxing)
 .eh_frame      0x0000000000120880       0x24 binaries/rflseek.o
                                         0x50 (size before relaxing)
 .eh_frame      0x00000000001208a4       0x24 binaries/rflwrite.o
                                         0x50 (size before relaxing)
 .eh_frame      0x00000000001208c8       0x24 binaries/rfscomm.o
                                         0x50 (size before relaxing)
 .eh_frame      0x00000000001208ec       0x24 binaries/rfscontrol.o
                                         0x50 (size before relaxing)
 .eh_frame      0x0000000000120910       0x20 binaries/rfsgetmode.o
                                         0x4c (size before relaxing)
 .eh_frame      0x0000000000120930       0x24 binaries/rfsinit.o
                                         0x50 (size before relaxing)
 .eh_frame      0x0000000000120954       0x24 binaries/rfsndmsg.o
                                         0x50 (size before relaxing)
 .eh_frame      0x0000000000120978       0x24 binaries/rfsopen.o
                                         0x50 (size before relaxing)
 .eh_frame      0x000000000012099c       0xd0 binaries/arp.o
                                        0x124 (size before relaxing)
 .eh_frame      0x0000000000120a6c       0xac binaries/dhcp.o
                                         0xec (size before relaxing)
 .eh_frame      0x0000000000120b18       0x90 binaries/dns.o
                                         0xd0 (size before relaxing)
 .eh_frame      0x0000000000120ba8       0x20 binaries/dot2ip.o
                                         0x4c (size before relaxing)
 .eh_frame      0x0000000000120bc8       0x48 binaries/hexdump.o
                                         0x74 (size before relaxing)
 .eh_frame      0x0000000000120c10      0x168 binaries/icmp.o
                                        0x1bc (size before relaxing)
 .eh_frame      0x0000000000120d78      0x130 binaries/ip.o
                                        0x170 (size before relaxing)
 .eh_frame      0x0000000000120ea8       0xa8 binaries/net.o
                                         0xfc (size before relaxing)
 .eh_frame      0x0000000000120f50       0x60 binaries/pdump.o
                                         0xa0 (size before relaxing)
 .eh_frame      0x0000000000120fb0       0x68 binaries/tftp.o
                                         0xa8 (size before relaxing)
 .eh_frame      0x0000000000121018      0x160 binaries/udp.o
                                        0x1b4 (size before relaxing)
 .eh_frame      0x0000000000121178       0x24 binaries/addargs.o
                                         0x50 (size before relaxing)
 .eh_frame      0x000000000012119c       0x20 binaries/lexan.o
                                         0x4c (size before relaxing)
 .eh_frame      0x00000000001211bc       0x2c binaries/shell.o
                                         0x58 (size before relaxing)
 .eh_frame      0x00000000001211e8       0x24 binaries/xsh_argecho.o
                                         0x50 (size before relaxing)
 .eh_frame      0x000000000012120c       0x48 binaries/xsh_arp.o
                                         0x74 (size before relaxing)
 .eh_frame      0x0000000000121254       0x2c binaries/xsh_cat.o
                                         0x58 (size before relaxing)
 .eh_frame      0x0000000000121280       0x28 binaries/xsh_clear.o
                                         0x54 (size before relaxing)
 .eh_frame      0x00000000001212a8       0x2c binaries/xsh_date.o
                                         0x58 (size before relaxing)
 .eh_frame      0x00000000001212d4       0x24 binaries/xsh_devdump.o
                                         0x50 (size before relaxing)
 .eh_frame      0x00000000001212f8       0x24 binaries/xsh_echo.o
                                         0x50 (size before relaxing)
 .eh_frame      0x000000000012131c       0x20 binaries/xsh_exit.o
                                         0x4c (size before relaxing)
 .eh_frame      0x000000000012133c       0x2c binaries/xsh_help.o
                                         0x58 (size before relaxing)
 .eh_frame      0x0000000000121368       0x2c binaries/xsh_kill.o
                                         0x58 (size before relaxing)
 .eh_frame      0x0000000000121394       0x4c binaries/xsh_memdump.o
                                         0x8c (size before relaxing)
 .eh_frame      0x00000000001213e0       0x74 binaries/xsh_memstat.o
                                         0xa0 (size before relaxing)
 .eh_frame      0x0000000000121454       0x30 binaries/xsh_netinfo.o
                                         0x5c (size before relaxing)
 .eh_frame      0x0000000000121484       0x30 binaries/xsh_ping.o
                                         0x5c (size before relaxing)
 .eh_frame      0x00000000001214b4       0x30 binaries/xsh_ps.o
                                         0x5c (size before relaxing)
 .eh_frame      0x00000000001214e4       0x2c binaries/xsh_sleep.o
                                         0x58 (size before relaxing)
 .eh_frame      0x0000000000121510       0x2c binaries/xsh_udpdump.o
                                         0x58 (size before relaxing)
 .eh_frame      0x000000000012153c       0x30 binaries/xsh_udpecho.o
                                         0x5c (size before relaxing)
 .eh_frame      0x000000000012156c       0x30 binaries/xsh_udpserver.o
                                         0x5c (size before relaxing)
 .eh_frame      0x000000000012159c       0x2c binaries/xsh_uptime.o
                                         0x58 (size before relaxing)

.iplt           0x00000000001215c8        0x0
 .iplt          0x00000000001215c8        0x0 binaries/start.o

.rel.dyn        0x00000000001215c8        0x0
 .rel.got       0x00000000001215c8        0x0 binaries/start.o
 .rel.iplt      0x00000000001215c8        0x0 binaries/start.o
 .rel.text      0x00000000001215c8        0x0 binaries/start.o

.data           0x00000000001215e0     0x1a20
                0x00000000001215e0                data = ABSOLUTE (.)
 *(.data .data.*)
 .data          0x00000000001215e0      0x460 binaries/start.o
                0x00000000001215e0                gdt
                0x0000000000121620                gdtr
                0x0000000000121626                idt
                0x0000000000121a26                idtr
                0x0000000000121a2c                cpudelay
                0x0000000000121a30                _bootdev
                0x0000000000121a34                _cyloffset
 .data          0x0000000000121a40        0x0 binaries/active_lock.o
 .data          0x0000000000121a40        0x0 binaries/ascdate.o
 .data.rel.local
                0x0000000000121a40       0x88 binaries/ascdate.o
                0x0000000000121a40                Date
 .data          0x0000000000121ac8        0x0 binaries/assembly_test.o
 .data          0x0000000000121ac8        0x0 binaries/bufinit.o
 .data          0x0000000000121ac8        0x0 binaries/chprio.o
 .data          0x0000000000121ac8        0x4 binaries/clkhandler.o
 .data          0x0000000000121acc        0x0 binaries/clkinit.o
 .data          0x0000000000121acc        0x0 binaries/close.o
 .data          0x0000000000121acc        0x0 binaries/conf.o
 *fill*         0x0000000000121acc       0x14 
 .data.rel      0x0000000000121ae0      0x5a0 binaries/conf.o
                0x0000000000121ae0                devtab
 .data          0x0000000000122080        0x0 binaries/control.o
 .data          0x0000000000122080        0x4 binaries/create.o
 .data          0x0000000000122084        0x0 binaries/deadlock_main.o
 .data          0x0000000000122084        0x0 binaries/evec.o
 *fill*         0x0000000000122084       0x1c 
 .data.rel.local
                0x00000000001220a0       0x40 binaries/evec.o
                0x00000000001220a0                inames
 .data          0x00000000001220e0        0x0 binaries/exit.o
 .data          0x00000000001220e0        0x0 binaries/freebuf.o
 .data          0x00000000001220e0        0x0 binaries/freemem.o
 .data          0x00000000001220e0        0x0 binaries/getbuf.o
 .data          0x00000000001220e0        0x0 binaries/getc.o
 .data          0x00000000001220e0        0x0 binaries/getdev.o
 .data          0x00000000001220e0        0x0 binaries/getitem.o
 .data          0x00000000001220e0        0x0 binaries/getmem.o
 .data          0x00000000001220e0        0x0 binaries/getpid.o
 .data          0x00000000001220e0        0x0 binaries/getprio.o
 .data          0x00000000001220e0        0x0 binaries/getstk.o
 .data          0x00000000001220e0        0x0 binaries/getticks.o
 .data          0x00000000001220e0        0x0 binaries/gettime.o
 .data          0x00000000001220e0        0x0 binaries/getutime.o
 .data          0x00000000001220e0       0x40 binaries/i386.o
                0x00000000001220e0                gdt_copy
 .data          0x0000000000122120        0x0 binaries/init.o
 .data          0x0000000000122120        0x0 binaries/initialize.o
 .data          0x0000000000122120        0x0 binaries/insert.o
 .data          0x0000000000122120        0x0 binaries/insertd.o
 .data          0x0000000000122120        0x0 binaries/ioerr.o
 .data          0x0000000000122120        0x0 binaries/ionull.o
 .data          0x0000000000122120        0x0 binaries/kill.o
 .data          0x0000000000122120        0x0 binaries/kprintf.o
 .data          0x0000000000122120        0x0 binaries/lock.o
 .data          0x0000000000122120        0x0 binaries/main.o
 .data          0x0000000000122120        0x0 binaries/mark.o
 .data          0x0000000000122120        0x0 binaries/meminit.o
 .data          0x0000000000122120        0x0 binaries/mkbufpool.o
 .data          0x0000000000122120        0x2 binaries/newqueue.o
 .data          0x0000000000122122        0x0 binaries/open.o
 .data          0x0000000000122122        0x0 binaries/panic.o
 *fill*         0x0000000000122122        0x2 
 .data          0x0000000000122124       0x10 binaries/pci.o
 .data          0x0000000000122134        0x0 binaries/priority_lock.o
 .data          0x0000000000122134        0x0 binaries/ptclear.o
 .data          0x0000000000122134        0x0 binaries/ptcount.o
 .data          0x0000000000122134        0x0 binaries/ptcreate.o
 .data          0x0000000000122134        0x0 binaries/ptdelete.o
 .data          0x0000000000122134        0x0 binaries/ptinit.o
 .data          0x0000000000122134        0x0 binaries/ptrecv.o
 .data          0x0000000000122134        0x0 binaries/ptreset.o
 .data          0x0000000000122134        0x0 binaries/ptsend.o
 .data          0x0000000000122134        0x0 binaries/putc.o
 .data          0x0000000000122134        0x0 binaries/queue.o
 .data          0x0000000000122134        0x0 binaries/read.o
 .data          0x0000000000122134        0x0 binaries/ready.o
 .data          0x0000000000122134        0x0 binaries/receive.o
 .data          0x0000000000122134        0x0 binaries/recvclr.o
 .data          0x0000000000122134        0x0 binaries/recvtime.o
 .data          0x0000000000122134        0x0 binaries/resched.o
 .data          0x0000000000122134        0x0 binaries/resume.o
 .data          0x0000000000122134        0x0 binaries/seek.o
 .data          0x0000000000122134        0x0 binaries/semcount.o
 .data          0x0000000000122134        0x0 binaries/semcreate.o
 .data          0x0000000000122134        0x0 binaries/semdelete.o
 .data          0x0000000000122134        0x0 binaries/semreset.o
 .data          0x0000000000122134        0x0 binaries/send.o
 .data          0x0000000000122134        0x0 binaries/signal.o
 .data          0x0000000000122134        0x0 binaries/signaln.o
 .data          0x0000000000122134        0x0 binaries/sleep.o
 .data          0x0000000000122134        0x4 binaries/spinlock.o
 .data          0x0000000000122138        0x0 binaries/stacktrace.o
 .data          0x0000000000122138        0x0 binaries/suspend.o
 .data          0x0000000000122138        0x0 binaries/sync_printf.o
 .data          0x0000000000122138        0x0 binaries/timed_execution.o
 .data          0x0000000000122138        0x0 binaries/unsleep.o
 .data          0x0000000000122138        0x0 binaries/userret.o
 .data          0x0000000000122138        0x0 binaries/wait.o
 .data          0x0000000000122138        0x0 binaries/wakeup.o
 .data          0x0000000000122138        0x0 binaries/write.o
 .data          0x0000000000122138        0x0 binaries/xdone.o
 .data          0x0000000000122138        0x0 binaries/yield.o
 .data          0x0000000000122138        0x0 binaries/abs.o
 .data          0x0000000000122138        0x0 binaries/atoi.o
 .data          0x0000000000122138        0x0 binaries/atol.o
 .data          0x0000000000122138        0x0 binaries/bzero.o
 .data          0x0000000000122138        0x0 binaries/ctype_.o
 .data          0x0000000000122138        0x0 binaries/doprnt.o
 *fill*         0x0000000000122138        0x8 
 .data          0x0000000000122140       0x80 binaries/doscan.o
                0x0000000000122140                _sctab
 .data          0x00000000001221c0        0x0 binaries/fdoprnt.o
 .data          0x00000000001221c0        0x0 binaries/fgetc.o
 .data          0x00000000001221c0        0x0 binaries/fgets.o
 .data          0x00000000001221c0        0x0 binaries/fprintf.o
 .data          0x00000000001221c0        0x0 binaries/fputc.o
 .data          0x00000000001221c0        0x0 binaries/fputs.o
 .data          0x00000000001221c0        0x0 binaries/fscanf.o
 .data          0x00000000001221c0        0x0 binaries/getchar.o
 .data          0x00000000001221c0        0x0 binaries/labs.o
 .data          0x00000000001221c0        0x0 binaries/memchr.o
 .data          0x00000000001221c0        0x0 binaries/memcmp.o
 .data          0x00000000001221c0        0x0 binaries/memcpy.o
 .data          0x00000000001221c0        0x0 binaries/memset.o
 .data          0x00000000001221c0        0x0 binaries/printf.o
 .data          0x00000000001221c0        0x0 binaries/putchar.o
 .data          0x00000000001221c0        0x0 binaries/qsort.o
 .data          0x00000000001221c0        0x4 binaries/rand.o
 .data          0x00000000001221c4        0x0 binaries/sprintf.o
 .data          0x00000000001221c4        0x0 binaries/sscanf.o
 .data          0x00000000001221c4        0x0 binaries/strchr.o
 .data          0x00000000001221c4        0x0 binaries/strcmp.o
 .data          0x00000000001221c4        0x0 binaries/strcpy.o
 .data          0x00000000001221c4        0x0 binaries/strlen.o
 .data          0x00000000001221c4        0x0 binaries/strncat.o
 .data          0x00000000001221c4        0x0 binaries/strncmp.o
 .data          0x00000000001221c4        0x0 binaries/strncpy.o
 .data          0x00000000001221c4        0x0 binaries/strnlen.o
 .data          0x00000000001221c4        0x0 binaries/strrchr.o
 .data          0x00000000001221c4        0x0 binaries/strstr.o
 .data          0x00000000001221c4        0x0 binaries/ttycontrol.o
 .data          0x00000000001221c4        0x0 binaries/ttygetc.o
 .data          0x00000000001221c4        0x0 binaries/ttyhandle_in.o
 .data          0x00000000001221c4        0x0 binaries/ttyhandle_out.o
 .data          0x00000000001221c4        0x0 binaries/ttyhandler.o
 .data          0x00000000001221c4        0x0 binaries/ttyinit.o
 .data          0x00000000001221c4        0x0 binaries/ttykickout.o
 .data          0x00000000001221c4        0x0 binaries/ttyputc.o
 .data          0x00000000001221c4        0x0 binaries/ttyread.o
 .data          0x00000000001221c4        0x0 binaries/ttywrite.o
 .data          0x00000000001221c4        0x0 binaries/mount.o
 .data          0x00000000001221c4        0x0 binaries/naminit.o
 .data          0x00000000001221c4        0x0 binaries/nammap.o
 .data          0x00000000001221c4        0x0 binaries/namopen.o
 .data          0x00000000001221c4        0x0 binaries/82545EMInit.o
 .data          0x00000000001221c4        0x0 binaries/ethcontrol.o
 .data          0x00000000001221c4        0x0 binaries/ethhandler.o
 .data          0x00000000001221c4        0x0 binaries/ethinit.o
 .data          0x00000000001221c4        0x0 binaries/ethread.o
 .data          0x00000000001221c4        0x0 binaries/ethwrite.o
 .data          0x00000000001221c4        0x0 binaries/rdsbufalloc.o
 .data          0x00000000001221c4        0x0 binaries/rdsclose.o
 .data          0x00000000001221c4        0x0 binaries/rdscomm.o
 .data          0x00000000001221c4        0x0 binaries/rdscontrol.o
 .data          0x00000000001221c4        0x0 binaries/rdsinit.o
 .data          0x00000000001221c4        0x0 binaries/rdsopen.o
 .data          0x00000000001221c4        0x0 binaries/rdsprocess.o
 .data          0x00000000001221c4        0x0 binaries/rdsread.o
 .data          0x00000000001221c4        0x0 binaries/rdswrite.o
 .data          0x00000000001221c4        0x0 binaries/ramclose.o
 .data          0x00000000001221c4        0x0 binaries/raminit.o
 .data          0x00000000001221c4        0x0 binaries/ramopen.o
 .data          0x00000000001221c4        0x0 binaries/ramread.o
 .data          0x00000000001221c4        0x0 binaries/ramwrite.o
 .data          0x00000000001221c4        0x0 binaries/lfdballoc.o
 .data          0x00000000001221c4        0x0 binaries/lfdbfree.o
 .data          0x00000000001221c4        0x0 binaries/lfflush.o
 .data          0x00000000001221c4        0x0 binaries/lfgetmode.o
 .data          0x00000000001221c4        0x0 binaries/lfiballoc.o
 .data          0x00000000001221c4        0x0 binaries/lfibclear.o
 .data          0x00000000001221c4        0x0 binaries/lfibget.o
 .data          0x00000000001221c4        0x0 binaries/lfibput.o
 .data          0x00000000001221c4        0x0 binaries/lflclose.o
 .data          0x00000000001221c4        0x0 binaries/lflcontrol.o
 .data          0x00000000001221c4        0x0 binaries/lflgetc.o
 .data          0x00000000001221c4        0x0 binaries/lflinit.o
 .data          0x00000000001221c4        0x0 binaries/lflputc.o
 .data          0x00000000001221c4        0x0 binaries/lflread.o
 .data          0x00000000001221c4        0x0 binaries/lflseek.o
 .data          0x00000000001221c4        0x0 binaries/lflwrite.o
 .data          0x00000000001221c4        0x0 binaries/lfscheck.o
 .data          0x00000000001221c4        0x0 binaries/lfsckfmt.o
 .data          0x00000000001221c4        0x0 binaries/lfscreate.o
 .data          0x00000000001221c4        0x0 binaries/lfsetup.o
 .data          0x00000000001221c4        0x0 binaries/lfsinit.o
 .data          0x00000000001221c4        0x0 binaries/lfsopen.o
 .data          0x00000000001221c4        0x0 binaries/lftruncate.o
 .data          0x00000000001221c4        0x0 binaries/rflclose.o
 .data          0x00000000001221c4        0x0 binaries/rflgetc.o
 .data          0x00000000001221c4        0x0 binaries/rflinit.o
 .data          0x00000000001221c4        0x0 binaries/rflputc.o
 .data          0x00000000001221c4        0x0 binaries/rflread.o
 .data          0x00000000001221c4        0x0 binaries/rflseek.o
 .data          0x00000000001221c4        0x0 binaries/rflwrite.o
 .data          0x00000000001221c4        0x0 binaries/rfscomm.o
 .data          0x00000000001221c4        0x0 binaries/rfscontrol.o
 .data          0x00000000001221c4        0x0 binaries/rfsgetmode.o
 .data          0x00000000001221c4        0x0 binaries/rfsinit.o
 .data          0x00000000001221c4        0x0 binaries/rfsndmsg.o
 .data          0x00000000001221c4        0x0 binaries/rfsopen.o
 .data          0x00000000001221c4        0x0 binaries/arp.o
 .data          0x00000000001221c4        0x0 binaries/dhcp.o
 .data          0x00000000001221c4        0x0 binaries/dns.o
 .data          0x00000000001221c4        0x0 binaries/dot2ip.o
 .data          0x00000000001221c4        0x0 binaries/hexdump.o
 .data          0x00000000001221c4        0x4 binaries/icmp.o
 .data          0x00000000001221c8        0x0 binaries/ip.o
 .data          0x00000000001221c8        0x0 binaries/net.o
 .data          0x00000000001221c8        0x0 binaries/pdump.o
 .data          0x00000000001221c8        0x0 binaries/tftp.o
 .data          0x00000000001221c8        0x4 binaries/udp.o
 .data          0x00000000001221cc        0x0 binaries/addargs.o
 .data          0x00000000001221cc        0x0 binaries/lexan.o
 .data          0x00000000001221cc        0x4 binaries/shell.o
                0x00000000001221cc                ncmd
 *fill*         0x00000000001221d0       0x10 
 .data.rel.ro   0x00000000001221e0       0xfc binaries/shell.o
                0x00000000001221e0                cmdtab
 .data          0x00000000001222dc        0x0 binaries/xsh_argecho.o
 .data          0x00000000001222dc        0x0 binaries/xsh_arp.o
 .data          0x00000000001222dc        0x0 binaries/xsh_cat.o
 .data          0x00000000001222dc        0x0 binaries/xsh_clear.o
 .data          0x00000000001222dc        0x0 binaries/xsh_date.o
 .data          0x00000000001222dc        0x0 binaries/xsh_devdump.o
 .data          0x00000000001222dc        0x0 binaries/xsh_echo.o
 .data          0x00000000001222dc        0x0 binaries/xsh_exit.o
 .data          0x00000000001222dc        0x0 binaries/xsh_help.o
 .data          0x00000000001222dc        0x0 binaries/xsh_kill.o
 .data          0x00000000001222dc        0x0 binaries/xsh_memdump.o
 .data          0x00000000001222dc        0x0 binaries/xsh_memstat.o
 .data          0x00000000001222dc        0x0 binaries/xsh_netinfo.o
 .data          0x00000000001222dc        0x0 binaries/xsh_ping.o
 *fill*         0x00000000001222dc        0x4 
 .data          0x00000000001222e0       0x20 binaries/xsh_ps.o
 .data          0x0000000000122300        0x0 binaries/xsh_sleep.o
 .data          0x0000000000122300        0x0 binaries/xsh_udpdump.o
 .data          0x0000000000122300        0x0 binaries/xsh_udpecho.o
 .data          0x0000000000122300        0x0 binaries/xsh_udpserver.o
 .data          0x0000000000122300        0x0 binaries/xsh_uptime.o
 .data          0x0000000000122300        0x0 binaries/clkdisp.o
 .data          0x0000000000122300        0x0 binaries/ctxsw.o
 .data          0x0000000000122300        0x0 binaries/intr.o
 .data          0x0000000000122300        0x0 binaries/testandset.o
 .data          0x0000000000122300        0x0 binaries/ttydispatch.o
 .data          0x0000000000122300        0x0 binaries/ethdispatch.o
                0x0000000000122300                edata = ABSOLUTE (.)
                0x0000000000122300                _edata = ABSOLUTE (.)
                0x0000000000123000                . = ALIGN (0x1000)
 *fill*         0x0000000000122300      0xd00 

.got            0x0000000000123000        0x0
 .got           0x0000000000123000        0x0 binaries/start.o

.got.plt        0x0000000000123000        0xc
 .got.plt       0x0000000000123000        0xc binaries/start.o
                0x0000000000123000                _GLOBAL_OFFSET_TABLE_

.igot.plt       0x000000000012300c        0x0
 .igot.plt      0x000000000012300c        0x0 binaries/start.o

.bss            0x0000000000123020    0x1ffe0